2026-06-15T09:00:00 INFO 200 GET /api/leaderboard/global?limit=100 rt=38ms
2026-06-15T09:00:00 INFO 200 GET /api/leaderboard/global?limit=100 rt=10ms
2026-06-15T09:00:00 INFO 200 GET /api/health rt=11ms
2026-06-15T09:00:00 INFO 200 GET /api/leaderboard/global?limit=100 rt=18ms
2026-06-15T09:00:00 INFO 200 GET /api/leaderboard/global?limit=100 rt=14ms
2026-06-15T09:00:00 INFO 200 GET /api/leaderboard/global?limit=100 rt=22ms
2026-06-15T09:00:01 INFO 200 GET /api/leaderboard/global?limit=100 rt=25ms
2026-06-15T09:00:01 INFO 200 GET /api/categories rt=6ms
2026-06-15T09:00:01 INFO 200 GET /api/leaderboard/global?limit=100 rt=15ms
2026-06-15T09:00:01 INFO 200 GET /api/health rt=37ms
2026-06-15T09:00:02 INFO 200 GET /api/leaderboard/global?limit=100 rt=19ms
2026-06-15T09:00:02 INFO 200 GET /api/health rt=20ms
2026-06-15T09:00:02 INFO 200 GET /api/leaderboard/global?limit=100 rt=58ms
2026-06-15T09:00:02 INFO 200 GET /api/leaderboard/global?limit=100 rt=14ms
2026-06-15T09:00:02 INFO 200 GET /api/leaderboard/global?limit=100 rt=52ms
2026-06-15T09:00:02 INFO 200 GET /api/leaderboard/global?limit=100 rt=16ms
2026-06-15T09:00:02 INFO 200 GET /api/leaderboard/global?limit=100 rt=32ms
2026-06-15T09:00:02 INFO 200 GET /api/categories rt=25ms
2026-06-15T09:00:02 INFO 200 GET /api/leaderboard/global?limit=100 rt=18ms
2026-06-15T09:00:02 INFO 200 GET /api/health rt=42ms
2026-06-15T09:00:02 INFO 404 GET /api/unknown rt=9ms
2026-06-15T09:00:02 INFO 404 GET /api/unknown rt=4ms
2026-06-15T09:00:02 INFO 200 GET /api/leaderboard/global?limit=100 rt=19ms
2026-06-15T09:00:02 INFO 200 GET /api/categories rt=20ms
2026-06-15T09:00:02 INFO 200 GET /api/leaderboard/global?limit=100 rt=28ms
2026-06-15T09:00:02 INFO 200 GET /api/categories rt=34ms
2026-06-15T09:00:02 INFO 200 GET /api/leaderboard/global?limit=100 rt=20ms
2026-06-15T09:00:02 INFO 200 GET /api/categories rt=11ms
2026-06-15T09:00:03 INFO 200 GET /api/leaderboard/global?limit=100 rt=28ms
2026-06-15T09:00:03 INFO 200 GET /api/categories rt=20ms
2026-06-15T09:00:03 INFO 404 GET /api/unknown rt=8ms
2026-06-15T09:00:03 INFO 404 GET /api/unknown rt=5ms
2026-06-15T09:00:03 INFO 200 GET /api/leaderboard/global?limit=100 rt=36ms
2026-06-15T09:00:03 INFO 200 GET /api/categories rt=10ms
2026-06-15T09:00:03 INFO 404 GET /api/unknown rt=8ms
2026-06-15T09:00:03 INFO 200 GET /api/categories rt=24ms
2026-06-15T09:00:03 INFO 200 GET /api/leaderboard/global?limit=100 rt=84ms
2026-06-15T09:00:03 INFO 200 GET /api/leaderboard/global?limit=100 rt=36ms
2026-06-15T09:00:03 INFO 200 GET /api/leaderboard/global?limit=100 rt=41ms
2026-06-15T09:00:03 INFO 200 GET /api/leaderboard/global?limit=100 rt=20ms
2026-06-15T09:00:03 INFO 200 GET /api/leaderboard/global?limit=100 rt=26ms
2026-06-15T09:00:03 INFO 200 GET /api/leaderboard/global?limit=100 rt=65ms
2026-06-15T09:00:03 INFO 200 GET /api/leaderboard/global?limit=100 rt=27ms
2026-06-15T09:00:03 INFO 200 GET /api/leaderboard/global?limit=100 rt=38ms
2026-06-15T09:00:03 INFO 200 GET /api/categories rt=40ms
2026-06-15T09:00:04 INFO 200 GET /api/leaderboard/global?limit=100 rt=32ms
2026-06-15T09:00:04 INFO 200 GET /api/categories rt=29ms
2026-06-15T09:00:04 INFO 200 GET /api/leaderboard/global?limit=100 rt=52ms
2026-06-15T09:00:04 INFO 200 GET /api/leaderboard/global?limit=100 rt=29ms
2026-06-15T09:00:04 INFO 200 GET /api/leaderboard/global?limit=100 rt=42ms
2026-06-15T09:00:05 INFO 404 GET /api/unknown rt=10ms
2026-06-15T09:00:05 INFO 200 GET /api/leaderboard/global?limit=100 rt=19ms
2026-06-15T09:00:05 INFO 200 GET /api/leaderboard/global?limit=100 rt=35ms
2026-06-15T09:00:05 INFO 200 GET /api/leaderboard/global?limit=100 rt=28ms
2026-06-15T09:00:05 INFO 200 GET /api/leaderboard/global?limit=100 rt=26ms
2026-06-15T09:00:05 INFO 200 GET /api/leaderboard/global?limit=100 rt=82ms
2026-06-15T09:00:05 INFO 200 GET /api/leaderboard/global?limit=100 rt=35ms
2026-06-15T09:00:05 INFO 200 GET /api/leaderboard/global?limit=100 rt=22ms
2026-06-15T09:00:05 INFO 200 GET /api/leaderboard/global?limit=100 rt=90ms
2026-06-15T09:00:05 INFO 200 GET /api/leaderboard/global?limit=100 rt=37ms
2026-06-15T09:00:06 INFO 404 GET /api/unknown rt=6ms
2026-06-15T09:00:06 INFO 200 GET /api/leaderboard/global?limit=100 rt=25ms
2026-06-15T09:00:06 INFO 200 GET /api/leaderboard/global?limit=100 rt=29ms
2026-06-15T09:00:06 INFO 200 GET /api/leaderboard/global?limit=100 rt=35ms
2026-06-15T09:00:06 INFO 404 GET /api/unknown rt=7ms
2026-06-15T09:00:06 INFO 200 GET /api/leaderboard/global?limit=100 rt=41ms
2026-06-15T09:00:06 INFO 200 GET /api/leaderboard/global?limit=100 rt=37ms
2026-06-15T09:00:07 INFO 200 GET /api/leaderboard/global?limit=100 rt=22ms
2026-06-15T09:00:07 INFO 200 GET /api/leaderboard/global?limit=100 rt=50ms
2026-06-15T09:00:07 INFO 200 GET /api/categories rt=25ms
2026-06-15T09:00:07 INFO 200 GET /api/leaderboard/global?limit=100 rt=40ms
2026-06-15T09:00:07 INFO 200 GET /api/categories rt=31ms
2026-06-15T09:00:07 INFO 200 GET /api/leaderboard/global?limit=100 rt=31ms
2026-06-15T09:00:07 INFO 200 GET /api/leaderboard/global?limit=100 rt=57ms
2026-06-15T09:00:07 INFO 200 GET /api/leaderboard/global?limit=100 rt=63ms
2026-06-15T09:00:07 INFO 200 GET /api/health rt=12ms
2026-06-15T09:00:07 INFO 200 GET /api/leaderboard/global?limit=100 rt=21ms
2026-06-15T09:00:07 INFO 200 GET /api/leaderboard/global?limit=100 rt=29ms
2026-06-15T09:00:08 INFO 404 GET /api/unknown rt=8ms
2026-06-15T09:00:08 INFO 200 GET /api/categories rt=32ms
2026-06-15T09:00:08 INFO 200 GET /api/leaderboard/global?limit=100 rt=36ms
2026-06-15T09:00:08 INFO 200 GET /api/leaderboard/global?limit=100 rt=55ms
2026-06-15T09:00:08 INFO 200 GET /api/leaderboard/global?limit=100 rt=19ms
2026-06-15T09:00:08 INFO 404 GET /api/unknown rt=7ms
2026-06-15T09:00:08 INFO 200 GET /api/leaderboard/global?limit=100 rt=38ms
2026-06-15T09:00:08 INFO 200 GET /api/leaderboard/global?limit=100 rt=61ms
2026-06-15T09:00:08 INFO 404 GET /api/unknown rt=18ms
2026-06-15T09:00:08 INFO 200 GET /api/leaderboard/global?limit=100 rt=58ms
2026-06-15T09:00:09 INFO 200 GET /api/leaderboard/global?limit=100 rt=45ms
2026-06-15T09:00:09 INFO 200 GET /api/leaderboard/global?limit=100 rt=32ms
2026-06-15T09:00:09 INFO 200 GET /api/leaderboard/global?limit=100 rt=42ms
2026-06-15T09:00:09 INFO 200 GET /api/leaderboard/global?limit=100 rt=53ms
2026-06-15T09:00:09 INFO 404 GET /api/unknown rt=10ms
2026-06-15T09:00:09 INFO 200 GET /api/leaderboard/global?limit=100 rt=46ms
2026-06-15T09:00:09 INFO 404 GET /api/unknown rt=9ms
2026-06-15T09:00:09 INFO 200 GET /api/health rt=7ms
2026-06-15T09:00:09 INFO 200 GET /api/leaderboard/global?limit=100 rt=46ms
2026-06-15T09:00:09 INFO 200 GET /api/leaderboard/global?limit=100 rt=85ms
2026-06-15T09:00:09 INFO 200 GET /api/leaderboard/global?limit=100 rt=48ms
2026-06-15T09:00:09 INFO 200 GET /api/leaderboard/global?limit=100 rt=58ms
2026-06-15T09:00:10 INFO 404 GET /api/unknown rt=12ms
2026-06-15T09:00:10 INFO 404 GET /api/unknown rt=8ms
2026-06-15T09:00:10 INFO 200 GET /api/leaderboard/global?limit=100 rt=42ms
2026-06-15T09:00:10 INFO 200 GET /api/leaderboard/global?limit=100 rt=60ms
2026-06-15T09:00:10 INFO 200 GET /api/leaderboard/global?limit=100 rt=33ms
2026-06-15T09:00:10 INFO 200 GET /api/categories rt=34ms
2026-06-15T09:00:10 INFO 200 GET /api/leaderboard/global?limit=100 rt=30ms
2026-06-15T09:00:10 INFO 200 GET /api/leaderboard/global?limit=100 rt=42ms
2026-06-15T09:00:10 INFO 200 GET /api/health rt=47ms
2026-06-15T09:00:10 INFO 200 GET /api/health rt=24ms
2026-06-15T09:00:11 INFO 200 GET /api/categories rt=28ms
2026-06-15T09:00:11 INFO 200 GET /api/leaderboard/global?limit=100 rt=32ms
2026-06-15T09:00:11 INFO 200 GET /api/leaderboard/global?limit=100 rt=102ms
2026-06-15T09:00:11 INFO 200 GET /api/leaderboard/global?limit=100 rt=118ms
2026-06-15T09:00:11 INFO 200 GET /api/leaderboard/global?limit=100 rt=71ms
2026-06-15T09:00:11 INFO 200 GET /api/categories rt=10ms
2026-06-15T09:00:11 INFO 200 GET /api/leaderboard/global?limit=100 rt=67ms
2026-06-15T09:00:11 INFO 200 GET /api/leaderboard/global?limit=100 rt=84ms
2026-06-15T09:00:12 INFO 200 GET /api/leaderboard/global?limit=100 rt=75ms
2026-06-15T09:00:12 INFO 404 GET /api/unknown rt=9ms
2026-06-15T09:00:12 INFO 200 GET /api/leaderboard/global?limit=100 rt=69ms
2026-06-15T09:00:12 INFO 200 GET /api/leaderboard/global?limit=100 rt=40ms
2026-06-15T09:00:12 INFO 404 GET /api/unknown rt=10ms
2026-06-15T09:00:12 INFO 200 GET /api/leaderboard/global?limit=100 rt=58ms
2026-06-15T09:00:12 INFO 200 GET /api/categories rt=21ms
2026-06-15T09:00:12 INFO 200 GET /api/leaderboard/global?limit=100 rt=30ms
2026-06-15T09:00:12 INFO 200 GET /api/health rt=19ms
2026-06-15T09:00:12 INFO 200 GET /api/leaderboard/global?limit=100 rt=60ms
2026-06-15T09:00:12 INFO 200 GET /api/health rt=35ms
2026-06-15T09:00:12 INFO 200 GET /api/leaderboard/global?limit=100 rt=52ms
2026-06-15T09:00:12 INFO 404 GET /api/unknown rt=5ms
2026-06-15T09:00:12 INFO 200 GET /api/leaderboard/global?limit=100 rt=79ms
2026-06-15T09:00:13 INFO 200 GET /api/health rt=8ms
2026-06-15T09:00:13 INFO 404 GET /api/unknown rt=4ms
2026-06-15T09:00:13 INFO 200 GET /api/categories rt=15ms
2026-06-15T09:00:13 INFO 200 GET /api/leaderboard/global?limit=100 rt=54ms
2026-06-15T09:00:13 INFO 200 GET /api/leaderboard/global?limit=100 rt=68ms
2026-06-15T09:00:13 INFO 200 GET /api/leaderboard/global?limit=100 rt=108ms
2026-06-15T09:00:13 INFO 200 GET /api/health rt=14ms
2026-06-15T09:00:13 INFO 200 GET /api/leaderboard/global?limit=100 rt=31ms
2026-06-15T09:00:13 INFO 200 GET /api/leaderboard/global?limit=100 rt=46ms
2026-06-15T09:00:14 INFO 200 GET /api/leaderboard/global?limit=100 rt=99ms
2026-06-15T09:00:14 INFO 200 GET /api/leaderboard/global?limit=100 rt=59ms
2026-06-15T09:00:14 INFO 200 GET /api/leaderboard/global?limit=100 rt=78ms
2026-06-15T09:00:14 INFO 200 GET /api/leaderboard/global?limit=100 rt=90ms
2026-06-15T09:00:14 INFO 404 GET /api/unknown rt=23ms
2026-06-15T09:00:14 INFO 200 GET /api/leaderboard/global?limit=100 rt=34ms
2026-06-15T09:00:14 INFO 200 GET /api/leaderboard/global?limit=100 rt=44ms
2026-06-15T09:00:14 INFO 200 GET /api/leaderboard/global?limit=100 rt=48ms
2026-06-15T09:00:14 INFO 200 GET /api/leaderboard/global?limit=100 rt=59ms
2026-06-15T09:00:14 INFO 200 GET /api/categories rt=32ms
2026-06-15T09:00:14 INFO 200 GET /api/leaderboard/global?limit=100 rt=109ms
2026-06-15T09:00:14 INFO 404 GET /api/unknown rt=6ms
2026-06-15T09:00:15 INFO 200 GET /api/leaderboard/global?limit=100 rt=73ms
2026-06-15T09:00:15 INFO 200 GET /api/leaderboard/global?limit=100 rt=63ms
2026-06-15T09:00:15 INFO 200 GET /api/leaderboard/global?limit=100 rt=65ms
2026-06-15T09:00:15 INFO 200 GET /api/leaderboard/global?limit=100 rt=99ms
2026-06-15T09:00:15 INFO 200 GET /api/leaderboard/global?limit=100 rt=82ms
2026-06-15T09:00:15 INFO 200 GET /api/leaderboard/global?limit=100 rt=44ms
2026-06-15T09:00:15 INFO 200 GET /api/categories rt=19ms
2026-06-15T09:00:15 INFO 200 GET /api/leaderboard/global?limit=100 rt=109ms
2026-06-15T09:00:15 INFO 200 GET /api/health rt=20ms
2026-06-15T09:00:15 INFO 200 GET /api/leaderboard/global?limit=100 rt=57ms
2026-06-15T09:00:15 INFO 404 GET /api/unknown rt=12ms
2026-06-15T09:00:15 INFO 200 GET /api/health rt=46ms
2026-06-15T09:00:15 INFO 200 GET /api/leaderboard/global?limit=100 rt=130ms
2026-06-15T09:00:15 INFO 200 GET /api/leaderboard/global?limit=100 rt=17ms
2026-06-15T09:00:15 INFO 404 GET /api/unknown rt=4ms
2026-06-15T09:00:15 INFO 200 GET /api/categories rt=28ms
2026-06-15T09:00:15 INFO 404 GET /api/unknown rt=23ms
2026-06-15T09:00:15 INFO 200 GET /api/categories rt=9ms
2026-06-15T09:00:16 INFO 200 GET /api/leaderboard/global?limit=100 rt=105ms
2026-06-15T09:00:16 INFO 404 GET /api/unknown rt=7ms
2026-06-15T09:00:16 INFO 404 GET /api/unknown rt=17ms
2026-06-15T09:00:16 INFO 200 GET /api/leaderboard/global?limit=100 rt=63ms
2026-06-15T09:00:16 INFO 200 GET /api/health rt=29ms
2026-06-15T09:00:16 INFO 200 GET /api/leaderboard/global?limit=100 rt=68ms
2026-06-15T09:00:17 INFO 200 GET /api/health rt=13ms
2026-06-15T09:00:17 INFO 200 GET /api/categories rt=35ms
2026-06-15T09:00:17 INFO 404 GET /api/unknown rt=9ms
2026-06-15T09:00:17 INFO 200 GET /api/leaderboard/global?limit=100 rt=85ms
2026-06-15T09:00:17 INFO 200 GET /api/health rt=21ms
2026-06-15T09:00:17 INFO 200 GET /api/leaderboard/global?limit=100 rt=106ms
2026-06-15T09:00:17 INFO 200 GET /api/leaderboard/global?limit=100 rt=135ms
2026-06-15T09:00:17 INFO 200 GET /api/leaderboard/global?limit=100 rt=42ms
2026-06-15T09:00:17 INFO 404 GET /api/unknown rt=12ms
2026-06-15T09:00:17 INFO 200 GET /api/leaderboard/global?limit=100 rt=79ms
2026-06-15T09:00:17 INFO 200 GET /api/leaderboard/global?limit=100 rt=99ms
2026-06-15T09:00:17 INFO 200 GET /api/leaderboard/global?limit=100 rt=139ms
2026-06-15T09:00:17 INFO 200 GET /api/categories rt=27ms
2026-06-15T09:00:17 INFO 200 GET /api/leaderboard/global?limit=100 rt=42ms
2026-06-15T09:00:18 INFO 200 GET /api/leaderboard/global?limit=100 rt=81ms
2026-06-15T09:00:18 INFO 404 GET /api/unknown rt=7ms
2026-06-15T09:00:18 INFO 200 GET /api/leaderboard/global?limit=100 rt=63ms
2026-06-15T09:00:18 INFO 200 GET /api/leaderboard/global?limit=100 rt=119ms
2026-06-15T09:00:18 INFO 200 GET /api/leaderboard/global?limit=100 rt=97ms
2026-06-15T09:00:18 INFO 200 GET /api/leaderboard/global?limit=100 rt=138ms
2026-06-15T09:00:18 INFO 404 GET /api/unknown rt=2ms
2026-06-15T09:00:18 INFO 200 GET /api/leaderboard/global?limit=100 rt=108ms
2026-06-15T09:00:18 INFO 404 GET /api/unknown rt=13ms
2026-06-15T09:00:18 INFO 200 GET /api/leaderboard/global?limit=100 rt=65ms
2026-06-15T09:00:18 INFO 200 GET /api/leaderboard/global?limit=100 rt=91ms
2026-06-15T09:00:18 INFO 200 GET /api/health rt=7ms
2026-06-15T09:00:18 INFO 200 GET /api/leaderboard/global?limit=100 rt=65ms
2026-06-15T09:00:19 INFO 200 GET /api/leaderboard/global?limit=100 rt=64ms
2026-06-15T09:00:19 INFO 200 GET /api/categories rt=11ms
2026-06-15T09:00:19 INFO 404 GET /api/unknown rt=4ms
2026-06-15T09:00:19 INFO 200 GET /api/leaderboard/global?limit=100 rt=101ms
2026-06-15T09:00:19 INFO 200 GET /api/leaderboard/global?limit=100 rt=64ms
2026-06-15T09:00:19 INFO 200 GET /api/leaderboard/global?limit=100 rt=66ms
2026-06-15T09:00:19 INFO 200 GET /api/leaderboard/global?limit=100 rt=84ms
2026-06-15T09:00:19 INFO 200 GET /api/leaderboard/global?limit=100 rt=130ms
2026-06-15T09:00:19 INFO 200 GET /api/leaderboard/global?limit=100 rt=82ms
2026-06-15T09:00:20 INFO 200 GET /api/leaderboard/global?limit=100 rt=106ms
2026-06-15T09:00:20 INFO 200 GET /api/leaderboard/global?limit=100 rt=61ms
2026-06-15T09:00:20 INFO 404 GET /api/unknown rt=7ms
2026-06-15T09:00:20 INFO 200 GET /api/leaderboard/global?limit=100 rt=111ms
2026-06-15T09:00:20 INFO 200 GET /api/leaderboard/global?limit=100 rt=85ms
2026-06-15T09:00:20 INFO 200 GET /api/leaderboard/global?limit=100 rt=74ms
2026-06-15T09:00:20 INFO 200 GET /api/leaderboard/global?limit=100 rt=124ms
2026-06-15T09:00:21 INFO 200 GET /api/categories rt=48ms
2026-06-15T09:00:21 INFO 200 GET /api/leaderboard/global?limit=100 rt=119ms
2026-06-15T09:00:21 INFO 200 GET /api/leaderboard/global?limit=100 rt=94ms
2026-06-15T09:00:21 INFO 200 GET /api/leaderboard/global?limit=100 rt=54ms
2026-06-15T09:00:22 INFO 200 GET /api/leaderboard/global?limit=100 rt=100ms
2026-06-15T09:00:22 INFO 200 GET /api/categories rt=15ms
2026-06-15T09:00:22 INFO 200 GET /api/categories rt=23ms
2026-06-15T09:00:22 INFO 200 GET /api/leaderboard/global?limit=100 rt=104ms
2026-06-15T09:00:22 INFO 200 GET /api/leaderboard/global?limit=100 rt=82ms
2026-06-15T09:00:22 INFO 404 GET /api/unknown rt=6ms
2026-06-15T09:00:22 INFO 200 GET /api/leaderboard/global?limit=100 rt=42ms
2026-06-15T09:00:22 INFO 200 GET /api/leaderboard/global?limit=100 rt=115ms
2026-06-15T09:00:22 INFO 200 GET /api/leaderboard/global?limit=100 rt=86ms
2026-06-15T09:00:22 INFO 200 GET /api/leaderboard/global?limit=100 rt=97ms
2026-06-15T09:00:22 INFO 200 GET /api/leaderboard/global?limit=100 rt=79ms
2026-06-15T09:00:22 INFO 200 GET /api/categories rt=12ms
2026-06-15T09:00:22 INFO 200 GET /api/leaderboard/global?limit=100 rt=97ms
2026-06-15T09:00:22 INFO 200 GET /api/leaderboard/global?limit=100 rt=97ms
2026-06-15T09:00:22 INFO 200 GET /api/leaderboard/global?limit=100 rt=97ms
2026-06-15T09:00:23 INFO 200 GET /api/leaderboard/global?limit=100 rt=58ms
2026-06-15T09:00:23 INFO 200 GET /api/leaderboard/global?limit=100 rt=117ms
2026-06-15T09:00:23 INFO 200 GET /api/leaderboard/global?limit=100 rt=68ms
2026-06-15T09:00:23 INFO 200 GET /api/leaderboard/global?limit=100 rt=68ms
2026-06-15T09:00:23 INFO 200 GET /api/leaderboard/global?limit=100 rt=92ms
2026-06-15T09:00:23 INFO 200 GET /api/categories rt=25ms
2026-06-15T09:00:23 INFO 404 GET /api/unknown rt=2ms
2026-06-15T09:00:23 INFO 200 GET /api/health rt=35ms
2026-06-15T09:00:23 INFO 200 GET /api/health rt=31ms
2026-06-15T09:00:23 INFO 200 GET /api/categories rt=44ms
2026-06-15T09:00:24 INFO 200 GET /api/leaderboard/global?limit=100 rt=107ms
2026-06-15T09:00:24 INFO 200 GET /api/leaderboard/global?limit=100 rt=107ms
2026-06-15T09:00:24 INFO 200 GET /api/categories rt=16ms
2026-06-15T09:00:24 INFO 200 GET /api/leaderboard/global?limit=100 rt=136ms
2026-06-15T09:00:24 INFO 200 GET /api/leaderboard/global?limit=100 rt=68ms
2026-06-15T09:00:24 INFO 200 GET /api/categories rt=41ms
2026-06-15T09:00:24 INFO 200 GET /api/leaderboard/global?limit=100 rt=74ms
2026-06-15T09:00:24 INFO 200 GET /api/leaderboard/global?limit=100 rt=92ms
2026-06-15T09:00:25 INFO 200 GET /api/leaderboard/global?limit=100 rt=55ms
2026-06-15T09:00:25 INFO 200 GET /api/categories rt=7ms
2026-06-15T09:00:25 INFO 200 GET /api/leaderboard/global?limit=100 rt=103ms
2026-06-15T09:00:25 INFO 200 GET /api/leaderboard/global?limit=100 rt=79ms
2026-06-15T09:00:25 INFO 200 GET /api/leaderboard/global?limit=100 rt=48ms
2026-06-15T09:00:25 INFO 200 GET /api/leaderboard/global?limit=100 rt=65ms
2026-06-15T09:00:25 INFO 200 GET /api/leaderboard/global?limit=100 rt=132ms
2026-06-15T09:00:25 INFO 200 GET /api/categories rt=17ms
2026-06-15T09:00:26 INFO 200 GET /api/leaderboard/global?limit=100 rt=97ms
2026-06-15T09:00:26 INFO 200 GET /api/categories rt=40ms
2026-06-15T09:00:26 INFO 200 GET /api/leaderboard/global?limit=100 rt=167ms
2026-06-15T09:00:26 INFO 200 GET /api/leaderboard/global?limit=100 rt=54ms
2026-06-15T09:00:26 INFO 200 GET /api/leaderboard/global?limit=100 rt=63ms
2026-06-15T09:00:26 INFO 404 GET /api/unknown rt=7ms
2026-06-15T09:00:26 INFO 200 GET /api/leaderboard/global?limit=100 rt=155ms
2026-06-15T09:00:26 INFO 200 GET /api/leaderboard/global?limit=100 rt=75ms
2026-06-15T09:00:26 INFO 200 GET /api/leaderboard/global?limit=100 rt=163ms
2026-06-15T09:00:27 INFO 200 GET /api/leaderboard/global?limit=100 rt=62ms
2026-06-15T09:00:27 INFO 200 GET /api/leaderboard/global?limit=100 rt=100ms
2026-06-15T09:00:27 INFO 404 GET /api/unknown rt=15ms
2026-06-15T09:00:27 INFO 404 GET /api/unknown rt=4ms
2026-06-15T09:00:27 INFO 200 GET /api/leaderboard/global?limit=100 rt=246ms
2026-06-15T09:00:27 INFO 200 GET /api/health rt=25ms
2026-06-15T09:00:27 INFO 200 GET /api/leaderboard/global?limit=100 rt=121ms
2026-06-15T09:00:27 INFO 200 GET /api/leaderboard/global?limit=100 rt=150ms
2026-06-15T09:00:27 INFO 200 GET /api/categories rt=27ms
2026-06-15T09:00:27 INFO 200 GET /api/leaderboard/global?limit=100 rt=137ms
2026-06-15T09:00:27 INFO 200 GET /api/categories rt=7ms
2026-06-15T09:00:28 INFO 200 GET /api/health rt=11ms
2026-06-15T09:00:28 INFO 200 GET /api/leaderboard/global?limit=100 rt=81ms
2026-06-15T09:00:28 INFO 200 GET /api/leaderboard/global?limit=100 rt=42ms
2026-06-15T09:00:28 INFO 404 GET /api/unknown rt=2ms
2026-06-15T09:00:28 INFO 200 GET /api/leaderboard/global?limit=100 rt=79ms
2026-06-15T09:00:28 INFO 200 GET /api/leaderboard/global?limit=100 rt=152ms
2026-06-15T09:00:28 INFO 200 GET /api/leaderboard/global?limit=100 rt=236ms
2026-06-15T09:00:29 INFO 200 GET /api/leaderboard/global?limit=100 rt=130ms
2026-06-15T09:00:29 INFO 200 GET /api/leaderboard/global?limit=100 rt=136ms
2026-06-15T09:00:29 INFO 200 GET /api/leaderboard/global?limit=100 rt=95ms
2026-06-15T09:00:29 INFO 200 GET /api/leaderboard/global?limit=100 rt=132ms
2026-06-15T09:00:29 INFO 200 GET /api/leaderboard/global?limit=100 rt=108ms
2026-06-15T09:00:29 INFO 200 GET /api/leaderboard/global?limit=100 rt=191ms
2026-06-15T09:00:29 INFO 200 GET /api/leaderboard/global?limit=100 rt=54ms
2026-06-15T09:00:30 INFO 200 GET /api/leaderboard/global?limit=100 rt=141ms
2026-06-15T09:00:30 INFO 200 GET /api/leaderboard/global?limit=100 rt=134ms
2026-06-15T09:00:30 INFO 200 GET /api/leaderboard/global?limit=100 rt=96ms
2026-06-15T09:00:30 INFO 200 GET /api/leaderboard/global?limit=100 rt=90ms
2026-06-15T09:00:30 INFO 200 GET /api/leaderboard/global?limit=100 rt=42ms
2026-06-15T09:00:30 INFO 200 GET /api/leaderboard/global?limit=100 rt=188ms
2026-06-15T09:00:30 INFO 200 GET /api/categories rt=22ms
2026-06-15T09:00:31 INFO 200 GET /api/leaderboard/global?limit=100 rt=108ms
2026-06-15T09:00:31 INFO 200 GET /api/leaderboard/global?limit=100 rt=99ms
2026-06-15T09:00:31 INFO 200 GET /api/leaderboard/global?limit=100 rt=98ms
2026-06-15T09:00:31 INFO 200 GET /api/categories rt=13ms
2026-06-15T09:00:31 INFO 200 GET /api/health rt=24ms
2026-06-15T09:00:31 INFO 200 GET /api/health rt=17ms
2026-06-15T09:00:31 INFO 200 GET /api/leaderboard/global?limit=100 rt=170ms
2026-06-15T09:00:31 INFO 200 GET /api/leaderboard/global?limit=100 rt=194ms
2026-06-15T09:00:31 INFO 200 GET /api/leaderboard/global?limit=100 rt=74ms
2026-06-15T09:00:31 INFO 200 GET /api/categories rt=18ms
2026-06-15T09:00:31 INFO 200 GET /api/leaderboard/global?limit=100 rt=182ms
2026-06-15T09:00:32 INFO 200 GET /api/leaderboard/global?limit=100 rt=219ms
2026-06-15T09:00:32 INFO 200 GET /api/leaderboard/global?limit=100 rt=151ms
2026-06-15T09:00:32 INFO 200 GET /api/leaderboard/global?limit=100 rt=127ms
2026-06-15T09:00:32 INFO 200 GET /api/leaderboard/global?limit=100 rt=173ms
2026-06-15T09:00:32 INFO 200 GET /api/leaderboard/global?limit=100 rt=149ms
2026-06-15T09:00:32 INFO 200 GET /api/leaderboard/global?limit=100 rt=160ms
2026-06-15T09:00:32 INFO 200 GET /api/categories rt=9ms
2026-06-15T09:00:33 INFO 200 GET /api/health rt=22ms
2026-06-15T09:00:33 INFO 200 GET /api/health rt=31ms
2026-06-15T09:00:33 INFO 200 GET /api/leaderboard/global?limit=100 rt=90ms
2026-06-15T09:00:33 INFO 200 GET /api/leaderboard/global?limit=100 rt=209ms
2026-06-15T09:00:33 INFO 404 GET /api/unknown rt=6ms
2026-06-15T09:00:34 INFO 200 GET /api/leaderboard/global?limit=100 rt=254ms
2026-06-15T09:00:34 INFO 200 GET /api/leaderboard/global?limit=100 rt=241ms
2026-06-15T09:00:34 INFO 200 GET /api/leaderboard/global?limit=100 rt=205ms
2026-06-15T09:00:34 INFO 200 GET /api/leaderboard/global?limit=100 rt=171ms
2026-06-15T09:00:34 INFO 404 GET /api/unknown rt=8ms
2026-06-15T09:00:34 INFO 404 GET /api/unknown rt=9ms
2026-06-15T09:00:35 INFO 200 GET /api/leaderboard/global?limit=100 rt=227ms
2026-06-15T09:00:36 INFO 200 GET /api/leaderboard/global?limit=100 rt=63ms
2026-06-15T09:00:36 INFO 200 GET /api/leaderboard/global?limit=100 rt=277ms
2026-06-15T09:00:36 INFO 200 GET /api/leaderboard/global?limit=100 rt=251ms
2026-06-15T09:00:36 INFO 404 GET /api/unknown rt=9ms
2026-06-15T09:00:36 INFO 200 GET /api/leaderboard/global?limit=100 rt=140ms
2026-06-15T09:00:36 INFO 200 GET /api/leaderboard/global?limit=100 rt=115ms
2026-06-15T09:00:36 INFO 200 GET /api/leaderboard/global?limit=100 rt=185ms
2026-06-15T09:00:37 INFO 200 GET /api/leaderboard/global?limit=100 rt=157ms
2026-06-15T09:00:37 INFO 200 GET /api/leaderboard/global?limit=100 rt=351ms
2026-06-15T09:00:37 INFO 200 GET /api/leaderboard/global?limit=100 rt=143ms
2026-06-15T09:00:38 INFO 404 GET /api/unknown rt=16ms
2026-06-15T09:00:38 INFO 200 GET /api/leaderboard/global?limit=100 rt=90ms
2026-06-15T09:00:38 INFO 200 GET /api/leaderboard/global?limit=100 rt=126ms
2026-06-15T09:00:38 INFO 200 GET /api/leaderboard/global?limit=100 rt=121ms
2026-06-15T09:00:38 INFO 200 GET /api/categories rt=19ms
2026-06-15T09:00:38 INFO 200 GET /api/leaderboard/global?limit=100 rt=161ms
2026-06-15T09:00:39 INFO 200 GET /api/health rt=34ms
2026-06-15T09:00:39 INFO 200 GET /api/leaderboard/global?limit=100 rt=237ms
2026-06-15T09:00:39 INFO 200 GET /api/leaderboard/global?limit=100 rt=104ms
2026-06-15T09:00:40 INFO 200 GET /api/leaderboard/global?limit=100 rt=117ms
2026-06-15T09:00:40 INFO 200 GET /api/leaderboard/global?limit=100 rt=158ms
2026-06-15T09:00:40 INFO 404 GET /api/unknown rt=15ms
2026-06-15T09:00:41 INFO 200 GET /api/health rt=6ms
2026-06-15T09:00:41 INFO 200 GET /api/leaderboard/global?limit=100 rt=298ms
2026-06-15T09:00:41 INFO 200 GET /api/leaderboard/global?limit=100 rt=123ms
2026-06-15T09:00:41 INFO 404 GET /api/unknown rt=16ms
2026-06-15T09:00:41 INFO 200 GET /api/leaderboard/global?limit=100 rt=140ms
2026-06-15T09:00:41 INFO 200 GET /api/leaderboard/global?limit=100 rt=147ms
2026-06-15T09:00:42 INFO 200 GET /api/leaderboard/global?limit=100 rt=227ms
2026-06-15T09:00:42 INFO 200 GET /api/leaderboard/global?limit=100 rt=100ms
2026-06-15T09:00:42 INFO 200 GET /api/leaderboard/global?limit=100 rt=202ms
2026-06-15T09:00:44 INFO 200 GET /api/categories rt=21ms
2026-06-15T09:00:45 INFO 200 GET /api/leaderboard/global?limit=100 rt=285ms
2026-06-15T09:00:45 INFO 200 GET /api/leaderboard/global?limit=100 rt=123ms
2026-06-15T09:00:45 INFO 200 GET /api/categories rt=52ms
2026-06-15T09:00:47 INFO 200 GET /api/leaderboard/global?limit=100 rt=107ms
2026-06-15T09:00:47 INFO 200 GET /api/leaderboard/global?limit=100 rt=170ms
2026-06-15T09:00:47 INFO 200 GET /api/leaderboard/global?limit=100 rt=111ms
2026-06-15T09:00:47 INFO 404 GET /api/unknown rt=6ms
2026-06-15T09:00:47 INFO 200 GET /api/leaderboard/global?limit=100 rt=165ms
2026-06-15T09:00:48 INFO 200 GET /api/leaderboard/global?limit=100 rt=144ms
2026-06-15T09:00:48 INFO 200 GET /api/leaderboard/global?limit=100 rt=80ms
2026-06-15T09:00:48 INFO 200 GET /api/leaderboard/global?limit=100 rt=75ms
2026-06-15T09:00:48 INFO 200 GET /api/leaderboard/global?limit=100 rt=239ms
2026-06-15T09:00:49 INFO 200 GET /api/leaderboard/global?limit=100 rt=115ms
2026-06-15T09:00:49 INFO 200 GET /api/leaderboard/global?limit=100 rt=211ms
2026-06-15T09:00:49 INFO 404 GET /api/unknown rt=5ms
2026-06-15T09:00:49 INFO 200 GET /api/leaderboard/global?limit=100 rt=179ms
2026-06-15T09:00:49 INFO 200 GET /api/leaderboard/global?limit=100 rt=278ms
2026-06-15T09:00:49 INFO 200 GET /api/leaderboard/global?limit=100 rt=181ms
2026-06-15T09:00:50 INFO 200 GET /api/categories rt=7ms
2026-06-15T09:00:50 INFO 200 GET /api/leaderboard/global?limit=100 rt=193ms
2026-06-15T09:00:50 INFO 200 GET /api/leaderboard/global?limit=100 rt=173ms
2026-06-15T09:00:50 INFO 200 GET /api/leaderboard/global?limit=100 rt=115ms
2026-06-15T09:00:51 INFO 200 GET /api/health rt=33ms
2026-06-15T09:00:51 INFO 200 GET /api/leaderboard/global?limit=100 rt=281ms
2026-06-15T09:00:51 INFO 200 GET /api/leaderboard/global?limit=100 rt=99ms
2026-06-15T09:00:51 INFO 200 GET /api/health rt=15ms
2026-06-15T09:00:51 INFO 200 GET /api/leaderboard/global?limit=100 rt=252ms
2026-06-15T09:00:51 INFO 200 GET /api/leaderboard/global?limit=100 rt=173ms
2026-06-15T09:00:51 INFO 200 GET /api/leaderboard/global?limit=100 rt=263ms
2026-06-15T09:00:51 INFO 200 GET /api/leaderboard/global?limit=100 rt=162ms
2026-06-15T09:00:51 INFO 200 GET /api/leaderboard/global?limit=100 rt=204ms
2026-06-15T09:00:51 INFO 200 GET /api/categories rt=25ms
2026-06-15T09:00:51 INFO 200 GET /api/leaderboard/global?limit=100 rt=197ms
2026-06-15T09:00:51 INFO 200 GET /api/categories rt=9ms
2026-06-15T09:00:51 INFO 200 GET /api/leaderboard/global?limit=100 rt=94ms
2026-06-15T09:00:51 INFO 200 GET /api/leaderboard/global?limit=100 rt=144ms
2026-06-15T09:00:51 INFO 200 GET /api/leaderboard/global?limit=100 rt=126ms
2026-06-15T09:00:51 INFO 200 GET /api/leaderboard/global?limit=100 rt=183ms
2026-06-15T09:00:51 INFO 200 GET /api/leaderboard/global?limit=100 rt=82ms
2026-06-15T09:00:51 INFO 404 GET /api/unknown rt=5ms
2026-06-15T09:00:51 INFO 200 GET /api/leaderboard/global?limit=100 rt=172ms
2026-06-15T09:00:52 INFO 200 GET /api/health rt=68ms
2026-06-15T09:00:52 INFO 200 GET /api/leaderboard/global?limit=100 rt=202ms
2026-06-15T09:00:53 INFO 200 GET /api/health rt=24ms
2026-06-15T09:00:53 INFO 200 GET /api/leaderboard/global?limit=100 rt=179ms
2026-06-15T09:00:53 INFO 200 GET /api/leaderboard/global?limit=100 rt=156ms
2026-06-15T09:00:53 INFO 200 GET /api/leaderboard/global?limit=100 rt=194ms
2026-06-15T09:00:54 INFO 200 GET /api/categories rt=6ms
2026-06-15T09:00:54 INFO 200 GET /api/leaderboard/global?limit=100 rt=142ms
2026-06-15T09:00:54 INFO 200 GET /api/leaderboard/global?limit=100 rt=164ms
2026-06-15T09:00:55 INFO 200 GET /api/leaderboard/global?limit=100 rt=220ms
2026-06-15T09:00:55 INFO 200 GET /api/leaderboard/global?limit=100 rt=315ms
2026-06-15T09:00:55 INFO 404 GET /api/unknown rt=4ms
2026-06-15T09:00:55 INFO 200 GET /api/health rt=13ms
2026-06-15T09:00:55 INFO 200 GET /api/leaderboard/global?limit=100 rt=174ms
2026-06-15T09:00:55 INFO 200 GET /api/leaderboard/global?limit=100 rt=175ms
2026-06-15T09:00:56 INFO 200 GET /api/leaderboard/global?limit=100 rt=241ms
2026-06-15T09:00:56 INFO 200 GET /api/leaderboard/global?limit=100 rt=147ms
2026-06-15T09:00:56 INFO 404 GET /api/unknown rt=4ms
2026-06-15T09:00:56 INFO 200 GET /api/leaderboard/global?limit=100 rt=176ms
2026-06-15T09:00:56 INFO 200 GET /api/leaderboard/global?limit=100 rt=97ms
2026-06-15T09:00:56 INFO 404 GET /api/unknown rt=5ms
2026-06-15T09:00:57 INFO 200 GET /api/leaderboard/global?limit=100 rt=206ms
2026-06-15T09:00:57 INFO 200 GET /api/leaderboard/global?limit=100 rt=215ms
2026-06-15T09:00:57 INFO 200 GET /api/health rt=24ms
2026-06-15T09:00:57 INFO 200 GET /api/categories rt=49ms
2026-06-15T09:00:57 INFO 200 GET /api/leaderboard/global?limit=100 rt=237ms
2026-06-15T09:00:57 INFO 200 GET /api/leaderboard/global?limit=100 rt=179ms
2026-06-15T09:00:57 INFO 200 GET /api/leaderboard/global?limit=100 rt=232ms
2026-06-15T09:00:57 INFO 200 GET /api/leaderboard/global?limit=100 rt=155ms
2026-06-15T09:00:57 INFO 404 GET /api/unknown rt=3ms
2026-06-15T09:00:57 INFO 200 GET /api/leaderboard/global?limit=100 rt=198ms
2026-06-15T09:00:58 INFO 200 GET /api/leaderboard/global?limit=100 rt=195ms
2026-06-15T09:00:58 INFO 200 GET /api/leaderboard/global?limit=100 rt=113ms
2026-06-15T09:00:58 INFO 200 GET /api/leaderboard/global?limit=100 rt=228ms
2026-06-15T09:00:58 INFO 404 GET /api/unknown rt=2ms
2026-06-15T09:00:58 INFO 200 GET /api/categories rt=52ms
2026-06-15T09:00:58 INFO 404 GET /api/unknown rt=5ms
2026-06-15T09:00:58 INFO 200 GET /api/leaderboard/global?limit=100 rt=142ms
2026-06-15T09:00:59 INFO 404 GET /api/unknown rt=9ms
2026-06-15T09:00:59 INFO 200 GET /api/categories rt=25ms
2026-06-15T09:00:59 INFO 404 GET /api/unknown rt=5ms
2026-06-15T09:00:59 INFO 200 GET /api/leaderboard/global?limit=100 rt=50ms
2026-06-15T09:00:59 INFO 200 GET /api/leaderboard/global?limit=100 rt=477ms
2026-06-15T09:01:00 INFO 200 GET /api/categories rt=17ms
2026-06-15T09:01:00 INFO 200 GET /api/leaderboard/global?limit=100 rt=142ms
2026-06-15T09:01:00 INFO 200 GET /api/health rt=12ms
2026-06-15T09:01:01 INFO 200 GET /api/categories rt=17ms
2026-06-15T09:01:01 INFO 200 GET /api/leaderboard/global?limit=100 rt=406ms
2026-06-15T09:01:01 INFO 200 GET /api/leaderboard/global?limit=100 rt=55ms
2026-06-15T09:01:01 INFO 404 GET /api/unknown rt=4ms
2026-06-15T09:01:01 INFO 200 GET /api/leaderboard/global?limit=100 rt=359ms
2026-06-15T09:01:01 INFO 200 GET /api/leaderboard/global?limit=100 rt=215ms
2026-06-15T09:01:01 INFO 200 GET /api/leaderboard/global?limit=100 rt=135ms
2026-06-15T09:01:01 INFO 404 GET /api/unknown rt=8ms
2026-06-15T09:01:01 INFO 200 GET /api/leaderboard/global?limit=100 rt=177ms
2026-06-15T09:01:02 INFO 200 GET /api/leaderboard/global?limit=100 rt=115ms
2026-06-15T09:01:02 INFO 200 GET /api/categories rt=29ms
2026-06-15T09:01:02 INFO 200 GET /api/leaderboard/global?limit=100 rt=258ms
2026-06-15T09:01:02 INFO 200 GET /api/categories rt=28ms
2026-06-15T09:01:02 INFO 200 GET /api/leaderboard/global?limit=100 rt=310ms
2026-06-15T09:01:02 INFO 200 GET /api/leaderboard/global?limit=100 rt=318ms
2026-06-15T09:01:02 INFO 200 GET /api/leaderboard/global?limit=100 rt=232ms
2026-06-15T09:01:03 INFO 200 GET /api/leaderboard/global?limit=100 rt=201ms
2026-06-15T09:01:03 INFO 200 GET /api/leaderboard/global?limit=100 rt=102ms
2026-06-15T09:01:03 INFO 200 GET /api/leaderboard/global?limit=100 rt=268ms
2026-06-15T09:01:03 INFO 200 GET /api/health rt=10ms
2026-06-15T09:01:03 INFO 200 GET /api/leaderboard/global?limit=100 rt=596ms
2026-06-15T09:01:03 INFO 200 GET /api/leaderboard/global?limit=100 rt=388ms
2026-06-15T09:01:03 INFO 200 GET /api/leaderboard/global?limit=100 rt=164ms
2026-06-15T09:01:04 INFO 200 GET /api/leaderboard/global?limit=100 rt=219ms
2026-06-15T09:01:04 INFO 200 GET /api/leaderboard/global?limit=100 rt=295ms
2026-06-15T09:01:04 INFO 200 GET /api/health rt=17ms
2026-06-15T09:01:05 INFO 200 GET /api/health rt=35ms
2026-06-15T09:01:05 INFO 200 GET /api/leaderboard/global?limit=100 rt=247ms
2026-06-15T09:01:05 INFO 200 GET /api/leaderboard/global?limit=100 rt=228ms
2026-06-15T09:01:05 INFO 404 GET /api/unknown rt=4ms
2026-06-15T09:01:05 INFO 200 GET /api/leaderboard/global?limit=100 rt=87ms
2026-06-15T09:01:05 INFO 404 GET /api/unknown rt=7ms
2026-06-15T09:01:05 INFO 200 GET /api/leaderboard/global?limit=100 rt=261ms
2026-06-15T09:01:06 INFO 200 GET /api/categories rt=35ms
2026-06-15T09:01:06 INFO 200 GET /api/leaderboard/global?limit=100 rt=228ms
2026-06-15T09:01:06 INFO 200 GET /api/leaderboard/global?limit=100 rt=247ms
2026-06-15T09:01:06 INFO 200 GET /api/health rt=12ms
2026-06-15T09:01:06 INFO 200 GET /api/categories rt=22ms
2026-06-15T09:01:06 INFO 200 GET /api/health rt=23ms
2026-06-15T09:01:06 INFO 200 GET /api/leaderboard/global?limit=100 rt=375ms
2026-06-15T09:01:06 INFO 200 GET /api/leaderboard/global?limit=100 rt=159ms
2026-06-15T09:01:06 INFO 200 GET /api/leaderboard/global?limit=100 rt=315ms
2026-06-15T09:01:06 INFO 200 GET /api/leaderboard/global?limit=100 rt=457ms
2026-06-15T09:01:06 INFO 200 GET /api/leaderboard/global?limit=100 rt=111ms
2026-06-15T09:01:06 INFO 200 GET /api/categories rt=19ms
2026-06-15T09:01:06 INFO 200 GET /api/leaderboard/global?limit=100 rt=155ms
2026-06-15T09:01:06 INFO 200 GET /api/leaderboard/global?limit=100 rt=166ms
2026-06-15T09:01:06 INFO 200 GET /api/leaderboard/global?limit=100 rt=381ms
2026-06-15T09:01:07 INFO 200 GET /api/leaderboard/global?limit=100 rt=277ms
2026-06-15T09:01:07 INFO 200 GET /api/leaderboard/global?limit=100 rt=204ms
2026-06-15T09:01:07 INFO 200 GET /api/categories rt=33ms
2026-06-15T09:01:07 INFO 200 GET /api/health rt=28ms
2026-06-15T09:01:07 INFO 200 GET /api/leaderboard/global?limit=100 rt=101ms
2026-06-15T09:01:07 INFO 200 GET /api/leaderboard/global?limit=100 rt=410ms
2026-06-15T09:01:07 INFO 404 GET /api/unknown rt=6ms
2026-06-15T09:01:07 INFO 200 GET /api/leaderboard/global?limit=100 rt=184ms
2026-06-15T09:01:07 INFO 200 GET /api/leaderboard/global?limit=100 rt=181ms
2026-06-15T09:01:07 INFO 200 GET /api/leaderboard/global?limit=100 rt=247ms
2026-06-15T09:01:07 INFO 200 GET /api/leaderboard/global?limit=100 rt=298ms
2026-06-15T09:01:07 INFO 200 GET /api/leaderboard/global?limit=100 rt=468ms
2026-06-15T09:01:08 INFO 404 GET /api/unknown rt=4ms
2026-06-15T09:01:08 INFO 200 GET /api/leaderboard/global?limit=100 rt=122ms
2026-06-15T09:01:08 INFO 200 GET /api/leaderboard/global?limit=100 rt=346ms
2026-06-15T09:01:08 INFO 200 GET /api/leaderboard/global?limit=100 rt=241ms
2026-06-15T09:01:08 INFO 200 GET /api/health rt=26ms
2026-06-15T09:01:08 INFO 404 GET /api/unknown rt=10ms
2026-06-15T09:01:08 INFO 200 GET /api/leaderboard/global?limit=100 rt=113ms
2026-06-15T09:01:08 INFO 200 GET /api/leaderboard/global?limit=100 rt=319ms
2026-06-15T09:01:09 INFO 200 GET /api/leaderboard/global?limit=100 rt=330ms
2026-06-15T09:01:09 INFO 200 GET /api/leaderboard/global?limit=100 rt=266ms
2026-06-15T09:01:09 INFO 200 GET /api/leaderboard/global?limit=100 rt=248ms
2026-06-15T09:01:09 INFO 200 GET /api/leaderboard/global?limit=100 rt=273ms
2026-06-15T09:01:09 INFO 200 GET /api/categories rt=10ms
2026-06-15T09:01:10 INFO 200 GET /api/leaderboard/global?limit=100 rt=323ms
2026-06-15T09:01:10 INFO 404 GET /api/unknown rt=10ms
2026-06-15T09:01:10 INFO 200 GET /api/leaderboard/global?limit=100 rt=436ms
2026-06-15T09:01:10 INFO 200 GET /api/leaderboard/global?limit=100 rt=256ms
2026-06-15T09:01:10 INFO 200 GET /api/leaderboard/global?limit=100 rt=352ms
2026-06-15T09:01:10 INFO 200 GET /api/leaderboard/global?limit=100 rt=312ms
2026-06-15T09:01:10 INFO 200 GET /api/leaderboard/global?limit=100 rt=99ms
2026-06-15T09:01:10 INFO 200 GET /api/leaderboard/global?limit=100 rt=274ms
2026-06-15T09:01:10 INFO 200 GET /api/leaderboard/global?limit=100 rt=193ms
2026-06-15T09:01:11 INFO 200 GET /api/leaderboard/global?limit=100 rt=77ms
2026-06-15T09:01:11 INFO 200 GET /api/leaderboard/global?limit=100 rt=480ms
2026-06-15T09:01:11 INFO 200 GET /api/leaderboard/global?limit=100 rt=369ms
2026-06-15T09:01:11 INFO 200 GET /api/leaderboard/global?limit=100 rt=216ms
2026-06-15T09:01:12 INFO 200 GET /api/leaderboard/global?limit=100 rt=320ms
2026-06-15T09:01:12 INFO 200 GET /api/leaderboard/global?limit=100 rt=157ms
2026-06-15T09:01:12 INFO 200 GET /api/leaderboard/global?limit=100 rt=208ms
2026-06-15T09:01:12 INFO 200 GET /api/leaderboard/global?limit=100 rt=216ms
2026-06-15T09:01:12 INFO 200 GET /api/leaderboard/global?limit=100 rt=376ms
2026-06-15T09:01:12 INFO 200 GET /api/leaderboard/global?limit=100 rt=172ms
2026-06-15T09:01:12 INFO 200 GET /api/leaderboard/global?limit=100 rt=172ms
2026-06-15T09:01:12 INFO 200 GET /api/leaderboard/global?limit=100 rt=312ms
2026-06-15T09:01:12 INFO 200 GET /api/leaderboard/global?limit=100 rt=417ms
2026-06-15T09:01:12 INFO 200 GET /api/leaderboard/global?limit=100 rt=215ms
2026-06-15T09:01:13 INFO 200 GET /api/leaderboard/global?limit=100 rt=305ms
2026-06-15T09:01:13 INFO 200 GET /api/leaderboard/global?limit=100 rt=319ms
2026-06-15T09:01:13 INFO 200 GET /api/leaderboard/global?limit=100 rt=185ms
2026-06-15T09:01:13 INFO 200 GET /api/leaderboard/global?limit=100 rt=102ms
2026-06-15T09:01:13 INFO 200 GET /api/leaderboard/global?limit=100 rt=187ms
2026-06-15T09:01:13 INFO 200 GET /api/leaderboard/global?limit=100 rt=234ms
2026-06-15T09:01:13 INFO 200 GET /api/leaderboard/global?limit=100 rt=214ms
2026-06-15T09:01:13 INFO 200 GET /api/health rt=4ms
2026-06-15T09:01:13 INFO 200 GET /api/leaderboard/global?limit=100 rt=189ms
2026-06-15T09:01:14 INFO 200 GET /api/leaderboard/global?limit=100 rt=140ms
2026-06-15T09:01:14 INFO 200 GET /api/leaderboard/global?limit=100 rt=186ms
2026-06-15T09:01:14 INFO 200 GET /api/leaderboard/global?limit=100 rt=223ms
2026-06-15T09:01:14 INFO 200 GET /api/leaderboard/global?limit=100 rt=487ms
2026-06-15T09:01:14 INFO 200 GET /api/leaderboard/global?limit=100 rt=198ms
2026-06-15T09:01:14 INFO 200 GET /api/leaderboard/global?limit=100 rt=310ms
2026-06-15T09:01:14 INFO 200 GET /api/leaderboard/global?limit=100 rt=292ms
2026-06-15T09:01:14 INFO 200 GET /api/categories rt=24ms
2026-06-15T09:01:14 INFO 200 GET /api/leaderboard/global?limit=100 rt=217ms
2026-06-15T09:01:14 INFO 200 GET /api/leaderboard/global?limit=100 rt=207ms
2026-06-15T09:01:14 INFO 200 GET /api/categories rt=34ms
2026-06-15T09:01:14 INFO 404 GET /api/unknown rt=13ms
2026-06-15T09:01:14 INFO 200 GET /api/leaderboard/global?limit=100 rt=184ms
2026-06-15T09:01:15 INFO 200 GET /api/health rt=13ms
2026-06-15T09:01:15 INFO 200 GET /api/leaderboard/global?limit=100 rt=353ms
2026-06-15T09:01:15 INFO 200 GET /api/leaderboard/global?limit=100 rt=529ms
2026-06-15T09:01:15 INFO 404 GET /api/unknown rt=8ms
2026-06-15T09:01:15 INFO 200 GET /api/leaderboard/global?limit=100 rt=514ms
2026-06-15T09:01:15 INFO 200 GET /api/leaderboard/global?limit=100 rt=139ms
2026-06-15T09:01:15 INFO 404 GET /api/unknown rt=10ms
2026-06-15T09:01:15 INFO 200 GET /api/leaderboard/global?limit=100 rt=365ms
2026-06-15T09:01:16 INFO 200 GET /api/leaderboard/global?limit=100 rt=234ms
2026-06-15T09:01:16 INFO 200 GET /api/leaderboard/global?limit=100 rt=1037ms
2026-06-15T09:01:16 INFO 200 GET /api/leaderboard/global?limit=100 rt=695ms
2026-06-15T09:01:16 INFO 200 GET /api/leaderboard/global?limit=100 rt=244ms
2026-06-15T09:01:16 INFO 200 GET /api/leaderboard/global?limit=100 rt=244ms
2026-06-15T09:01:16 INFO 200 GET /api/leaderboard/global?limit=100 rt=596ms
2026-06-15T09:01:16 INFO 200 GET /api/health rt=18ms
2026-06-15T09:01:16 INFO 200 GET /api/leaderboard/global?limit=100 rt=270ms
2026-06-15T09:01:16 INFO 200 GET /api/leaderboard/global?limit=100 rt=411ms
2026-06-15T09:01:16 INFO 404 GET /api/unknown rt=9ms
2026-06-15T09:01:16 INFO 200 GET /api/leaderboard/global?limit=100 rt=227ms
2026-06-15T09:01:16 INFO 404 GET /api/unknown rt=18ms
2026-06-15T09:01:16 INFO 200 GET /api/health rt=10ms
2026-06-15T09:01:16 INFO 200 GET /api/leaderboard/global?limit=100 rt=196ms
2026-06-15T09:01:16 INFO 200 GET /api/leaderboard/global?limit=100 rt=295ms
2026-06-15T09:01:16 INFO 200 GET /api/leaderboard/global?limit=100 rt=304ms
2026-06-15T09:01:16 INFO 200 GET /api/categories rt=19ms
2026-06-15T09:01:16 INFO 200 GET /api/leaderboard/global?limit=100 rt=130ms
2026-06-15T09:01:17 INFO 200 GET /api/leaderboard/global?limit=100 rt=355ms
2026-06-15T09:01:17 INFO 200 GET /api/categories rt=23ms
2026-06-15T09:01:17 INFO 200 GET /api/health rt=10ms
2026-06-15T09:01:17 INFO 200 GET /api/leaderboard/global?limit=100 rt=465ms
2026-06-15T09:01:17 INFO 200 GET /api/categories rt=21ms
2026-06-15T09:01:17 INFO 200 GET /api/health rt=28ms
2026-06-15T09:01:17 INFO 200 GET /api/leaderboard/global?limit=100 rt=442ms
2026-06-15T09:01:18 INFO 200 GET /api/leaderboard/global?limit=100 rt=185ms
2026-06-15T09:01:18 INFO 404 GET /api/unknown rt=4ms
2026-06-15T09:01:18 INFO 404 GET /api/unknown rt=17ms
2026-06-15T09:01:18 INFO 200 GET /api/health rt=10ms
2026-06-15T09:01:18 INFO 404 GET /api/unknown rt=8ms
2026-06-15T09:01:18 INFO 200 GET /api/leaderboard/global?limit=100 rt=207ms
2026-06-15T09:01:18 INFO 200 GET /api/leaderboard/global?limit=100 rt=292ms
2026-06-15T09:01:18 INFO 200 GET /api/leaderboard/global?limit=100 rt=336ms
2026-06-15T09:01:18 INFO 200 GET /api/leaderboard/global?limit=100 rt=264ms
2026-06-15T09:01:19 INFO 200 GET /api/leaderboard/global?limit=100 rt=333ms
2026-06-15T09:01:19 INFO 200 GET /api/leaderboard/global?limit=100 rt=372ms
2026-06-15T09:01:19 INFO 200 GET /api/categories rt=27ms
2026-06-15T09:01:19 INFO 200 GET /api/leaderboard/global?limit=100 rt=189ms
2026-06-15T09:01:19 INFO 200 GET /api/categories rt=13ms
2026-06-15T09:01:19 INFO 200 GET /api/health rt=16ms
2026-06-15T09:01:19 INFO 200 GET /api/leaderboard/global?limit=100 rt=340ms
2026-06-15T09:01:19 INFO 200 GET /api/leaderboard/global?limit=100 rt=389ms
2026-06-15T09:01:19 INFO 200 GET /api/health rt=26ms
2026-06-15T09:01:19 INFO 200 GET /api/leaderboard/global?limit=100 rt=331ms
2026-06-15T09:01:19 INFO 404 GET /api/unknown rt=13ms
2026-06-15T09:01:19 INFO 200 GET /api/leaderboard/global?limit=100 rt=106ms
2026-06-15T09:01:19 INFO 404 GET /api/unknown rt=4ms
2026-06-15T09:01:20 INFO 200 GET /api/categories rt=23ms
2026-06-15T09:01:20 INFO 200 GET /api/leaderboard/global?limit=100 rt=188ms
2026-06-15T09:01:20 INFO 200 GET /api/leaderboard/global?limit=100 rt=311ms
2026-06-15T09:01:20 INFO 200 GET /api/leaderboard/global?limit=100 rt=154ms
2026-06-15T09:01:20 INFO 200 GET /api/leaderboard/global?limit=100 rt=442ms
2026-06-15T09:01:20 INFO 200 GET /api/leaderboard/global?limit=100 rt=162ms
2026-06-15T09:01:20 INFO 200 GET /api/leaderboard/global?limit=100 rt=306ms
2026-06-15T09:01:21 INFO 200 GET /api/leaderboard/global?limit=100 rt=467ms
2026-06-15T09:01:21 INFO 200 GET /api/health rt=16ms
2026-06-15T09:01:21 INFO 200 GET /api/leaderboard/global?limit=100 rt=223ms
2026-06-15T09:01:21 INFO 200 GET /api/leaderboard/global?limit=100 rt=352ms
2026-06-15T09:01:21 INFO 200 GET /api/leaderboard/global?limit=100 rt=300ms
2026-06-15T09:01:21 INFO 200 GET /api/categories rt=16ms
2026-06-15T09:01:22 INFO 404 GET /api/unknown rt=16ms
2026-06-15T09:01:22 INFO 200 GET /api/leaderboard/global?limit=100 rt=150ms
2026-06-15T09:01:22 INFO 200 GET /api/leaderboard/global?limit=100 rt=387ms
2026-06-15T09:01:22 INFO 200 GET /api/leaderboard/global?limit=100 rt=225ms
2026-06-15T09:01:22 INFO 200 GET /api/leaderboard/global?limit=100 rt=536ms
2026-06-15T09:01:22 INFO 200 GET /api/leaderboard/global?limit=100 rt=289ms
2026-06-15T09:01:22 INFO 404 GET /api/unknown rt=9ms
2026-06-15T09:01:22 INFO 200 GET /api/leaderboard/global?limit=100 rt=152ms
2026-06-15T09:01:22 INFO 200 GET /api/leaderboard/global?limit=100 rt=492ms
2026-06-15T09:01:22 INFO 200 GET /api/leaderboard/global?limit=100 rt=358ms
2026-06-15T09:01:22 INFO 200 GET /api/leaderboard/global?limit=100 rt=255ms
2026-06-15T09:01:22 INFO 200 GET /api/leaderboard/global?limit=100 rt=194ms
2026-06-15T09:01:22 INFO 200 GET /api/leaderboard/global?limit=100 rt=300ms
2026-06-15T09:01:22 INFO 200 GET /api/leaderboard/global?limit=100 rt=232ms
2026-06-15T09:01:22 INFO 200 GET /api/leaderboard/global?limit=100 rt=514ms
2026-06-15T09:01:22 INFO 200 GET /api/leaderboard/global?limit=100 rt=467ms
2026-06-15T09:01:22 INFO 200 GET /api/leaderboard/global?limit=100 rt=376ms
2026-06-15T09:01:22 INFO 200 GET /api/categories rt=30ms
2026-06-15T09:01:22 INFO 200 GET /api/categories rt=64ms
2026-06-15T09:01:22 INFO 200 GET /api/leaderboard/global?limit=100 rt=233ms
2026-06-15T09:01:22 INFO 200 GET /api/leaderboard/global?limit=100 rt=535ms
2026-06-15T09:01:22 INFO 200 GET /api/leaderboard/global?limit=100 rt=760ms
2026-06-15T09:01:22 INFO 200 GET /api/leaderboard/global?limit=100 rt=432ms
2026-06-15T09:01:22 INFO 200 GET /api/leaderboard/global?limit=100 rt=420ms
2026-06-15T09:01:22 INFO 200 GET /api/leaderboard/global?limit=100 rt=366ms
2026-06-15T09:01:22 INFO 200 GET /api/leaderboard/global?limit=100 rt=378ms
2026-06-15T09:01:22 INFO 404 GET /api/unknown rt=10ms
2026-06-15T09:01:22 INFO 200 GET /api/leaderboard/global?limit=100 rt=385ms
2026-06-15T09:01:22 INFO 200 GET /api/leaderboard/global?limit=100 rt=293ms
2026-06-15T09:01:22 INFO 200 GET /api/health rt=35ms
2026-06-15T09:01:22 INFO 200 GET /api/leaderboard/global?limit=100 rt=332ms
2026-06-15T09:01:22 INFO 200 GET /api/categories rt=18ms
2026-06-15T09:01:22 INFO 200 GET /api/health rt=15ms
2026-06-15T09:01:22 INFO 200 GET /api/leaderboard/global?limit=100 rt=253ms
2026-06-15T09:01:22 INFO 200 GET /api/leaderboard/global?limit=100 rt=243ms
2026-06-15T09:01:23 INFO 200 GET /api/categories rt=27ms
2026-06-15T09:01:23 INFO 200 GET /api/leaderboard/global?limit=100 rt=596ms
2026-06-15T09:01:23 INFO 200 GET /api/leaderboard/global?limit=100 rt=222ms
2026-06-15T09:01:23 INFO 404 GET /api/unknown rt=12ms
2026-06-15T09:01:23 INFO 200 GET /api/categories rt=17ms
2026-06-15T09:01:23 INFO 200 GET /api/leaderboard/global?limit=100 rt=171ms
2026-06-15T09:01:23 INFO 200 GET /api/leaderboard/global?limit=100 rt=156ms
2026-06-15T09:01:23 INFO 200 GET /api/leaderboard/global?limit=100 rt=371ms
2026-06-15T09:01:23 INFO 200 GET /api/leaderboard/global?limit=100 rt=96ms
2026-06-15T09:01:24 INFO 200 GET /api/leaderboard/global?limit=100 rt=398ms
2026-06-15T09:01:24 INFO 200 GET /api/leaderboard/global?limit=100 rt=133ms
2026-06-15T09:01:24 INFO 200 GET /api/leaderboard/global?limit=100 rt=139ms
2026-06-15T09:01:24 INFO 200 GET /api/leaderboard/global?limit=100 rt=400ms
2026-06-15T09:01:24 INFO 200 GET /api/leaderboard/global?limit=100 rt=444ms
2026-06-15T09:01:24 INFO 200 GET /api/leaderboard/global?limit=100 rt=167ms
2026-06-15T09:01:24 INFO 200 GET /api/leaderboard/global?limit=100 rt=318ms
2026-06-15T09:01:25 INFO 200 GET /api/leaderboard/global?limit=100 rt=334ms
2026-06-15T09:01:25 INFO 200 GET /api/leaderboard/global?limit=100 rt=193ms
2026-06-15T09:01:25 INFO 200 GET /api/leaderboard/global?limit=100 rt=544ms
2026-06-15T09:01:25 INFO 200 GET /api/health rt=22ms
2026-06-15T09:01:25 INFO 200 GET /api/leaderboard/global?limit=100 rt=289ms
2026-06-15T09:01:25 INFO 404 GET /api/unknown rt=1ms
2026-06-15T09:01:25 INFO 200 GET /api/leaderboard/global?limit=100 rt=463ms
2026-06-15T09:01:25 INFO 200 GET /api/categories rt=28ms
2026-06-15T09:01:26 INFO 200 GET /api/leaderboard/global?limit=100 rt=402ms
2026-06-15T09:01:26 INFO 200 GET /api/leaderboard/global?limit=100 rt=483ms
2026-06-15T09:01:26 INFO 200 GET /api/leaderboard/global?limit=100 rt=445ms
2026-06-15T09:01:26 INFO 200 GET /api/leaderboard/global?limit=100 rt=108ms
2026-06-15T09:01:26 INFO 200 GET /api/leaderboard/global?limit=100 rt=270ms
2026-06-15T09:01:26 INFO 200 GET /api/leaderboard/global?limit=100 rt=235ms
2026-06-15T09:01:26 INFO 404 GET /api/unknown rt=15ms
2026-06-15T09:01:26 INFO 200 GET /api/leaderboard/global?limit=100 rt=192ms
2026-06-15T09:01:26 INFO 200 GET /api/leaderboard/global?limit=100 rt=247ms
2026-06-15T09:01:26 INFO 404 GET /api/unknown rt=23ms
2026-06-15T09:01:26 INFO 200 GET /api/health rt=24ms
2026-06-15T09:01:26 INFO 200 GET /api/health rt=24ms
2026-06-15T09:01:26 INFO 200 GET /api/leaderboard/global?limit=100 rt=768ms
2026-06-15T09:01:27 INFO 200 GET /api/leaderboard/global?limit=100 rt=99ms
2026-06-15T09:01:27 INFO 200 GET /api/categories rt=12ms
2026-06-15T09:01:27 INFO 200 GET /api/leaderboard/global?limit=100 rt=220ms
2026-06-15T09:01:27 INFO 200 GET /api/leaderboard/global?limit=100 rt=1213ms
2026-06-15T09:01:27 INFO 200 GET /api/health rt=23ms
2026-06-15T09:01:27 INFO 200 GET /api/leaderboard/global?limit=100 rt=347ms
2026-06-15T09:01:27 INFO 200 GET /api/leaderboard/global?limit=100 rt=217ms
2026-06-15T09:01:27 INFO 200 GET /api/categories rt=24ms
2026-06-15T09:01:28 INFO 404 GET /api/unknown rt=13ms
2026-06-15T09:01:28 INFO 200 GET /api/leaderboard/global?limit=100 rt=221ms
2026-06-15T09:01:28 INFO 200 GET /api/leaderboard/global?limit=100 rt=141ms
2026-06-15T09:01:29 INFO 200 GET /api/leaderboard/global?limit=100 rt=277ms
2026-06-15T09:01:29 INFO 200 GET /api/leaderboard/global?limit=100 rt=178ms
2026-06-15T09:01:30 INFO 200 GET /api/leaderboard/global?limit=100 rt=279ms
2026-06-15T09:01:30 INFO 404 GET /api/unknown rt=8ms
2026-06-15T09:01:30 INFO 200 GET /api/categories rt=22ms
2026-06-15T09:01:30 INFO 200 GET /api/categories rt=14ms
2026-06-15T09:01:30 INFO 200 GET /api/leaderboard/global?limit=100 rt=640ms
2026-06-15T09:01:30 INFO 200 GET /api/categories rt=36ms
2026-06-15T09:01:30 INFO 200 GET /api/leaderboard/global?limit=100 rt=632ms
2026-06-15T09:01:30 INFO 200 GET /api/categories rt=12ms
2026-06-15T09:01:30 INFO 404 GET /api/unknown rt=14ms
2026-06-15T09:01:31 INFO 200 GET /api/leaderboard/global?limit=100 rt=393ms
2026-06-15T09:01:31 INFO 200 GET /api/leaderboard/global?limit=100 rt=232ms
2026-06-15T09:01:31 INFO 200 GET /api/health rt=15ms
2026-06-15T09:01:32 INFO 200 GET /api/leaderboard/global?limit=100 rt=467ms
2026-06-15T09:01:32 INFO 200 GET /api/leaderboard/global?limit=100 rt=336ms
2026-06-15T09:01:32 INFO 200 GET /api/leaderboard/global?limit=100 rt=227ms
2026-06-15T09:01:32 INFO 200 GET /api/leaderboard/global?limit=100 rt=486ms
2026-06-15T09:01:32 INFO 200 GET /api/leaderboard/global?limit=100 rt=380ms
2026-06-15T09:01:32 INFO 200 GET /api/leaderboard/global?limit=100 rt=301ms
2026-06-15T09:01:32 INFO 200 GET /api/categories rt=42ms
2026-06-15T09:01:32 INFO 200 GET /api/leaderboard/global?limit=100 rt=531ms
2026-06-15T09:01:33 INFO 200 GET /api/leaderboard/global?limit=100 rt=295ms
2026-06-15T09:01:34 INFO 200 GET /api/leaderboard/global?limit=100 rt=475ms
2026-06-15T09:01:34 INFO 200 GET /api/leaderboard/global?limit=100 rt=191ms
2026-06-15T09:01:34 INFO 404 GET /api/unknown rt=4ms
2026-06-15T09:01:34 INFO 200 GET /api/leaderboard/global?limit=100 rt=392ms
2026-06-15T09:01:34 INFO 200 GET /api/leaderboard/global?limit=100 rt=326ms
2026-06-15T09:01:34 INFO 200 GET /api/leaderboard/global?limit=100 rt=571ms
2026-06-15T09:01:34 INFO 200 GET /api/health rt=12ms
2026-06-15T09:01:34 INFO 404 GET /api/unknown rt=13ms
2026-06-15T09:01:35 INFO 200 GET /api/leaderboard/global?limit=100 rt=200ms
2026-06-15T09:01:35 INFO 200 GET /api/leaderboard/global?limit=100 rt=278ms
2026-06-15T09:01:36 INFO 200 GET /api/leaderboard/global?limit=100 rt=300ms
2026-06-15T09:01:36 INFO 200 GET /api/leaderboard/global?limit=100 rt=753ms
2026-06-15T09:01:36 INFO 200 GET /api/leaderboard/global?limit=100 rt=341ms
2026-06-15T09:01:37 INFO 200 GET /api/leaderboard/global?limit=100 rt=348ms
2026-06-15T09:01:37 INFO 200 GET /api/leaderboard/global?limit=100 rt=200ms
2026-06-15T09:01:37 INFO 200 GET /api/leaderboard/global?limit=100 rt=369ms
2026-06-15T09:01:38 INFO 200 GET /api/leaderboard/global?limit=100 rt=213ms
2026-06-15T09:01:38 INFO 200 GET /api/leaderboard/global?limit=100 rt=321ms
2026-06-15T09:01:38 INFO 200 GET /api/leaderboard/global?limit=100 rt=250ms
2026-06-15T09:01:38 INFO 200 GET /api/leaderboard/global?limit=100 rt=269ms
2026-06-15T09:01:38 INFO 200 GET /api/health rt=36ms
2026-06-15T09:01:38 INFO 200 GET /api/leaderboard/global?limit=100 rt=450ms
2026-06-15T09:01:39 INFO 200 GET /api/health rt=16ms
2026-06-15T09:01:39 INFO 404 GET /api/unknown rt=6ms
2026-06-15T09:01:40 INFO 200 GET /api/leaderboard/global?limit=100 rt=211ms
2026-06-15T09:01:40 INFO 200 GET /api/leaderboard/global?limit=100 rt=199ms
2026-06-15T09:01:40 INFO 200 GET /api/leaderboard/global?limit=100 rt=408ms
2026-06-15T09:01:40 INFO 200 GET /api/leaderboard/global?limit=100 rt=238ms
2026-06-15T09:01:41 INFO 200 GET /api/leaderboard/global?limit=100 rt=240ms
2026-06-15T09:01:41 INFO 200 GET /api/leaderboard/global?limit=100 rt=580ms
2026-06-15T09:01:41 INFO 404 GET /api/unknown rt=16ms
2026-06-15T09:01:41 INFO 200 GET /api/leaderboard/global?limit=100 rt=228ms
2026-06-15T09:01:42 INFO 200 GET /api/leaderboard/global?limit=100 rt=304ms
2026-06-15T09:01:43 INFO 200 GET /api/leaderboard/global?limit=100 rt=382ms
2026-06-15T09:01:43 INFO 200 GET /api/health rt=15ms
2026-06-15T09:01:43 INFO 200 GET /api/categories rt=10ms
2026-06-15T09:01:43 INFO 200 GET /api/leaderboard/global?limit=100 rt=405ms
2026-06-15T09:01:44 INFO 404 GET /api/unknown rt=9ms
2026-06-15T09:01:45 INFO 200 GET /api/leaderboard/global?limit=100 rt=511ms
2026-06-15T09:01:46 INFO 200 GET /api/leaderboard/global?limit=100 rt=188ms
2026-06-15T09:01:47 INFO 200 GET /api/leaderboard/global?limit=100 rt=558ms
2026-06-15T09:01:50 INFO 200 GET /api/leaderboard/global?limit=100 rt=610ms
2026-06-15T09:01:51 INFO 200 GET /api/categories rt=14ms
2026-06-15T09:01:51 INFO 200 GET /api/leaderboard/global?limit=100 rt=215ms
2026-06-15T09:01:51 INFO 200 GET /api/leaderboard/global?limit=100 rt=334ms
2026-06-15T09:01:51 INFO 200 GET /api/health rt=15ms
2026-06-15T09:01:52 INFO 200 GET /api/leaderboard/global?limit=100 rt=636ms
2026-06-15T09:01:52 INFO 404 GET /api/unknown rt=4ms
2026-06-15T09:01:52 INFO 200 GET /api/health rt=33ms
2026-06-15T09:01:53 INFO 200 GET /api/leaderboard/global?limit=100 rt=290ms
2026-06-15T09:01:53 INFO 200 GET /api/leaderboard/global?limit=100 rt=318ms
2026-06-15T09:01:54 INFO 200 GET /api/health rt=14ms
2026-06-15T09:01:54 INFO 200 GET /api/leaderboard/global?limit=100 rt=634ms
2026-06-15T09:01:54 INFO 200 GET /api/leaderboard/global?limit=100 rt=172ms
2026-06-15T09:01:54 INFO 200 GET /api/leaderboard/global?limit=100 rt=680ms
2026-06-15T09:01:54 INFO 200 GET /api/health rt=23ms
2026-06-15T09:01:55 INFO 200 GET /api/categories rt=14ms
2026-06-15T09:01:55 INFO 200 GET /api/health rt=9ms
2026-06-15T09:01:55 INFO 200 GET /api/leaderboard/global?limit=100 rt=394ms
2026-06-15T09:01:55 INFO 404 GET /api/unknown rt=8ms
2026-06-15T09:01:55 INFO 200 GET /api/leaderboard/global?limit=100 rt=1162ms
2026-06-15T09:01:55 INFO 200 GET /api/leaderboard/global?limit=100 rt=426ms
2026-06-15T09:01:56 INFO 404 GET /api/unknown rt=2ms
2026-06-15T09:01:56 INFO 200 GET /api/health rt=21ms
2026-06-15T09:01:56 INFO 200 GET /api/leaderboard/global?limit=100 rt=426ms
2026-06-15T09:01:56 INFO 200 GET /api/health rt=6ms
2026-06-15T09:01:56 INFO 200 GET /api/leaderboard/global?limit=100 rt=649ms
2026-06-15T09:01:57 INFO 200 GET /api/leaderboard/global?limit=100 rt=365ms
2026-06-15T09:01:57 INFO 200 GET /api/leaderboard/global?limit=100 rt=470ms
2026-06-15T09:01:57 INFO 200 GET /api/categories rt=20ms
2026-06-15T09:01:58 INFO 200 GET /api/leaderboard/global?limit=100 rt=300ms
2026-06-15T09:01:58 INFO 404 GET /api/unknown rt=15ms
2026-06-15T09:01:58 ERROR Exception on /api/leaderboard/global?limit=100: TypeError: slice indices must be integers
2026-06-15T09:01:58 ERROR   rows = BOARD[:limit]
2026-06-15T09:01:58 INFO 200 GET /api/leaderboard/global?limit=100 rt=193ms
2026-06-15T09:01:58 INFO 200 GET /api/leaderboard/global?limit=100 rt=438ms
2026-06-15T09:01:59 INFO 200 GET /api/leaderboard/global?limit=100 rt=404ms
2026-06-15T09:01:59 INFO 200 GET /api/categories rt=20ms
2026-06-15T09:01:59 INFO 404 GET /api/unknown rt=6ms
2026-06-15T09:01:59 INFO 200 GET /api/leaderboard/global?limit=100 rt=388ms
