2026-06-15T09:00:00 INFO 200 GET /api/leaderboard/global?limit=100 rt=21ms
2026-06-15T09:00:00 INFO 200 GET /api/leaderboard/global?limit=100 rt=19ms
2026-06-15T09:00:00 INFO 200 GET /api/leaderboard/global?limit=100 rt=18ms
2026-06-15T09:00:00 INFO 200 GET /api/leaderboard/global?limit=100 rt=8ms
2026-06-15T09:00:00 INFO 200 GET /api/health rt=17ms
2026-06-15T09:00:00 INFO 200 GET /api/categories rt=20ms
2026-06-15T09:00:00 INFO 200 GET /api/leaderboard/global?limit=100 rt=28ms
2026-06-15T09:00:00 INFO 200 GET /api/leaderboard/global?limit=100 rt=7ms
2026-06-15T09:00:01 INFO 200 GET /api/health rt=28ms
2026-06-15T09:00:01 INFO 404 GET /api/unknown rt=4ms
2026-06-15T09:00:01 INFO 200 GET /api/leaderboard/global?limit=100 rt=19ms
2026-06-15T09:00:01 INFO 200 GET /api/leaderboard/global?limit=100 rt=12ms
2026-06-15T09:00:01 INFO 200 GET /api/leaderboard/global?limit=100 rt=17ms
2026-06-15T09:00:01 INFO 200 GET /api/leaderboard/global?limit=100 rt=16ms
2026-06-15T09:00:01 INFO 200 GET /api/leaderboard/global?limit=100 rt=18ms
2026-06-15T09:00:01 INFO 200 GET /api/leaderboard/global?limit=100 rt=11ms
2026-06-15T09:00:01 INFO 404 GET /api/unknown rt=5ms
2026-06-15T09:00:01 INFO 200 GET /api/leaderboard/global?limit=100 rt=15ms
2026-06-15T09:00:01 INFO 200 GET /api/leaderboard/global?limit=100 rt=21ms
2026-06-15T09:00:01 INFO 200 GET /api/categories rt=10ms
2026-06-15T09:00:02 INFO 200 GET /api/categories rt=36ms
2026-06-15T09:00:02 INFO 200 GET /api/leaderboard/global?limit=100 rt=12ms
2026-06-15T09:00:02 INFO 200 GET /api/leaderboard/global?limit=100 rt=16ms
2026-06-15T09:00:02 INFO 200 GET /api/leaderboard/global?limit=100 rt=24ms
2026-06-15T09:00:02 INFO 200 GET /api/health rt=35ms
2026-06-15T09:00:03 INFO 200 GET /api/leaderboard/global?limit=100 rt=12ms
2026-06-15T09:00:03 INFO 200 GET /api/leaderboard/global?limit=100 rt=15ms
2026-06-15T09:00:03 INFO 200 GET /api/leaderboard/global?limit=100 rt=14ms
2026-06-15T09:00:03 INFO 200 GET /api/leaderboard/global?limit=100 rt=13ms
2026-06-15T09:00:03 INFO 200 GET /api/leaderboard/global?limit=100 rt=28ms
2026-06-15T09:00:03 INFO 200 GET /api/leaderboard/global?limit=100 rt=14ms
2026-06-15T09:00:03 INFO 404 GET /api/unknown rt=7ms
2026-06-15T09:00:03 INFO 200 GET /api/leaderboard/global?limit=100 rt=21ms
2026-06-15T09:00:03 INFO 200 GET /api/leaderboard/global?limit=100 rt=20ms
2026-06-15T09:00:03 INFO 200 GET /api/leaderboard/global?limit=100 rt=11ms
2026-06-15T09:00:03 INFO 200 GET /api/leaderboard/global?limit=100 rt=19ms
2026-06-15T09:00:03 INFO 200 GET /api/categories rt=11ms
2026-06-15T09:00:03 INFO 200 GET /api/leaderboard/global?limit=100 rt=24ms
2026-06-15T09:00:03 INFO 404 GET /api/unknown rt=10ms
2026-06-15T09:00:03 INFO 200 GET /api/leaderboard/global?limit=100 rt=9ms
2026-06-15T09:00:03 INFO 200 GET /api/leaderboard/global?limit=100 rt=20ms
2026-06-15T09:00:03 INFO 200 GET /api/leaderboard/global?limit=100 rt=23ms
2026-06-15T09:00:03 INFO 200 GET /api/leaderboard/global?limit=100 rt=18ms
2026-06-15T09:00:03 INFO 404 GET /api/unknown rt=10ms
2026-06-15T09:00:03 INFO 200 GET /api/leaderboard/global?limit=100 rt=8ms
2026-06-15T09:00:03 INFO 404 GET /api/unknown rt=5ms
2026-06-15T09:00:03 INFO 200 GET /api/leaderboard/global?limit=100 rt=15ms
2026-06-15T09:00:04 INFO 200 GET /api/leaderboard/global?limit=100 rt=12ms
2026-06-15T09:00:04 INFO 200 GET /api/leaderboard/global?limit=100 rt=29ms
2026-06-15T09:00:04 INFO 200 GET /api/leaderboard/global?limit=100 rt=27ms
2026-06-15T09:00:04 INFO 200 GET /api/leaderboard/global?limit=100 rt=20ms
2026-06-15T09:00:04 INFO 404 GET /api/unknown rt=8ms
2026-06-15T09:00:04 INFO 200 GET /api/leaderboard/global?limit=100 rt=12ms
2026-06-15T09:00:04 INFO 200 GET /api/leaderboard/global?limit=100 rt=30ms
2026-06-15T09:00:04 INFO 200 GET /api/categories rt=16ms
2026-06-15T09:00:05 INFO 200 GET /api/categories rt=23ms
2026-06-15T09:00:05 INFO 200 GET /api/leaderboard/global?limit=100 rt=14ms
2026-06-15T09:00:06 INFO 200 GET /api/leaderboard/global?limit=100 rt=10ms
2026-06-15T09:00:06 INFO 200 GET /api/leaderboard/global?limit=100 rt=11ms
2026-06-15T09:00:06 INFO 200 GET /api/categories rt=20ms
2026-06-15T09:00:06 INFO 200 GET /api/leaderboard/global?limit=100 rt=24ms
2026-06-15T09:00:06 INFO 200 GET /api/leaderboard/global?limit=100 rt=32ms
2026-06-15T09:00:06 INFO 200 GET /api/leaderboard/global?limit=100 rt=15ms
2026-06-15T09:00:06 INFO 200 GET /api/leaderboard/global?limit=100 rt=42ms
2026-06-15T09:00:06 INFO 200 GET /api/leaderboard/global?limit=100 rt=21ms
2026-06-15T09:00:06 INFO 200 GET /api/leaderboard/global?limit=100 rt=23ms
2026-06-15T09:00:06 INFO 200 GET /api/leaderboard/global?limit=100 rt=10ms
2026-06-15T09:00:06 INFO 200 GET /api/leaderboard/global?limit=100 rt=33ms
2026-06-15T09:00:06 INFO 200 GET /api/leaderboard/global?limit=100 rt=45ms
2026-06-15T09:00:06 INFO 200 GET /api/leaderboard/global?limit=100 rt=8ms
2026-06-15T09:00:07 INFO 200 GET /api/leaderboard/global?limit=100 rt=16ms
2026-06-15T09:00:07 INFO 200 GET /api/leaderboard/global?limit=100 rt=31ms
2026-06-15T09:00:07 INFO 200 GET /api/leaderboard/global?limit=100 rt=25ms
2026-06-15T09:00:07 INFO 200 GET /api/leaderboard/global?limit=100 rt=19ms
2026-06-15T09:00:08 INFO 200 GET /api/health rt=7ms
2026-06-15T09:00:08 INFO 200 GET /api/leaderboard/global?limit=100 rt=9ms
2026-06-15T09:00:08 INFO 200 GET /api/leaderboard/global?limit=100 rt=7ms
2026-06-15T09:00:08 INFO 200 GET /api/leaderboard/global?limit=100 rt=13ms
2026-06-15T09:00:08 INFO 200 GET /api/leaderboard/global?limit=100 rt=48ms
2026-06-15T09:00:08 INFO 200 GET /api/leaderboard/global?limit=100 rt=11ms
2026-06-15T09:00:08 INFO 200 GET /api/leaderboard/global?limit=100 rt=14ms
2026-06-15T09:00:09 INFO 200 GET /api/health rt=12ms
2026-06-15T09:00:09 INFO 200 GET /api/leaderboard/global?limit=100 rt=21ms
2026-06-15T09:00:09 INFO 200 GET /api/categories rt=12ms
2026-06-15T09:00:09 INFO 200 GET /api/leaderboard/global?limit=100 rt=23ms
2026-06-15T09:00:09 INFO 200 GET /api/leaderboard/global?limit=100 rt=24ms
2026-06-15T09:00:10 INFO 200 GET /api/leaderboard/global?limit=100 rt=7ms
2026-06-15T09:00:10 INFO 200 GET /api/leaderboard/global?limit=100 rt=25ms
2026-06-15T09:00:10 INFO 200 GET /api/leaderboard/global?limit=100 rt=15ms
2026-06-15T09:00:10 INFO 200 GET /api/health rt=25ms
2026-06-15T09:00:10 INFO 200 GET /api/categories rt=11ms
2026-06-15T09:00:10 INFO 200 GET /api/health rt=27ms
2026-06-15T09:00:10 INFO 200 GET /api/leaderboard/global?limit=100 rt=12ms
2026-06-15T09:00:10 INFO 200 GET /api/leaderboard/global?limit=100 rt=40ms
2026-06-15T09:00:10 INFO 200 GET /api/leaderboard/global?limit=100 rt=22ms
2026-06-15T09:00:10 INFO 200 GET /api/leaderboard/global?limit=100 rt=16ms
2026-06-15T09:00:10 INFO 200 GET /api/leaderboard/global?limit=100 rt=24ms
2026-06-15T09:00:11 INFO 200 GET /api/health rt=19ms
2026-06-15T09:00:11 INFO 200 GET /api/leaderboard/global?limit=100 rt=13ms
2026-06-15T09:00:11 INFO 200 GET /api/leaderboard/global?limit=100 rt=35ms
2026-06-15T09:00:11 INFO 200 GET /api/leaderboard/global?limit=100 rt=34ms
2026-06-15T09:00:11 INFO 200 GET /api/leaderboard/global?limit=100 rt=25ms
2026-06-15T09:00:11 INFO 200 GET /api/leaderboard/global?limit=100 rt=14ms
2026-06-15T09:00:11 INFO 200 GET /api/leaderboard/global?limit=100 rt=8ms
2026-06-15T09:00:11 INFO 200 GET /api/health rt=8ms
2026-06-15T09:00:11 INFO 404 GET /api/unknown rt=4ms
2026-06-15T09:00:11 INFO 200 GET /api/categories rt=15ms
2026-06-15T09:00:12 INFO 200 GET /api/leaderboard/global?limit=100 rt=27ms
2026-06-15T09:00:12 INFO 200 GET /api/leaderboard/global?limit=100 rt=24ms
2026-06-15T09:00:12 INFO 200 GET /api/leaderboard/global?limit=100 rt=34ms
2026-06-15T09:00:12 INFO 200 GET /api/leaderboard/global?limit=100 rt=38ms
2026-06-15T09:00:12 INFO 200 GET /api/leaderboard/global?limit=100 rt=10ms
2026-06-15T09:00:12 INFO 200 GET /api/leaderboard/global?limit=100 rt=36ms
2026-06-15T09:00:12 INFO 200 GET /api/leaderboard/global?limit=100 rt=13ms
2026-06-15T09:00:12 INFO 200 GET /api/leaderboard/global?limit=100 rt=13ms
2026-06-15T09:00:13 INFO 200 GET /api/leaderboard/global?limit=100 rt=14ms
2026-06-15T09:00:13 INFO 404 GET /api/unknown rt=16ms
2026-06-15T09:00:13 INFO 404 GET /api/unknown rt=8ms
2026-06-15T09:00:14 INFO 200 GET /api/leaderboard/global?limit=100 rt=29ms
2026-06-15T09:00:14 INFO 404 GET /api/unknown rt=10ms
2026-06-15T09:00:14 INFO 200 GET /api/leaderboard/global?limit=100 rt=15ms
2026-06-15T09:00:14 INFO 200 GET /api/leaderboard/global?limit=100 rt=19ms
2026-06-15T09:00:14 INFO 200 GET /api/leaderboard/global?limit=100 rt=10ms
2026-06-15T09:00:14 INFO 200 GET /api/leaderboard/global?limit=100 rt=16ms
2026-06-15T09:00:14 INFO 200 GET /api/leaderboard/global?limit=100 rt=34ms
2026-06-15T09:00:14 INFO 200 GET /api/leaderboard/global?limit=100 rt=11ms
2026-06-15T09:00:14 INFO 200 GET /api/leaderboard/global?limit=100 rt=24ms
2026-06-15T09:00:14 INFO 200 GET /api/leaderboard/global?limit=100 rt=15ms
2026-06-15T09:00:15 INFO 200 GET /api/leaderboard/global?limit=100 rt=17ms
2026-06-15T09:00:15 INFO 200 GET /api/categories rt=8ms
2026-06-15T09:00:16 INFO 200 GET /api/leaderboard/global?limit=100 rt=58ms
2026-06-15T09:00:16 INFO 200 GET /api/leaderboard/global?limit=100 rt=32ms
2026-06-15T09:00:16 INFO 200 GET /api/leaderboard/global?limit=100 rt=41ms
2026-06-15T09:00:16 INFO 200 GET /api/leaderboard/global?limit=100 rt=26ms
2026-06-15T09:00:16 INFO 200 GET /api/leaderboard/global?limit=100 rt=10ms
2026-06-15T09:00:16 INFO 200 GET /api/leaderboard/global?limit=100 rt=15ms
2026-06-15T09:00:16 INFO 200 GET /api/leaderboard/global?limit=100 rt=18ms
2026-06-15T09:00:16 INFO 200 GET /api/health rt=13ms
2026-06-15T09:00:16 INFO 200 GET /api/leaderboard/global?limit=100 rt=19ms
2026-06-15T09:00:16 INFO 200 GET /api/leaderboard/global?limit=100 rt=32ms
2026-06-15T09:00:16 INFO 200 GET /api/leaderboard/global?limit=100 rt=24ms
2026-06-15T09:00:16 INFO 200 GET /api/leaderboard/global?limit=100 rt=10ms
2026-06-15T09:00:16 INFO 404 GET /api/unknown rt=12ms
2026-06-15T09:00:16 INFO 200 GET /api/leaderboard/global?limit=100 rt=26ms
2026-06-15T09:00:16 INFO 200 GET /api/leaderboard/global?limit=100 rt=54ms
2026-06-15T09:00:16 INFO 200 GET /api/categories rt=14ms
2026-06-15T09:00:16 INFO 200 GET /api/categories rt=12ms
2026-06-15T09:00:16 INFO 200 GET /api/leaderboard/global?limit=100 rt=12ms
2026-06-15T09:00:16 INFO 200 GET /api/categories rt=10ms
2026-06-15T09:00:17 INFO 404 GET /api/unknown rt=15ms
2026-06-15T09:00:17 INFO 200 GET /api/leaderboard/global?limit=100 rt=9ms
2026-06-15T09:00:17 INFO 200 GET /api/leaderboard/global?limit=100 rt=28ms
2026-06-15T09:00:17 INFO 200 GET /api/leaderboard/global?limit=100 rt=11ms
2026-06-15T09:00:17 INFO 200 GET /api/leaderboard/global?limit=100 rt=14ms
2026-06-15T09:00:17 INFO 200 GET /api/leaderboard/global?limit=100 rt=31ms
2026-06-15T09:00:17 INFO 200 GET /api/health rt=41ms
2026-06-15T09:00:17 INFO 200 GET /api/leaderboard/global?limit=100 rt=16ms
2026-06-15T09:00:17 INFO 200 GET /api/leaderboard/global?limit=100 rt=23ms
2026-06-15T09:00:18 INFO 200 GET /api/leaderboard/global?limit=100 rt=24ms
2026-06-15T09:00:18 INFO 200 GET /api/categories rt=33ms
2026-06-15T09:00:18 INFO 404 GET /api/unknown rt=2ms
2026-06-15T09:00:18 INFO 200 GET /api/health rt=11ms
2026-06-15T09:00:18 INFO 200 GET /api/leaderboard/global?limit=100 rt=44ms
2026-06-15T09:00:18 INFO 200 GET /api/leaderboard/global?limit=100 rt=12ms
2026-06-15T09:00:19 INFO 200 GET /api/leaderboard/global?limit=100 rt=16ms
2026-06-15T09:00:19 INFO 404 GET /api/unknown rt=12ms
2026-06-15T09:00:19 INFO 200 GET /api/leaderboard/global?limit=100 rt=8ms
2026-06-15T09:00:19 INFO 200 GET /api/leaderboard/global?limit=100 rt=36ms
2026-06-15T09:00:19 INFO 200 GET /api/leaderboard/global?limit=100 rt=31ms
2026-06-15T09:00:19 INFO 200 GET /api/leaderboard/global?limit=100 rt=35ms
2026-06-15T09:00:19 INFO 200 GET /api/leaderboard/global?limit=100 rt=7ms
2026-06-15T09:00:19 INFO 200 GET /api/leaderboard/global?limit=100 rt=24ms
2026-06-15T09:00:19 INFO 200 GET /api/leaderboard/global?limit=100 rt=44ms
2026-06-15T09:00:19 INFO 200 GET /api/leaderboard/global?limit=100 rt=46ms
2026-06-15T09:00:19 INFO 200 GET /api/leaderboard/global?limit=100 rt=11ms
2026-06-15T09:00:20 INFO 404 GET /api/unknown rt=10ms
2026-06-15T09:00:20 INFO 200 GET /api/categories rt=32ms
2026-06-15T09:00:20 INFO 200 GET /api/categories rt=57ms
2026-06-15T09:00:20 INFO 200 GET /api/categories rt=16ms
2026-06-15T09:00:20 INFO 200 GET /api/leaderboard/global?limit=100 rt=17ms
2026-06-15T09:00:20 INFO 200 GET /api/leaderboard/global?limit=100 rt=10ms
2026-06-15T09:00:20 INFO 404 GET /api/unknown rt=6ms
2026-06-15T09:00:20 INFO 200 GET /api/leaderboard/global?limit=100 rt=8ms
2026-06-15T09:00:21 INFO 200 GET /api/leaderboard/global?limit=100 rt=22ms
2026-06-15T09:00:21 INFO 200 GET /api/health rt=11ms
2026-06-15T09:00:21 INFO 200 GET /api/health rt=8ms
2026-06-15T09:00:21 INFO 200 GET /api/leaderboard/global?limit=100 rt=19ms
2026-06-15T09:00:21 INFO 200 GET /api/leaderboard/global?limit=100 rt=29ms
2026-06-15T09:00:21 INFO 200 GET /api/leaderboard/global?limit=100 rt=28ms
2026-06-15T09:00:21 INFO 200 GET /api/leaderboard/global?limit=100 rt=22ms
2026-06-15T09:00:22 INFO 200 GET /api/health rt=23ms
2026-06-15T09:00:22 INFO 200 GET /api/categories rt=44ms
2026-06-15T09:00:22 INFO 404 GET /api/unknown rt=7ms
2026-06-15T09:00:22 INFO 200 GET /api/categories rt=7ms
2026-06-15T09:00:22 INFO 200 GET /api/leaderboard/global?limit=100 rt=15ms
2026-06-15T09:00:22 INFO 200 GET /api/leaderboard/global?limit=100 rt=15ms
2026-06-15T09:00:22 INFO 200 GET /api/leaderboard/global?limit=100 rt=19ms
2026-06-15T09:00:22 INFO 200 GET /api/leaderboard/global?limit=100 rt=26ms
2026-06-15T09:00:22 INFO 200 GET /api/leaderboard/global?limit=100 rt=10ms
2026-06-15T09:00:23 INFO 200 GET /api/leaderboard/global?limit=100 rt=28ms
2026-06-15T09:00:23 INFO 404 GET /api/unknown rt=28ms
2026-06-15T09:00:23 INFO 200 GET /api/health rt=35ms
2026-06-15T09:00:24 INFO 200 GET /api/leaderboard/global?limit=100 rt=22ms
2026-06-15T09:00:24 INFO 404 GET /api/unknown rt=10ms
2026-06-15T09:00:24 INFO 200 GET /api/leaderboard/global?limit=100 rt=14ms
2026-06-15T09:00:24 INFO 200 GET /api/leaderboard/global?limit=100 rt=39ms
2026-06-15T09:00:25 INFO 200 GET /api/leaderboard/global?limit=100 rt=10ms
2026-06-15T09:00:25 INFO 200 GET /api/categories rt=10ms
2026-06-15T09:00:25 INFO 200 GET /api/leaderboard/global?limit=100 rt=21ms
2026-06-15T09:00:25 INFO 404 GET /api/unknown rt=9ms
2026-06-15T09:00:25 INFO 200 GET /api/categories rt=10ms
2026-06-15T09:00:25 INFO 200 GET /api/leaderboard/global?limit=100 rt=9ms
2026-06-15T09:00:25 INFO 200 GET /api/leaderboard/global?limit=100 rt=10ms
2026-06-15T09:00:25 INFO 200 GET /api/health rt=26ms
2026-06-15T09:00:26 INFO 200 GET /api/health rt=13ms
2026-06-15T09:00:26 INFO 200 GET /api/leaderboard/global?limit=100 rt=38ms
2026-06-15T09:00:26 INFO 404 GET /api/unknown rt=4ms
2026-06-15T09:00:26 INFO 200 GET /api/leaderboard/global?limit=100 rt=27ms
2026-06-15T09:00:26 INFO 200 GET /api/leaderboard/global?limit=100 rt=12ms
2026-06-15T09:00:26 INFO 200 GET /api/leaderboard/global?limit=100 rt=25ms
2026-06-15T09:00:26 INFO 200 GET /api/leaderboard/global?limit=100 rt=11ms
2026-06-15T09:00:26 INFO 200 GET /api/categories rt=7ms
2026-06-15T09:00:26 INFO 200 GET /api/leaderboard/global?limit=100 rt=5ms
2026-06-15T09:00:26 INFO 200 GET /api/categories rt=57ms
2026-06-15T09:00:26 INFO 200 GET /api/categories rt=13ms
2026-06-15T09:00:26 INFO 200 GET /api/leaderboard/global?limit=100 rt=12ms
2026-06-15T09:00:26 INFO 200 GET /api/leaderboard/global?limit=100 rt=15ms
2026-06-15T09:00:26 INFO 404 GET /api/unknown rt=13ms
2026-06-15T09:00:26 INFO 200 GET /api/leaderboard/global?limit=100 rt=38ms
2026-06-15T09:00:27 INFO 200 GET /api/leaderboard/global?limit=100 rt=20ms
2026-06-15T09:00:27 INFO 200 GET /api/leaderboard/global?limit=100 rt=8ms
2026-06-15T09:00:27 INFO 200 GET /api/leaderboard/global?limit=100 rt=24ms
2026-06-15T09:00:27 INFO 200 GET /api/health rt=21ms
2026-06-15T09:00:27 INFO 200 GET /api/leaderboard/global?limit=100 rt=12ms
2026-06-15T09:00:28 INFO 200 GET /api/leaderboard/global?limit=100 rt=25ms
2026-06-15T09:00:28 INFO 200 GET /api/health rt=24ms
2026-06-15T09:00:28 INFO 200 GET /api/leaderboard/global?limit=100 rt=50ms
2026-06-15T09:00:28 INFO 200 GET /api/leaderboard/global?limit=100 rt=21ms
2026-06-15T09:00:28 INFO 200 GET /api/leaderboard/global?limit=100 rt=26ms
2026-06-15T09:00:28 INFO 200 GET /api/leaderboard/global?limit=100 rt=32ms
2026-06-15T09:00:28 INFO 200 GET /api/leaderboard/global?limit=100 rt=17ms
2026-06-15T09:00:28 INFO 200 GET /api/leaderboard/global?limit=100 rt=23ms
2026-06-15T09:00:28 INFO 200 GET /api/leaderboard/global?limit=100 rt=19ms
2026-06-15T09:00:29 INFO 200 GET /api/leaderboard/global?limit=100 rt=53ms
2026-06-15T09:00:29 INFO 200 GET /api/leaderboard/global?limit=100 rt=26ms
2026-06-15T09:00:29 INFO 200 GET /api/leaderboard/global?limit=100 rt=7ms
2026-06-15T09:00:29 INFO 200 GET /api/leaderboard/global?limit=100 rt=29ms
2026-06-15T09:00:30 INFO 200 GET /api/leaderboard/global?limit=100 rt=65ms
2026-06-15T09:00:30 INFO 200 GET /api/leaderboard/global?limit=100 rt=7ms
2026-06-15T09:00:30 INFO 200 GET /api/categories rt=42ms
2026-06-15T09:00:30 INFO 404 GET /api/unknown rt=5ms
2026-06-15T09:00:30 INFO 200 GET /api/leaderboard/global?limit=100 rt=39ms
2026-06-15T09:00:30 INFO 200 GET /api/leaderboard/global?limit=100 rt=33ms
2026-06-15T09:00:30 INFO 200 GET /api/leaderboard/global?limit=100 rt=14ms
2026-06-15T09:00:31 INFO 200 GET /api/leaderboard/global?limit=100 rt=24ms
2026-06-15T09:00:31 INFO 404 GET /api/unknown rt=14ms
2026-06-15T09:00:31 INFO 200 GET /api/leaderboard/global?limit=100 rt=16ms
2026-06-15T09:00:32 INFO 200 GET /api/health rt=20ms
2026-06-15T09:00:32 INFO 200 GET /api/leaderboard/global?limit=100 rt=27ms
2026-06-15T09:00:32 INFO 404 GET /api/unknown rt=6ms
2026-06-15T09:00:32 INFO 200 GET /api/leaderboard/global?limit=100 rt=11ms
2026-06-15T09:00:33 INFO 200 GET /api/leaderboard/global?limit=100 rt=19ms
2026-06-15T09:00:33 INFO 200 GET /api/leaderboard/global?limit=100 rt=9ms
2026-06-15T09:00:33 INFO 404 GET /api/unknown rt=6ms
2026-06-15T09:00:33 INFO 200 GET /api/leaderboard/global?limit=100 rt=21ms
2026-06-15T09:00:34 INFO 200 GET /api/leaderboard/global?limit=100 rt=23ms
2026-06-15T09:00:34 INFO 200 GET /api/leaderboard/global?limit=100 rt=14ms
2026-06-15T09:00:35 INFO 200 GET /api/leaderboard/global?limit=100 rt=9ms
2026-06-15T09:00:35 INFO 200 GET /api/leaderboard/global?limit=100 rt=30ms
2026-06-15T09:00:36 INFO 200 GET /api/leaderboard/global?limit=100 rt=27ms
2026-06-15T09:00:36 INFO 200 GET /api/leaderboard/global?limit=100 rt=29ms
2026-06-15T09:00:36 INFO 200 GET /api/leaderboard/global?limit=100 rt=12ms
2026-06-15T09:00:36 INFO 200 GET /api/leaderboard/global?limit=100 rt=19ms
2026-06-15T09:00:37 INFO 200 GET /api/leaderboard/global?limit=100 rt=10ms
2026-06-15T09:00:37 INFO 200 GET /api/leaderboard/global?limit=100 rt=17ms
2026-06-15T09:00:37 INFO 200 GET /api/categories rt=19ms
2026-06-15T09:00:37 INFO 200 GET /api/leaderboard/global?limit=100 rt=22ms
2026-06-15T09:00:37 INFO 200 GET /api/categories rt=33ms
2026-06-15T09:00:37 INFO 200 GET /api/leaderboard/global?limit=100 rt=18ms
2026-06-15T09:00:37 INFO 200 GET /api/health rt=36ms
2026-06-15T09:00:38 INFO 404 GET /api/unknown rt=13ms
2026-06-15T09:00:38 INFO 200 GET /api/leaderboard/global?limit=100 rt=15ms
2026-06-15T09:00:38 INFO 200 GET /api/leaderboard/global?limit=100 rt=21ms
2026-06-15T09:00:38 INFO 200 GET /api/leaderboard/global?limit=100 rt=26ms
2026-06-15T09:00:38 INFO 200 GET /api/leaderboard/global?limit=100 rt=12ms
2026-06-15T09:00:39 INFO 404 GET /api/unknown rt=10ms
2026-06-15T09:00:39 INFO 200 GET /api/leaderboard/global?limit=100 rt=50ms
2026-06-15T09:00:39 INFO 200 GET /api/leaderboard/global?limit=100 rt=21ms
2026-06-15T09:00:39 INFO 200 GET /api/categories rt=24ms
2026-06-15T09:00:40 INFO 200 GET /api/leaderboard/global?limit=100 rt=34ms
2026-06-15T09:00:40 INFO 200 GET /api/leaderboard/global?limit=100 rt=24ms
2026-06-15T09:00:40 INFO 200 GET /api/leaderboard/global?limit=100 rt=27ms
2026-06-15T09:00:41 INFO 200 GET /api/health rt=23ms
2026-06-15T09:00:41 INFO 404 GET /api/unknown rt=5ms
2026-06-15T09:00:41 INFO 200 GET /api/leaderboard/global?limit=100 rt=52ms
2026-06-15T09:00:41 INFO 200 GET /api/leaderboard/global?limit=100 rt=14ms
2026-06-15T09:00:41 INFO 200 GET /api/leaderboard/global?limit=100 rt=18ms
2026-06-15T09:00:42 INFO 200 GET /api/leaderboard/global?limit=100 rt=16ms
2026-06-15T09:00:42 INFO 200 GET /api/categories rt=10ms
2026-06-15T09:00:42 INFO 200 GET /api/leaderboard/global?limit=100 rt=12ms
2026-06-15T09:00:42 INFO 200 GET /api/leaderboard/global?limit=100 rt=7ms
2026-06-15T09:00:44 INFO 200 GET /api/leaderboard/global?limit=100 rt=21ms
2026-06-15T09:00:45 INFO 200 GET /api/leaderboard/global?limit=100 rt=22ms
2026-06-15T09:00:45 INFO 200 GET /api/leaderboard/global?limit=100 rt=9ms
2026-06-15T09:00:45 INFO 200 GET /api/leaderboard/global?limit=100 rt=7ms
2026-06-15T09:00:46 INFO 200 GET /api/leaderboard/global?limit=100 rt=10ms
2026-06-15T09:00:47 INFO 200 GET /api/leaderboard/global?limit=100 rt=15ms
2026-06-15T09:00:47 INFO 200 GET /api/leaderboard/global?limit=100 rt=19ms
2026-06-15T09:00:48 INFO 200 GET /api/leaderboard/global?limit=100 rt=30ms
2026-06-15T09:00:48 INFO 200 GET /api/leaderboard/global?limit=100 rt=16ms
2026-06-15T09:00:48 INFO 200 GET /api/categories rt=27ms
2026-06-15T09:00:49 INFO 200 GET /api/health rt=12ms
2026-06-15T09:00:49 INFO 200 GET /api/leaderboard/global?limit=100 rt=24ms
2026-06-15T09:00:49 INFO 200 GET /api/leaderboard/global?limit=100 rt=21ms
2026-06-15T09:00:49 INFO 200 GET /api/health rt=35ms
2026-06-15T09:00:49 INFO 200 GET /api/leaderboard/global?limit=100 rt=23ms
2026-06-15T09:00:49 INFO 200 GET /api/leaderboard/global?limit=100 rt=19ms
2026-06-15T09:00:49 INFO 200 GET /api/leaderboard/global?limit=100 rt=14ms
2026-06-15T09:00:49 INFO 200 GET /api/leaderboard/global?limit=100 rt=7ms
2026-06-15T09:00:49 INFO 200 GET /api/leaderboard/global?limit=100 rt=6ms
2026-06-15T09:00:49 INFO 200 GET /api/leaderboard/global?limit=100 rt=24ms
2026-06-15T09:00:50 INFO 200 GET /api/leaderboard/global?limit=100 rt=11ms
2026-06-15T09:00:50 INFO 200 GET /api/leaderboard/global?limit=100 rt=11ms
2026-06-15T09:00:51 INFO 200 GET /api/leaderboard/global?limit=100 rt=29ms
2026-06-15T09:00:52 INFO 200 GET /api/health rt=24ms
2026-06-15T09:00:52 INFO 200 GET /api/leaderboard/global?limit=100 rt=55ms
2026-06-15T09:00:52 INFO 200 GET /api/leaderboard/global?limit=100 rt=35ms
2026-06-15T09:00:52 INFO 200 GET /api/leaderboard/global?limit=100 rt=13ms
2026-06-15T09:00:53 INFO 200 GET /api/leaderboard/global?limit=100 rt=24ms
2026-06-15T09:00:53 INFO 200 GET /api/leaderboard/global?limit=100 rt=14ms
2026-06-15T09:00:53 INFO 200 GET /api/categories rt=17ms
2026-06-15T09:00:53 INFO 200 GET /api/leaderboard/global?limit=100 rt=35ms
2026-06-15T09:00:53 INFO 200 GET /api/health rt=48ms
2026-06-15T09:00:53 INFO 404 GET /api/unknown rt=9ms
2026-06-15T09:00:54 INFO 200 GET /api/leaderboard/global?limit=100 rt=13ms
2026-06-15T09:00:55 INFO 200 GET /api/leaderboard/global?limit=100 rt=46ms
2026-06-15T09:00:55 INFO 200 GET /api/categories rt=33ms
2026-06-15T09:00:55 INFO 200 GET /api/leaderboard/global?limit=100 rt=36ms
2026-06-15T09:00:55 INFO 200 GET /api/leaderboard/global?limit=100 rt=37ms
2026-06-15T09:00:55 INFO 200 GET /api/health rt=18ms
2026-06-15T09:00:55 INFO 200 GET /api/categories rt=14ms
2026-06-15T09:00:55 INFO 200 GET /api/leaderboard/global?limit=100 rt=15ms
2026-06-15T09:00:55 INFO 200 GET /api/categories rt=7ms
2026-06-15T09:00:56 INFO 200 GET /api/leaderboard/global?limit=100 rt=46ms
2026-06-15T09:00:56 INFO 200 GET /api/health rt=21ms
2026-06-15T09:00:56 INFO 200 GET /api/leaderboard/global?limit=100 rt=17ms
2026-06-15T09:00:57 INFO 200 GET /api/leaderboard/global?limit=100 rt=23ms
2026-06-15T09:00:58 INFO 404 GET /api/unknown rt=18ms
2026-06-15T09:00:58 INFO 200 GET /api/leaderboard/global?limit=100 rt=18ms
2026-06-15T09:00:58 INFO 200 GET /api/leaderboard/global?limit=100 rt=23ms
2026-06-15T09:00:58 INFO 200 GET /api/leaderboard/global?limit=100 rt=15ms
2026-06-15T09:00:58 INFO 200 GET /api/leaderboard/global?limit=100 rt=17ms
2026-06-15T09:00:59 INFO 200 GET /api/leaderboard/global?limit=100 rt=6ms
2026-06-15T09:00:59 INFO 200 GET /api/categories rt=24ms
2026-06-15T09:00:59 INFO 200 GET /api/health rt=30ms
2026-06-15T09:00:59 INFO 200 GET /api/leaderboard/global?limit=100 rt=20ms
2026-06-15T09:00:59 INFO 404 GET /api/unknown rt=3ms
2026-06-15T09:01:00 INFO 200 GET /api/leaderboard/global?limit=100 rt=13ms
2026-06-15T09:01:00 INFO 200 GET /api/leaderboard/global?limit=100 rt=31ms
2026-06-15T09:01:01 INFO 200 GET /api/leaderboard/global?limit=100 rt=21ms
2026-06-15T09:01:01 INFO 200 GET /api/leaderboard/global?limit=100 rt=25ms
2026-06-15T09:01:01 INFO 200 GET /api/leaderboard/global?limit=100 rt=16ms
2026-06-15T09:01:02 INFO 404 GET /api/unknown rt=5ms
2026-06-15T09:01:02 INFO 200 GET /api/leaderboard/global?limit=100 rt=35ms
2026-06-15T09:01:02 INFO 200 GET /api/leaderboard/global?limit=100 rt=55ms
2026-06-15T09:01:02 INFO 200 GET /api/leaderboard/global?limit=100 rt=18ms
2026-06-15T09:01:02 INFO 200 GET /api/leaderboard/global?limit=100 rt=13ms
2026-06-15T09:01:02 INFO 200 GET /api/health rt=35ms
2026-06-15T09:01:02 INFO 200 GET /api/leaderboard/global?limit=100 rt=23ms
2026-06-15T09:01:02 INFO 200 GET /api/leaderboard/global?limit=100 rt=15ms
2026-06-15T09:01:02 INFO 200 GET /api/categories rt=28ms
2026-06-15T09:01:03 INFO 404 GET /api/unknown rt=11ms
2026-06-15T09:01:03 INFO 200 GET /api/categories rt=6ms
2026-06-15T09:01:03 INFO 200 GET /api/leaderboard/global?limit=100 rt=36ms
2026-06-15T09:01:03 INFO 404 GET /api/unknown rt=12ms
2026-06-15T09:01:03 INFO 200 GET /api/leaderboard/global?limit=100 rt=32ms
2026-06-15T09:01:04 INFO 200 GET /api/health rt=25ms
2026-06-15T09:01:04 INFO 200 GET /api/leaderboard/global?limit=100 rt=22ms
2026-06-15T09:01:04 INFO 200 GET /api/leaderboard/global?limit=100 rt=18ms
2026-06-15T09:01:04 INFO 200 GET /api/leaderboard/global?limit=100 rt=34ms
2026-06-15T09:01:04 INFO 200 GET /api/leaderboard/global?limit=100 rt=58ms
2026-06-15T09:01:04 INFO 200 GET /api/leaderboard/global?limit=100 rt=12ms
2026-06-15T09:01:05 INFO 200 GET /api/leaderboard/global?limit=100 rt=10ms
2026-06-15T09:01:05 INFO 200 GET /api/leaderboard/global?limit=100 rt=14ms
2026-06-15T09:01:05 INFO 404 GET /api/unknown rt=7ms
2026-06-15T09:01:05 INFO 200 GET /api/leaderboard/global?limit=100 rt=23ms
2026-06-15T09:01:05 INFO 200 GET /api/categories rt=30ms
2026-06-15T09:01:05 INFO 404 GET /api/unknown rt=2ms
2026-06-15T09:01:05 INFO 404 GET /api/unknown rt=4ms
2026-06-15T09:01:05 INFO 200 GET /api/health rt=7ms
2026-06-15T09:01:06 INFO 200 GET /api/categories rt=12ms
2026-06-15T09:01:06 INFO 200 GET /api/leaderboard/global?limit=100 rt=46ms
2026-06-15T09:01:06 INFO 200 GET /api/health rt=21ms
2026-06-15T09:01:06 INFO 200 GET /api/health rt=26ms
2026-06-15T09:01:06 INFO 200 GET /api/health rt=15ms
2026-06-15T09:01:06 INFO 200 GET /api/leaderboard/global?limit=100 rt=39ms
2026-06-15T09:01:06 INFO 200 GET /api/leaderboard/global?limit=100 rt=14ms
2026-06-15T09:01:07 INFO 200 GET /api/leaderboard/global?limit=100 rt=26ms
2026-06-15T09:01:07 INFO 200 GET /api/leaderboard/global?limit=100 rt=25ms
2026-06-15T09:01:07 INFO 200 GET /api/leaderboard/global?limit=100 rt=7ms
2026-06-15T09:01:07 INFO 200 GET /api/leaderboard/global?limit=100 rt=41ms
2026-06-15T09:01:08 INFO 200 GET /api/categories rt=49ms
2026-06-15T09:01:08 INFO 200 GET /api/leaderboard/global?limit=100 rt=17ms
2026-06-15T09:01:08 INFO 200 GET /api/leaderboard/global?limit=100 rt=11ms
2026-06-15T09:01:08 INFO 200 GET /api/leaderboard/global?limit=100 rt=12ms
2026-06-15T09:01:08 INFO 200 GET /api/leaderboard/global?limit=100 rt=11ms
2026-06-15T09:01:08 INFO 200 GET /api/leaderboard/global?limit=100 rt=11ms
2026-06-15T09:01:08 INFO 200 GET /api/leaderboard/global?limit=100 rt=17ms
2026-06-15T09:01:08 INFO 200 GET /api/health rt=13ms
2026-06-15T09:01:08 INFO 200 GET /api/leaderboard/global?limit=100 rt=32ms
2026-06-15T09:01:08 INFO 200 GET /api/categories rt=21ms
2026-06-15T09:01:08 INFO 200 GET /api/leaderboard/global?limit=100 rt=12ms
2026-06-15T09:01:08 INFO 404 GET /api/unknown rt=7ms
2026-06-15T09:01:09 INFO 200 GET /api/categories rt=31ms
2026-06-15T09:01:09 INFO 200 GET /api/categories rt=24ms
2026-06-15T09:01:09 INFO 200 GET /api/leaderboard/global?limit=100 rt=28ms
2026-06-15T09:01:09 INFO 200 GET /api/leaderboard/global?limit=100 rt=15ms
2026-06-15T09:01:09 INFO 200 GET /api/leaderboard/global?limit=100 rt=12ms
2026-06-15T09:01:09 INFO 200 GET /api/leaderboard/global?limit=100 rt=12ms
2026-06-15T09:01:09 INFO 404 GET /api/unknown rt=16ms
2026-06-15T09:01:09 INFO 200 GET /api/leaderboard/global?limit=100 rt=13ms
2026-06-15T09:01:09 INFO 404 GET /api/unknown rt=8ms
2026-06-15T09:01:09 INFO 200 GET /api/categories rt=7ms
2026-06-15T09:01:09 INFO 200 GET /api/leaderboard/global?limit=100 rt=17ms
2026-06-15T09:01:09 INFO 200 GET /api/leaderboard/global?limit=100 rt=11ms
2026-06-15T09:01:09 INFO 200 GET /api/leaderboard/global?limit=100 rt=16ms
2026-06-15T09:01:09 INFO 200 GET /api/leaderboard/global?limit=100 rt=26ms
2026-06-15T09:01:10 INFO 200 GET /api/leaderboard/global?limit=100 rt=24ms
2026-06-15T09:01:10 INFO 200 GET /api/leaderboard/global?limit=100 rt=21ms
2026-06-15T09:01:10 INFO 200 GET /api/leaderboard/global?limit=100 rt=25ms
2026-06-15T09:01:10 INFO 200 GET /api/leaderboard/global?limit=100 rt=44ms
2026-06-15T09:01:10 INFO 200 GET /api/leaderboard/global?limit=100 rt=17ms
2026-06-15T09:01:10 INFO 200 GET /api/leaderboard/global?limit=100 rt=11ms
2026-06-15T09:01:10 INFO 200 GET /api/leaderboard/global?limit=100 rt=16ms
2026-06-15T09:01:10 INFO 404 GET /api/unknown rt=12ms
2026-06-15T09:01:10 INFO 200 GET /api/leaderboard/global?limit=100 rt=13ms
2026-06-15T09:01:11 INFO 200 GET /api/health rt=12ms
2026-06-15T09:01:11 INFO 200 GET /api/leaderboard/global?limit=100 rt=19ms
2026-06-15T09:01:11 INFO 404 GET /api/unknown rt=12ms
2026-06-15T09:01:11 INFO 200 GET /api/leaderboard/global?limit=100 rt=31ms
2026-06-15T09:01:11 INFO 200 GET /api/leaderboard/global?limit=100 rt=36ms
2026-06-15T09:01:11 INFO 200 GET /api/leaderboard/global?limit=100 rt=27ms
2026-06-15T09:01:11 INFO 200 GET /api/leaderboard/global?limit=100 rt=26ms
2026-06-15T09:01:11 INFO 200 GET /api/leaderboard/global?limit=100 rt=14ms
2026-06-15T09:01:11 INFO 200 GET /api/leaderboard/global?limit=100 rt=46ms
2026-06-15T09:01:11 INFO 200 GET /api/leaderboard/global?limit=100 rt=12ms
2026-06-15T09:01:11 INFO 200 GET /api/leaderboard/global?limit=100 rt=23ms
2026-06-15T09:01:11 INFO 200 GET /api/leaderboard/global?limit=100 rt=20ms
2026-06-15T09:01:11 INFO 200 GET /api/leaderboard/global?limit=100 rt=39ms
2026-06-15T09:01:11 INFO 200 GET /api/categories rt=9ms
2026-06-15T09:01:11 INFO 200 GET /api/leaderboard/global?limit=100 rt=48ms
2026-06-15T09:01:12 INFO 200 GET /api/leaderboard/global?limit=100 rt=22ms
2026-06-15T09:01:12 INFO 200 GET /api/leaderboard/global?limit=100 rt=35ms
2026-06-15T09:01:12 INFO 200 GET /api/leaderboard/global?limit=100 rt=11ms
2026-06-15T09:01:12 INFO 200 GET /api/categories rt=15ms
2026-06-15T09:01:12 INFO 404 GET /api/unknown rt=13ms
2026-06-15T09:01:12 INFO 200 GET /api/leaderboard/global?limit=100 rt=14ms
2026-06-15T09:01:12 INFO 200 GET /api/health rt=12ms
2026-06-15T09:01:12 INFO 200 GET /api/categories rt=15ms
2026-06-15T09:01:12 INFO 200 GET /api/leaderboard/global?limit=100 rt=22ms
2026-06-15T09:01:12 INFO 200 GET /api/leaderboard/global?limit=100 rt=13ms
2026-06-15T09:01:12 INFO 200 GET /api/leaderboard/global?limit=100 rt=35ms
2026-06-15T09:01:12 INFO 200 GET /api/leaderboard/global?limit=100 rt=21ms
2026-06-15T09:01:13 INFO 200 GET /api/leaderboard/global?limit=100 rt=33ms
2026-06-15T09:01:13 INFO 200 GET /api/categories rt=23ms
2026-06-15T09:01:13 INFO 200 GET /api/leaderboard/global?limit=100 rt=20ms
2026-06-15T09:01:13 INFO 200 GET /api/leaderboard/global?limit=100 rt=29ms
2026-06-15T09:01:13 INFO 404 GET /api/unknown rt=9ms
2026-06-15T09:01:13 INFO 200 GET /api/leaderboard/global?limit=100 rt=33ms
2026-06-15T09:01:13 INFO 200 GET /api/health rt=13ms
2026-06-15T09:01:13 INFO 200 GET /api/leaderboard/global?limit=100 rt=23ms
2026-06-15T09:01:13 INFO 200 GET /api/leaderboard/global?limit=100 rt=21ms
2026-06-15T09:01:14 INFO 200 GET /api/leaderboard/global?limit=100 rt=29ms
2026-06-15T09:01:14 INFO 404 GET /api/unknown rt=5ms
2026-06-15T09:01:14 INFO 200 GET /api/leaderboard/global?limit=100 rt=20ms
2026-06-15T09:01:14 INFO 200 GET /api/leaderboard/global?limit=100 rt=29ms
2026-06-15T09:01:14 INFO 404 GET /api/unknown rt=10ms
2026-06-15T09:01:14 INFO 200 GET /api/leaderboard/global?limit=100 rt=8ms
2026-06-15T09:01:14 INFO 200 GET /api/leaderboard/global?limit=100 rt=26ms
2026-06-15T09:01:14 INFO 200 GET /api/leaderboard/global?limit=100 rt=34ms
2026-06-15T09:01:14 INFO 200 GET /api/health rt=25ms
2026-06-15T09:01:14 INFO 404 GET /api/unknown rt=5ms
2026-06-15T09:01:15 INFO 200 GET /api/categories rt=18ms
2026-06-15T09:01:15 INFO 200 GET /api/leaderboard/global?limit=100 rt=24ms
2026-06-15T09:01:15 INFO 200 GET /api/leaderboard/global?limit=100 rt=37ms
2026-06-15T09:01:15 INFO 404 GET /api/unknown rt=2ms
2026-06-15T09:01:15 INFO 200 GET /api/leaderboard/global?limit=100 rt=26ms
2026-06-15T09:01:15 INFO 200 GET /api/leaderboard/global?limit=100 rt=33ms
2026-06-15T09:01:15 INFO 404 GET /api/unknown rt=15ms
2026-06-15T09:01:15 INFO 200 GET /api/categories rt=26ms
2026-06-15T09:01:15 INFO 200 GET /api/leaderboard/global?limit=100 rt=25ms
2026-06-15T09:01:15 INFO 200 GET /api/leaderboard/global?limit=100 rt=19ms
2026-06-15T09:01:15 INFO 200 GET /api/leaderboard/global?limit=100 rt=31ms
2026-06-15T09:01:15 INFO 404 GET /api/unknown rt=21ms
2026-06-15T09:01:16 INFO 200 GET /api/leaderboard/global?limit=100 rt=18ms
2026-06-15T09:01:16 INFO 200 GET /api/categories rt=18ms
2026-06-15T09:01:16 INFO 200 GET /api/health rt=10ms
2026-06-15T09:01:16 INFO 200 GET /api/health rt=24ms
2026-06-15T09:01:16 INFO 200 GET /api/leaderboard/global?limit=100 rt=12ms
2026-06-15T09:01:16 INFO 200 GET /api/leaderboard/global?limit=100 rt=13ms
2026-06-15T09:01:16 INFO 200 GET /api/leaderboard/global?limit=100 rt=28ms
2026-06-15T09:01:16 INFO 200 GET /api/categories rt=21ms
2026-06-15T09:01:16 INFO 200 GET /api/leaderboard/global?limit=100 rt=17ms
2026-06-15T09:01:16 INFO 404 GET /api/unknown rt=4ms
2026-06-15T09:01:16 INFO 200 GET /api/leaderboard/global?limit=100 rt=23ms
2026-06-15T09:01:17 INFO 200 GET /api/health rt=36ms
2026-06-15T09:01:17 INFO 200 GET /api/leaderboard/global?limit=100 rt=11ms
2026-06-15T09:01:17 INFO 200 GET /api/leaderboard/global?limit=100 rt=22ms
2026-06-15T09:01:17 INFO 200 GET /api/leaderboard/global?limit=100 rt=9ms
2026-06-15T09:01:17 INFO 200 GET /api/categories rt=10ms
2026-06-15T09:01:17 INFO 200 GET /api/leaderboard/global?limit=100 rt=17ms
2026-06-15T09:01:17 INFO 200 GET /api/leaderboard/global?limit=100 rt=24ms
2026-06-15T09:01:17 INFO 200 GET /api/leaderboard/global?limit=100 rt=16ms
2026-06-15T09:01:17 INFO 200 GET /api/leaderboard/global?limit=100 rt=15ms
2026-06-15T09:01:17 INFO 200 GET /api/health rt=26ms
2026-06-15T09:01:18 INFO 200 GET /api/health rt=22ms
2026-06-15T09:01:18 INFO 200 GET /api/leaderboard/global?limit=100 rt=25ms
2026-06-15T09:01:18 INFO 200 GET /api/categories rt=10ms
2026-06-15T09:01:18 INFO 200 GET /api/health rt=86ms
2026-06-15T09:01:18 INFO 200 GET /api/categories rt=30ms
2026-06-15T09:01:18 INFO 404 GET /api/unknown rt=6ms
2026-06-15T09:01:18 INFO 200 GET /api/leaderboard/global?limit=100 rt=22ms
2026-06-15T09:01:18 INFO 200 GET /api/leaderboard/global?limit=100 rt=13ms
2026-06-15T09:01:18 INFO 200 GET /api/leaderboard/global?limit=100 rt=7ms
2026-06-15T09:01:19 INFO 200 GET /api/leaderboard/global?limit=100 rt=12ms
2026-06-15T09:01:19 INFO 200 GET /api/leaderboard/global?limit=100 rt=33ms
2026-06-15T09:01:19 INFO 200 GET /api/leaderboard/global?limit=100 rt=10ms
2026-06-15T09:01:19 INFO 200 GET /api/leaderboard/global?limit=100 rt=90ms
2026-06-15T09:01:20 INFO 200 GET /api/leaderboard/global?limit=100 rt=31ms
2026-06-15T09:01:20 INFO 200 GET /api/leaderboard/global?limit=100 rt=17ms
2026-06-15T09:01:20 INFO 200 GET /api/leaderboard/global?limit=100 rt=4ms
2026-06-15T09:01:20 INFO 200 GET /api/leaderboard/global?limit=100 rt=45ms
2026-06-15T09:01:20 INFO 200 GET /api/categories rt=8ms
2026-06-15T09:01:20 INFO 200 GET /api/leaderboard/global?limit=100 rt=21ms
2026-06-15T09:01:20 INFO 200 GET /api/categories rt=26ms
2026-06-15T09:01:20 INFO 200 GET /api/leaderboard/global?limit=100 rt=27ms
2026-06-15T09:01:20 INFO 200 GET /api/categories rt=30ms
2026-06-15T09:01:20 INFO 200 GET /api/leaderboard/global?limit=100 rt=29ms
2026-06-15T09:01:20 INFO 200 GET /api/leaderboard/global?limit=100 rt=11ms
2026-06-15T09:01:20 INFO 200 GET /api/leaderboard/global?limit=100 rt=23ms
2026-06-15T09:01:21 INFO 200 GET /api/leaderboard/global?limit=100 rt=34ms
2026-06-15T09:01:21 INFO 200 GET /api/leaderboard/global?limit=100 rt=22ms
2026-06-15T09:01:21 INFO 200 GET /api/leaderboard/global?limit=100 rt=25ms
2026-06-15T09:01:21 INFO 200 GET /api/leaderboard/global?limit=100 rt=9ms
2026-06-15T09:01:21 INFO 200 GET /api/categories rt=27ms
2026-06-15T09:01:21 INFO 200 GET /api/leaderboard/global?limit=100 rt=45ms
2026-06-15T09:01:21 INFO 200 GET /api/leaderboard/global?limit=100 rt=14ms
2026-06-15T09:01:21 INFO 200 GET /api/categories rt=4ms
2026-06-15T09:01:21 INFO 200 GET /api/health rt=17ms
2026-06-15T09:01:22 INFO 200 GET /api/leaderboard/global?limit=100 rt=20ms
2026-06-15T09:01:22 INFO 404 GET /api/unknown rt=13ms
2026-06-15T09:01:22 INFO 200 GET /api/health rt=17ms
2026-06-15T09:01:22 INFO 200 GET /api/categories rt=18ms
2026-06-15T09:01:22 INFO 200 GET /api/leaderboard/global?limit=100 rt=25ms
2026-06-15T09:01:22 INFO 200 GET /api/leaderboard/global?limit=100 rt=14ms
2026-06-15T09:01:23 INFO 200 GET /api/leaderboard/global?limit=100 rt=10ms
2026-06-15T09:01:23 INFO 200 GET /api/leaderboard/global?limit=100 rt=21ms
2026-06-15T09:01:23 INFO 200 GET /api/leaderboard/global?limit=100 rt=21ms
2026-06-15T09:01:23 INFO 200 GET /api/leaderboard/global?limit=100 rt=24ms
2026-06-15T09:01:23 INFO 404 GET /api/unknown rt=8ms
2026-06-15T09:01:23 INFO 200 GET /api/leaderboard/global?limit=100 rt=11ms
2026-06-15T09:01:23 INFO 200 GET /api/leaderboard/global?limit=100 rt=17ms
2026-06-15T09:01:23 INFO 200 GET /api/leaderboard/global?limit=100 rt=12ms
2026-06-15T09:01:24 INFO 200 GET /api/leaderboard/global?limit=100 rt=25ms
2026-06-15T09:01:24 INFO 404 GET /api/unknown rt=16ms
2026-06-15T09:01:24 INFO 200 GET /api/leaderboard/global?limit=100 rt=6ms
2026-06-15T09:01:24 INFO 200 GET /api/leaderboard/global?limit=100 rt=34ms
2026-06-15T09:01:24 INFO 404 GET /api/unknown rt=13ms
2026-06-15T09:01:24 INFO 200 GET /api/leaderboard/global?limit=100 rt=24ms
2026-06-15T09:01:24 INFO 200 GET /api/leaderboard/global?limit=100 rt=58ms
2026-06-15T09:01:24 INFO 200 GET /api/health rt=24ms
2026-06-15T09:01:25 INFO 404 GET /api/unknown rt=9ms
2026-06-15T09:01:25 INFO 404 GET /api/unknown rt=10ms
2026-06-15T09:01:25 INFO 200 GET /api/leaderboard/global?limit=100 rt=34ms
2026-06-15T09:01:25 INFO 200 GET /api/leaderboard/global?limit=100 rt=12ms
2026-06-15T09:01:25 INFO 200 GET /api/leaderboard/global?limit=100 rt=16ms
2026-06-15T09:01:25 INFO 200 GET /api/leaderboard/global?limit=100 rt=7ms
2026-06-15T09:01:25 INFO 200 GET /api/leaderboard/global?limit=100 rt=20ms
2026-06-15T09:01:26 INFO 200 GET /api/leaderboard/global?limit=100 rt=51ms
2026-06-15T09:01:26 INFO 200 GET /api/leaderboard/global?limit=100 rt=33ms
2026-06-15T09:01:26 INFO 200 GET /api/leaderboard/global?limit=100 rt=24ms
2026-06-15T09:01:26 INFO 200 GET /api/categories rt=15ms
2026-06-15T09:01:26 INFO 200 GET /api/leaderboard/global?limit=100 rt=10ms
2026-06-15T09:01:26 INFO 200 GET /api/leaderboard/global?limit=100 rt=12ms
2026-06-15T09:01:26 INFO 200 GET /api/health rt=11ms
2026-06-15T09:01:26 INFO 200 GET /api/leaderboard/global?limit=100 rt=10ms
2026-06-15T09:01:26 INFO 200 GET /api/leaderboard/global?limit=100 rt=17ms
2026-06-15T09:01:26 INFO 200 GET /api/leaderboard/global?limit=100 rt=21ms
2026-06-15T09:01:27 INFO 200 GET /api/leaderboard/global?limit=100 rt=30ms
2026-06-15T09:01:27 INFO 200 GET /api/leaderboard/global?limit=100 rt=32ms
2026-06-15T09:01:27 INFO 404 GET /api/unknown rt=7ms
2026-06-15T09:01:27 INFO 200 GET /api/leaderboard/global?limit=100 rt=63ms
2026-06-15T09:01:27 INFO 200 GET /api/leaderboard/global?limit=100 rt=8ms
2026-06-15T09:01:27 INFO 200 GET /api/leaderboard/global?limit=100 rt=31ms
2026-06-15T09:01:27 INFO 200 GET /api/leaderboard/global?limit=100 rt=46ms
2026-06-15T09:01:28 INFO 200 GET /api/leaderboard/global?limit=100 rt=26ms
2026-06-15T09:01:28 INFO 200 GET /api/leaderboard/global?limit=100 rt=14ms
2026-06-15T09:01:28 INFO 200 GET /api/leaderboard/global?limit=100 rt=36ms
2026-06-15T09:01:28 INFO 200 GET /api/leaderboard/global?limit=100 rt=18ms
2026-06-15T09:01:28 INFO 404 GET /api/unknown rt=12ms
2026-06-15T09:01:29 INFO 200 GET /api/leaderboard/global?limit=100 rt=31ms
2026-06-15T09:01:29 INFO 200 GET /api/leaderboard/global?limit=100 rt=11ms
2026-06-15T09:01:29 INFO 200 GET /api/leaderboard/global?limit=100 rt=16ms
2026-06-15T09:01:29 INFO 200 GET /api/health rt=27ms
2026-06-15T09:01:29 INFO 404 GET /api/unknown rt=12ms
2026-06-15T09:01:29 INFO 404 GET /api/unknown rt=11ms
2026-06-15T09:01:29 INFO 404 GET /api/unknown rt=4ms
2026-06-15T09:01:29 INFO 200 GET /api/leaderboard/global?limit=100 rt=25ms
2026-06-15T09:01:30 INFO 404 GET /api/unknown rt=8ms
2026-06-15T09:01:30 INFO 200 GET /api/leaderboard/global?limit=100 rt=11ms
2026-06-15T09:01:30 INFO 200 GET /api/leaderboard/global?limit=100 rt=26ms
2026-06-15T09:01:30 INFO 200 GET /api/leaderboard/global?limit=100 rt=13ms
2026-06-15T09:01:31 INFO 200 GET /api/leaderboard/global?limit=100 rt=23ms
2026-06-15T09:01:31 INFO 200 GET /api/leaderboard/global?limit=100 rt=12ms
2026-06-15T09:01:31 INFO 404 GET /api/unknown rt=6ms
2026-06-15T09:01:31 INFO 200 GET /api/categories rt=8ms
2026-06-15T09:01:31 INFO 200 GET /api/leaderboard/global?limit=100 rt=24ms
2026-06-15T09:01:32 INFO 404 GET /api/unknown rt=18ms
2026-06-15T09:01:32 INFO 200 GET /api/leaderboard/global?limit=100 rt=24ms
2026-06-15T09:01:32 INFO 200 GET /api/leaderboard/global?limit=100 rt=17ms
2026-06-15T09:01:32 INFO 200 GET /api/health rt=23ms
2026-06-15T09:01:32 INFO 404 GET /api/unknown rt=6ms
2026-06-15T09:01:33 INFO 200 GET /api/leaderboard/global?limit=100 rt=51ms
2026-06-15T09:01:33 INFO 200 GET /api/leaderboard/global?limit=100 rt=19ms
2026-06-15T09:01:33 INFO 404 GET /api/unknown rt=14ms
2026-06-15T09:01:33 INFO 200 GET /api/leaderboard/global?limit=100 rt=20ms
2026-06-15T09:01:33 INFO 200 GET /api/leaderboard/global?limit=100 rt=30ms
2026-06-15T09:01:33 INFO 200 GET /api/leaderboard/global?limit=100 rt=25ms
2026-06-15T09:01:34 INFO 200 GET /api/leaderboard/global?limit=100 rt=13ms
2026-06-15T09:01:34 INFO 200 GET /api/leaderboard/global?limit=100 rt=17ms
2026-06-15T09:01:34 INFO 200 GET /api/leaderboard/global?limit=100 rt=13ms
2026-06-15T09:01:35 INFO 200 GET /api/leaderboard/global?limit=100 rt=80ms
2026-06-15T09:01:36 INFO 200 GET /api/leaderboard/global?limit=100 rt=24ms
2026-06-15T09:01:36 INFO 200 GET /api/leaderboard/global?limit=100 rt=13ms
2026-06-15T09:01:37 INFO 200 GET /api/leaderboard/global?limit=100 rt=27ms
2026-06-15T09:01:37 INFO 200 GET /api/leaderboard/global?limit=100 rt=13ms
2026-06-15T09:01:38 INFO 200 GET /api/leaderboard/global?limit=100 rt=22ms
2026-06-15T09:01:38 INFO 200 GET /api/leaderboard/global?limit=100 rt=18ms
2026-06-15T09:01:39 INFO 200 GET /api/leaderboard/global?limit=100 rt=41ms
2026-06-15T09:01:39 INFO 200 GET /api/leaderboard/global?limit=100 rt=46ms
2026-06-15T09:01:39 INFO 200 GET /api/leaderboard/global?limit=100 rt=29ms
2026-06-15T09:01:40 INFO 200 GET /api/leaderboard/global?limit=100 rt=15ms
2026-06-15T09:01:40 INFO 404 GET /api/unknown rt=7ms
2026-06-15T09:01:40 INFO 200 GET /api/leaderboard/global?limit=100 rt=7ms
2026-06-15T09:01:40 INFO 200 GET /api/leaderboard/global?limit=100 rt=18ms
2026-06-15T09:01:41 INFO 200 GET /api/leaderboard/global?limit=100 rt=37ms
2026-06-15T09:01:41 INFO 200 GET /api/leaderboard/global?limit=100 rt=10ms
2026-06-15T09:01:41 INFO 200 GET /api/leaderboard/global?limit=100 rt=16ms
2026-06-15T09:01:46 INFO 200 GET /api/health rt=8ms
2026-06-15T09:01:46 INFO 200 GET /api/health rt=12ms
2026-06-15T09:01:46 INFO 404 GET /api/unknown rt=7ms
2026-06-15T09:01:46 INFO 200 GET /api/leaderboard/global?limit=100 rt=6ms
2026-06-15T09:01:46 INFO 200 GET /api/leaderboard/global?limit=100 rt=30ms
2026-06-15T09:01:46 INFO 404 GET /api/unknown rt=9ms
2026-06-15T09:01:46 INFO 200 GET /api/leaderboard/global?limit=100 rt=58ms
2026-06-15T09:01:46 INFO 404 GET /api/unknown rt=5ms
2026-06-15T09:01:46 INFO 200 GET /api/leaderboard/global?limit=100 rt=14ms
2026-06-15T09:01:46 INFO 404 GET /api/unknown rt=2ms
2026-06-15T09:01:46 INFO 200 GET /api/health rt=21ms
2026-06-15T09:01:46 INFO 200 GET /api/leaderboard/global?limit=100 rt=22ms
2026-06-15T09:01:46 INFO 200 GET /api/health rt=6ms
2026-06-15T09:01:48 INFO 200 GET /api/leaderboard/global?limit=100 rt=18ms
2026-06-15T09:01:48 INFO 200 GET /api/leaderboard/global?limit=100 rt=11ms
2026-06-15T09:01:48 INFO 200 GET /api/categories rt=19ms
2026-06-15T09:01:48 INFO 200 GET /api/leaderboard/global?limit=100 rt=30ms
2026-06-15T09:01:49 INFO 200 GET /api/health rt=34ms
2026-06-15T09:01:50 INFO 404 GET /api/unknown rt=13ms
2026-06-15T09:01:50 INFO 200 GET /api/leaderboard/global?limit=100 rt=21ms
2026-06-15T09:01:50 INFO 200 GET /api/leaderboard/global?limit=100 rt=20ms
2026-06-15T09:01:50 INFO 200 GET /api/leaderboard/global?limit=100 rt=11ms
2026-06-15T09:01:50 INFO 200 GET /api/leaderboard/global?limit=100 rt=12ms
2026-06-15T09:01:51 INFO 200 GET /api/health rt=45ms
2026-06-15T09:01:51 INFO 200 GET /api/categories rt=21ms
2026-06-15T09:01:52 INFO 200 GET /api/leaderboard/global?limit=100 rt=10ms
2026-06-15T09:01:53 INFO 200 GET /api/leaderboard/global?limit=100 rt=13ms
2026-06-15T09:01:53 INFO 200 GET /api/leaderboard/global?limit=100 rt=19ms
2026-06-15T09:01:53 INFO 200 GET /api/leaderboard/global?limit=100 rt=30ms
2026-06-15T09:01:53 INFO 200 GET /api/leaderboard/global?limit=100 rt=9ms
2026-06-15T09:01:53 INFO 200 GET /api/leaderboard/global?limit=100 rt=11ms
2026-06-15T09:01:53 INFO 200 GET /api/categories rt=19ms
2026-06-15T09:01:53 INFO 404 GET /api/unknown rt=16ms
2026-06-15T09:01:54 INFO 200 GET /api/leaderboard/global?limit=100 rt=40ms
2026-06-15T09:01:54 INFO 200 GET /api/leaderboard/global?limit=100 rt=28ms
2026-06-15T09:01:54 INFO 404 GET /api/unknown rt=7ms
2026-06-15T09:01:54 INFO 200 GET /api/health rt=21ms
2026-06-15T09:01:54 INFO 200 GET /api/leaderboard/global?limit=100 rt=22ms
2026-06-15T09:01:54 INFO 200 GET /api/leaderboard/global?limit=100 rt=22ms
2026-06-15T09:01:54 INFO 200 GET /api/categories rt=18ms
2026-06-15T09:01:54 INFO 200 GET /api/leaderboard/global?limit=100 rt=11ms
2026-06-15T09:01:54 INFO 200 GET /api/leaderboard/global?limit=100 rt=34ms
2026-06-15T09:01:54 INFO 200 GET /api/leaderboard/global?limit=100 rt=12ms
2026-06-15T09:01:55 INFO 200 GET /api/leaderboard/global?limit=100 rt=39ms
2026-06-15T09:01:55 INFO 200 GET /api/leaderboard/global?limit=100 rt=67ms
2026-06-15T09:01:55 INFO 200 GET /api/leaderboard/global?limit=100 rt=30ms
2026-06-15T09:01:55 INFO 404 GET /api/unknown rt=8ms
2026-06-15T09:01:55 INFO 200 GET /api/leaderboard/global?limit=100 rt=13ms
2026-06-15T09:01:55 INFO 200 GET /api/leaderboard/global?limit=100 rt=9ms
2026-06-15T09:01:56 INFO 200 GET /api/leaderboard/global?limit=100 rt=13ms
2026-06-15T09:01:56 INFO 200 GET /api/leaderboard/global?limit=100 rt=24ms
2026-06-15T09:01:56 INFO 200 GET /api/leaderboard/global?limit=100 rt=36ms
2026-06-15T09:01:56 INFO 200 GET /api/health rt=49ms
2026-06-15T09:01:57 INFO 200 GET /api/leaderboard/global?limit=100 rt=19ms
2026-06-15T09:01:57 INFO 200 GET /api/categories rt=18ms
2026-06-15T09:01:57 INFO 200 GET /api/leaderboard/global?limit=100 rt=5ms
2026-06-15T09:01:57 INFO 200 GET /api/leaderboard/global?limit=100 rt=24ms
2026-06-15T09:01:58 INFO 404 GET /api/unknown rt=17ms
2026-06-15T09:01:58 INFO 200 GET /api/leaderboard/global?limit=100 rt=22ms
2026-06-15T09:01:58 INFO 200 GET /api/leaderboard/global?limit=100 rt=10ms
2026-06-15T09:01:58 INFO 200 GET /api/categories rt=25ms
2026-06-15T09:01:58 INFO 200 GET /api/leaderboard/global?limit=100 rt=18ms
2026-06-15T09:01:58 INFO 200 GET /api/leaderboard/global?limit=100 rt=12ms
2026-06-15T09:01:58 INFO 200 GET /api/health rt=31ms
2026-06-15T09:01:58 INFO 200 GET /api/leaderboard/global?limit=100 rt=10ms
2026-06-15T09:01:58 INFO 200 GET /api/leaderboard/global?limit=100 rt=21ms
2026-06-15T09:01:58 INFO 200 GET /api/categories rt=19ms
2026-06-15T09:01:59 INFO 200 GET /api/leaderboard/global?limit=100 rt=12ms
2026-06-15T09:01:59 INFO 404 GET /api/unknown rt=4ms
