[Mon Jun 15 09:00:00 2026] [notice] mod_wsgi: 200 GET /api/leaderboard/global?limit=100
[Mon Jun 15 09:00:00 2026] [notice] mod_wsgi: 200 GET /api/leaderboard/global?limit=100
[Mon Jun 15 09:00:00 2026] [notice] mod_wsgi: 404 GET /api/unknown
[Mon Jun 15 09:00:00 2026] [notice] mod_wsgi: 200 GET /api/leaderboard/global?limit=100
[Mon Jun 15 09:00:00 2026] [notice] mod_wsgi: 200 GET /api/categories
[Mon Jun 15 09:00:00 2026] [notice] mod_wsgi: 200 GET /api/leaderboard/global?limit=100
[Mon Jun 15 09:00:01 2026] [notice] mod_wsgi: 200 GET /api/leaderboard/global?limit=100
[Mon Jun 15 09:00:01 2026] [notice] mod_wsgi: 200 GET /api/leaderboard/global?limit=100
[Mon Jun 15 09:00:01 2026] [notice] mod_wsgi: 200 GET /api/categories
[Mon Jun 15 09:00:01 2026] [notice] mod_wsgi: 200 GET /api/leaderboard/global?limit=100
[Mon Jun 15 09:00:02 2026] [notice] mod_wsgi: 200 GET /api/leaderboard/global?limit=100
[Mon Jun 15 09:00:02 2026] [notice] mod_wsgi: 200 GET /api/leaderboard/global?limit=100
[Mon Jun 15 09:00:02 2026] [notice] mod_wsgi: 200 GET /api/leaderboard/global?limit=100
[Mon Jun 15 09:00:02 2026] [notice] mod_wsgi: 200 GET /api/categories
[Mon Jun 15 09:00:02 2026] [notice] mod_wsgi: 200 GET /api/leaderboard/global?limit=100
[Mon Jun 15 09:00:02 2026] [notice] mod_wsgi: 200 GET /api/leaderboard/global?limit=100
[Mon Jun 15 09:00:02 2026] [notice] mod_wsgi: 404 GET /api/unknown
[Mon Jun 15 09:00:02 2026] [notice] mod_wsgi: 404 GET /api/unknown
[Mon Jun 15 09:00:02 2026] [notice] mod_wsgi: 200 GET /api/leaderboard/global?limit=100
[Mon Jun 15 09:00:02 2026] [notice] mod_wsgi: 200 GET /api/leaderboard/global?limit=100
[Mon Jun 15 09:00:03 2026] [notice] mod_wsgi: 200 GET /api/categories
[Mon Jun 15 09:00:03 2026] [notice] mod_wsgi: 200 GET /api/categories
[Mon Jun 15 09:00:03 2026] [notice] mod_wsgi: 200 GET /api/leaderboard/global?limit=100
[Mon Jun 15 09:00:03 2026] [notice] mod_wsgi: 404 GET /api/unknown
[Mon Jun 15 09:00:03 2026] [notice] mod_wsgi: 200 GET /api/categories
[Mon Jun 15 09:00:03 2026] [notice] mod_wsgi: 200 GET /api/health
[Mon Jun 15 09:00:03 2026] [notice] mod_wsgi: 200 GET /api/leaderboard/global?limit=100
[Mon Jun 15 09:00:04 2026] [notice] mod_wsgi: 200 GET /api/leaderboard/global?limit=100
[Mon Jun 15 09:00:04 2026] [notice] mod_wsgi: 200 GET /api/leaderboard/global?limit=100
[Mon Jun 15 09:00:04 2026] [notice] mod_wsgi: 200 GET /api/leaderboard/global?limit=100
[Mon Jun 15 09:00:04 2026] [notice] mod_wsgi: 200 GET /api/leaderboard/global?limit=100
[Mon Jun 15 09:00:04 2026] [notice] mod_wsgi: 200 GET /api/leaderboard/global?limit=100
[Mon Jun 15 09:00:04 2026] [notice] mod_wsgi: 200 GET /api/leaderboard/global?limit=100
[Mon Jun 15 09:00:04 2026] [notice] mod_wsgi: 200 GET /api/leaderboard/global?limit=100
[Mon Jun 15 09:00:05 2026] [notice] mod_wsgi: 200 GET /api/leaderboard/global?limit=100
[Mon Jun 15 09:00:05 2026] [notice] mod_wsgi: 200 GET /api/health
[Mon Jun 15 09:00:05 2026] [notice] mod_wsgi: 200 GET /api/categories
[Mon Jun 15 09:00:05 2026] [notice] mod_wsgi: 200 GET /api/leaderboard/global?limit=100
[Mon Jun 15 09:00:05 2026] [notice] mod_wsgi: 200 GET /api/categories
[Mon Jun 15 09:00:05 2026] [notice] mod_wsgi: 200 GET /api/leaderboard/global?limit=100
[Mon Jun 15 09:00:05 2026] [notice] mod_wsgi: 404 GET /api/unknown
[Mon Jun 15 09:00:05 2026] [notice] mod_wsgi: 200 GET /api/leaderboard/global?limit=100
[Mon Jun 15 09:00:05 2026] [notice] mod_wsgi: 200 GET /api/leaderboard/global?limit=100
[Mon Jun 15 09:00:06 2026] [notice] mod_wsgi: 200 GET /api/leaderboard/global?limit=100
[Mon Jun 15 09:00:06 2026] [notice] mod_wsgi: 200 GET /api/health
[Mon Jun 15 09:00:06 2026] [notice] mod_wsgi: 200 GET /api/leaderboard/global?limit=100
[Mon Jun 15 09:00:06 2026] [notice] mod_wsgi: 404 GET /api/unknown
[Mon Jun 15 09:00:06 2026] [notice] mod_wsgi: 200 GET /api/categories
[Mon Jun 15 09:00:06 2026] [notice] mod_wsgi: 200 GET /api/leaderboard/global?limit=100
[Mon Jun 15 09:00:07 2026] [notice] mod_wsgi: 200 GET /api/leaderboard/global?limit=100
[Mon Jun 15 09:00:07 2026] [notice] mod_wsgi: 404 GET /api/unknown
[Mon Jun 15 09:00:07 2026] [notice] mod_wsgi: 200 GET /api/leaderboard/global?limit=100
[Mon Jun 15 09:00:07 2026] [notice] mod_wsgi: 200 GET /api/leaderboard/global?limit=100
[Mon Jun 15 09:00:07 2026] [notice] mod_wsgi: 200 GET /api/categories
[Mon Jun 15 09:00:07 2026] [notice] mod_wsgi: 200 GET /api/health
[Mon Jun 15 09:00:07 2026] [notice] mod_wsgi: 200 GET /api/leaderboard/global?limit=100
[Mon Jun 15 09:00:08 2026] [notice] mod_wsgi: 200 GET /api/leaderboard/global?limit=100
[Mon Jun 15 09:00:08 2026] [notice] mod_wsgi: 200 GET /api/leaderboard/global?limit=100
[Mon Jun 15 09:00:08 2026] [notice] mod_wsgi: 200 GET /api/leaderboard/global?limit=100
[Mon Jun 15 09:00:08 2026] [notice] mod_wsgi: 404 GET /api/unknown
[Mon Jun 15 09:00:08 2026] [notice] mod_wsgi: 404 GET /api/unknown
[Mon Jun 15 09:00:08 2026] [notice] mod_wsgi: 200 GET /api/categories
[Mon Jun 15 09:00:08 2026] [notice] mod_wsgi: 200 GET /api/leaderboard/global?limit=100
[Mon Jun 15 09:00:08 2026] [notice] mod_wsgi: 200 GET /api/leaderboard/global?limit=100
[Mon Jun 15 09:00:08 2026] [notice] mod_wsgi: 200 GET /api/leaderboard/global?limit=100
[Mon Jun 15 09:00:08 2026] [notice] mod_wsgi: 200 GET /api/leaderboard/global?limit=100
[Mon Jun 15 09:00:08 2026] [notice] mod_wsgi: 200 GET /api/leaderboard/global?limit=100
[Mon Jun 15 09:00:08 2026] [notice] mod_wsgi: 200 GET /api/leaderboard/global?limit=100
[Mon Jun 15 09:00:08 2026] [notice] mod_wsgi: 200 GET /api/leaderboard/global?limit=100
[Mon Jun 15 09:00:09 2026] [notice] mod_wsgi: 200 GET /api/leaderboard/global?limit=100
[Mon Jun 15 09:00:09 2026] [notice] mod_wsgi: 200 GET /api/leaderboard/global?limit=100
[Mon Jun 15 09:00:09 2026] [notice] mod_wsgi: 200 GET /api/leaderboard/global?limit=100
[Mon Jun 15 09:00:09 2026] [notice] mod_wsgi: 200 GET /api/leaderboard/global?limit=100
[Mon Jun 15 09:00:09 2026] [notice] mod_wsgi: 200 GET /api/leaderboard/global?limit=100
[Mon Jun 15 09:00:09 2026] [notice] mod_wsgi: 200 GET /api/categories
[Mon Jun 15 09:00:09 2026] [notice] mod_wsgi: 200 GET /api/leaderboard/global?limit=100
[Mon Jun 15 09:00:09 2026] [notice] mod_wsgi: 200 GET /api/categories
[Mon Jun 15 09:00:09 2026] [notice] mod_wsgi: 200 GET /api/leaderboard/global?limit=100
[Mon Jun 15 09:00:10 2026] [notice] mod_wsgi: 200 GET /api/categories
[Mon Jun 15 09:00:10 2026] [notice] mod_wsgi: 404 GET /api/unknown
[Mon Jun 15 09:00:10 2026] [notice] mod_wsgi: 200 GET /api/leaderboard/global?limit=100
[Mon Jun 15 09:00:10 2026] [notice] mod_wsgi: 200 GET /api/leaderboard/global?limit=100
[Mon Jun 15 09:00:10 2026] [notice] mod_wsgi: 200 GET /api/leaderboard/global?limit=100
[Mon Jun 15 09:00:10 2026] [notice] mod_wsgi: 200 GET /api/leaderboard/global?limit=100
[Mon Jun 15 09:00:10 2026] [notice] mod_wsgi: 200 GET /api/leaderboard/global?limit=100
[Mon Jun 15 09:00:10 2026] [notice] mod_wsgi: 200 GET /api/leaderboard/global?limit=100
[Mon Jun 15 09:00:10 2026] [notice] mod_wsgi: 200 GET /api/leaderboard/global?limit=100
[Mon Jun 15 09:00:10 2026] [notice] mod_wsgi: 200 GET /api/leaderboard/global?limit=100
[Mon Jun 15 09:00:11 2026] [notice] mod_wsgi: 200 GET /api/leaderboard/global?limit=100
[Mon Jun 15 09:00:11 2026] [notice] mod_wsgi: 200 GET /api/leaderboard/global?limit=100
[Mon Jun 15 09:00:11 2026] [notice] mod_wsgi: 200 GET /api/leaderboard/global?limit=100
[Mon Jun 15 09:00:11 2026] [notice] mod_wsgi: 200 GET /api/leaderboard/global?limit=100
[Mon Jun 15 09:00:11 2026] [notice] mod_wsgi: 200 GET /api/categories
[Mon Jun 15 09:00:11 2026] [notice] mod_wsgi: 200 GET /api/leaderboard/global?limit=100
[Mon Jun 15 09:00:11 2026] [notice] mod_wsgi: 200 GET /api/health
[Mon Jun 15 09:00:11 2026] [notice] mod_wsgi: 200 GET /api/leaderboard/global?limit=100
[Mon Jun 15 09:00:12 2026] [notice] mod_wsgi: 200 GET /api/leaderboard/global?limit=100
[Mon Jun 15 09:00:12 2026] [notice] mod_wsgi: 200 GET /api/health
[Mon Jun 15 09:00:12 2026] [notice] mod_wsgi: 200 GET /api/leaderboard/global?limit=100
[Mon Jun 15 09:00:12 2026] [notice] mod_wsgi: 404 GET /api/unknown
[Mon Jun 15 09:00:12 2026] [notice] mod_wsgi: 200 GET /api/leaderboard/global?limit=100
[Mon Jun 15 09:00:12 2026] [notice] mod_wsgi: 200 GET /api/leaderboard/global?limit=100
[Mon Jun 15 09:00:12 2026] [notice] mod_wsgi: 200 GET /api/leaderboard/global?limit=100
[Mon Jun 15 09:00:12 2026] [notice] mod_wsgi: 200 GET /api/leaderboard/global?limit=100
[Mon Jun 15 09:00:12 2026] [notice] mod_wsgi: 200 GET /api/leaderboard/global?limit=100
[Mon Jun 15 09:00:12 2026] [notice] mod_wsgi: 200 GET /api/health
[Mon Jun 15 09:00:12 2026] [notice] mod_wsgi: 404 GET /api/unknown
[Mon Jun 15 09:00:12 2026] [notice] mod_wsgi: 200 GET /api/categories
[Mon Jun 15 09:00:12 2026] [notice] mod_wsgi: 200 GET /api/leaderboard/global?limit=100
[Mon Jun 15 09:00:13 2026] [notice] mod_wsgi: 200 GET /api/leaderboard/global?limit=100
[Mon Jun 15 09:00:13 2026] [notice] mod_wsgi: 404 GET /api/unknown
[Mon Jun 15 09:00:13 2026] [notice] mod_wsgi: 200 GET /api/leaderboard/global?limit=100
[Mon Jun 15 09:00:13 2026] [notice] mod_wsgi: 200 GET /api/leaderboard/global?limit=100
[Mon Jun 15 09:00:13 2026] [notice] mod_wsgi: 200 GET /api/leaderboard/global?limit=100
[Mon Jun 15 09:00:13 2026] [notice] mod_wsgi: 200 GET /api/leaderboard/global?limit=100
[Mon Jun 15 09:00:13 2026] [notice] mod_wsgi: 200 GET /api/leaderboard/global?limit=100
[Mon Jun 15 09:00:13 2026] [notice] mod_wsgi: 404 GET /api/unknown
[Mon Jun 15 09:00:13 2026] [notice] mod_wsgi: 200 GET /api/leaderboard/global?limit=100
[Mon Jun 15 09:00:13 2026] [notice] mod_wsgi: 200 GET /api/leaderboard/global?limit=100
[Mon Jun 15 09:00:13 2026] [notice] mod_wsgi: 200 GET /api/health
[Mon Jun 15 09:00:13 2026] [notice] mod_wsgi: 404 GET /api/unknown
[Mon Jun 15 09:00:14 2026] [notice] mod_wsgi: 200 GET /api/leaderboard/global?limit=100
[Mon Jun 15 09:00:14 2026] [notice] mod_wsgi: 200 GET /api/leaderboard/global?limit=100
[Mon Jun 15 09:00:14 2026] [notice] mod_wsgi: 200 GET /api/leaderboard/global?limit=100
[Mon Jun 15 09:00:14 2026] [notice] mod_wsgi: 200 GET /api/leaderboard/global?limit=100
[Mon Jun 15 09:00:14 2026] [notice] mod_wsgi: 200 GET /api/leaderboard/global?limit=100
[Mon Jun 15 09:00:14 2026] [notice] mod_wsgi: 200 GET /api/leaderboard/global?limit=100
[Mon Jun 15 09:00:14 2026] [notice] mod_wsgi: 200 GET /api/leaderboard/global?limit=100
[Mon Jun 15 09:00:14 2026] [notice] mod_wsgi: 200 GET /api/leaderboard/global?limit=100
[Mon Jun 15 09:00:14 2026] [notice] mod_wsgi: 200 GET /api/leaderboard/global?limit=100
[Mon Jun 15 09:00:14 2026] [notice] mod_wsgi: 200 GET /api/leaderboard/global?limit=100
[Mon Jun 15 09:00:14 2026] [notice] mod_wsgi: 200 GET /api/categories
[Mon Jun 15 09:00:14 2026] [notice] mod_wsgi: 404 GET /api/unknown
[Mon Jun 15 09:00:14 2026] [notice] mod_wsgi: 200 GET /api/categories
[Mon Jun 15 09:00:14 2026] [notice] mod_wsgi: 404 GET /api/unknown
[Mon Jun 15 09:00:14 2026] [notice] mod_wsgi: 200 GET /api/categories
[Mon Jun 15 09:00:15 2026] [notice] mod_wsgi: 200 GET /api/leaderboard/global?limit=100
[Mon Jun 15 09:00:15 2026] [notice] mod_wsgi: 200 GET /api/leaderboard/global?limit=100
[Mon Jun 15 09:00:15 2026] [notice] mod_wsgi: 200 GET /api/leaderboard/global?limit=100
[Mon Jun 15 09:00:15 2026] [notice] mod_wsgi: 200 GET /api/leaderboard/global?limit=100
[Mon Jun 15 09:00:15 2026] [notice] mod_wsgi: 200 GET /api/leaderboard/global?limit=100
[Mon Jun 15 09:00:15 2026] [notice] mod_wsgi: 200 GET /api/leaderboard/global?limit=100
[Mon Jun 15 09:00:16 2026] [notice] mod_wsgi: 200 GET /api/leaderboard/global?limit=100
[Mon Jun 15 09:00:16 2026] [notice] mod_wsgi: 200 GET /api/health
[Mon Jun 15 09:00:16 2026] [notice] mod_wsgi: 200 GET /api/leaderboard/global?limit=100
[Mon Jun 15 09:00:16 2026] [notice] mod_wsgi: 200 GET /api/leaderboard/global?limit=100
[Mon Jun 15 09:00:16 2026] [notice] mod_wsgi: 200 GET /api/categories
[Mon Jun 15 09:00:16 2026] [notice] mod_wsgi: 200 GET /api/leaderboard/global?limit=100
[Mon Jun 15 09:00:16 2026] [notice] mod_wsgi: 200 GET /api/categories
[Mon Jun 15 09:00:16 2026] [notice] mod_wsgi: 200 GET /api/leaderboard/global?limit=100
[Mon Jun 15 09:00:16 2026] [notice] mod_wsgi: 200 GET /api/leaderboard/global?limit=100
[Mon Jun 15 09:00:16 2026] [notice] mod_wsgi: 200 GET /api/categories
[Mon Jun 15 09:00:16 2026] [notice] mod_wsgi: 200 GET /api/leaderboard/global?limit=100
[Mon Jun 15 09:00:17 2026] [notice] mod_wsgi: 200 GET /api/leaderboard/global?limit=100
[Mon Jun 15 09:00:17 2026] [notice] mod_wsgi: 200 GET /api/leaderboard/global?limit=100
[Mon Jun 15 09:00:17 2026] [notice] mod_wsgi: 200 GET /api/leaderboard/global?limit=100
[Mon Jun 15 09:00:17 2026] [notice] mod_wsgi: 200 GET /api/leaderboard/global?limit=100
[Mon Jun 15 09:00:17 2026] [notice] mod_wsgi: 200 GET /api/health
[Mon Jun 15 09:00:17 2026] [notice] mod_wsgi: 200 GET /api/leaderboard/global?limit=100
[Mon Jun 15 09:00:17 2026] [notice] mod_wsgi: 200 GET /api/leaderboard/global?limit=100
[Mon Jun 15 09:00:17 2026] [notice] mod_wsgi: 200 GET /api/leaderboard/global?limit=100
[Mon Jun 15 09:00:17 2026] [notice] mod_wsgi: 200 GET /api/leaderboard/global?limit=100
[Mon Jun 15 09:00:17 2026] [notice] mod_wsgi: 200 GET /api/leaderboard/global?limit=100
[Mon Jun 15 09:00:17 2026] [notice] mod_wsgi: 200 GET /api/leaderboard/global?limit=100
[Mon Jun 15 09:00:17 2026] [notice] mod_wsgi: 200 GET /api/health
[Mon Jun 15 09:00:18 2026] [notice] mod_wsgi: 200 GET /api/leaderboard/global?limit=100
[Mon Jun 15 09:00:18 2026] [notice] mod_wsgi: 200 GET /api/leaderboard/global?limit=100
[Mon Jun 15 09:00:18 2026] [notice] mod_wsgi: 200 GET /api/leaderboard/global?limit=100
[Mon Jun 15 09:00:18 2026] [notice] mod_wsgi: 200 GET /api/leaderboard/global?limit=100
[Mon Jun 15 09:00:18 2026] [notice] mod_wsgi: 404 GET /api/unknown
[Mon Jun 15 09:00:19 2026] [notice] mod_wsgi: 200 GET /api/leaderboard/global?limit=100
[Mon Jun 15 09:00:19 2026] [notice] mod_wsgi: 200 GET /api/leaderboard/global?limit=100
[Mon Jun 15 09:00:20 2026] [notice] mod_wsgi: 200 GET /api/leaderboard/global?limit=100
[Mon Jun 15 09:00:20 2026] [notice] mod_wsgi: 200 GET /api/leaderboard/global?limit=100
[Mon Jun 15 09:00:20 2026] [notice] mod_wsgi: 200 GET /api/leaderboard/global?limit=100
[Mon Jun 15 09:00:21 2026] [notice] mod_wsgi: 200 GET /api/health
[Mon Jun 15 09:00:21 2026] [notice] mod_wsgi: 200 GET /api/leaderboard/global?limit=100
[Mon Jun 15 09:00:21 2026] [notice] mod_wsgi: 200 GET /api/leaderboard/global?limit=100
[Mon Jun 15 09:00:21 2026] [notice] mod_wsgi: 404 GET /api/unknown
[Mon Jun 15 09:00:21 2026] [notice] mod_wsgi: 200 GET /api/leaderboard/global?limit=100
[Mon Jun 15 09:00:21 2026] [notice] mod_wsgi: 200 GET /api/categories
[Mon Jun 15 09:00:21 2026] [notice] mod_wsgi: 200 GET /api/leaderboard/global?limit=100
[Mon Jun 15 09:00:22 2026] [notice] mod_wsgi: 200 GET /api/leaderboard/global?limit=100
[Mon Jun 15 09:00:22 2026] [notice] mod_wsgi: 200 GET /api/leaderboard/global?limit=100
[Mon Jun 15 09:00:22 2026] [notice] mod_wsgi: 200 GET /api/leaderboard/global?limit=100
[Mon Jun 15 09:00:22 2026] [notice] mod_wsgi: 200 GET /api/leaderboard/global?limit=100
[Mon Jun 15 09:00:22 2026] [notice] mod_wsgi: 200 GET /api/leaderboard/global?limit=100
[Mon Jun 15 09:00:23 2026] [notice] mod_wsgi: 200 GET /api/leaderboard/global?limit=100
[Mon Jun 15 09:00:23 2026] [notice] mod_wsgi: 200 GET /api/leaderboard/global?limit=100
[Mon Jun 15 09:00:23 2026] [notice] mod_wsgi: 200 GET /api/leaderboard/global?limit=100
[Mon Jun 15 09:00:23 2026] [notice] mod_wsgi: 200 GET /api/leaderboard/global?limit=100
[Mon Jun 15 09:00:23 2026] [notice] mod_wsgi: 200 GET /api/leaderboard/global?limit=100
[Mon Jun 15 09:00:23 2026] [notice] mod_wsgi: 200 GET /api/leaderboard/global?limit=100
[Mon Jun 15 09:00:23 2026] [notice] mod_wsgi: 200 GET /api/health
[Mon Jun 15 09:00:23 2026] [notice] mod_wsgi: 200 GET /api/leaderboard/global?limit=100
[Mon Jun 15 09:00:24 2026] [notice] mod_wsgi: 200 GET /api/leaderboard/global?limit=100
[Mon Jun 15 09:00:24 2026] [notice] mod_wsgi: 404 GET /api/unknown
[Mon Jun 15 09:00:24 2026] [notice] mod_wsgi: 200 GET /api/leaderboard/global?limit=100
[Mon Jun 15 09:00:24 2026] [notice] mod_wsgi: 200 GET /api/leaderboard/global?limit=100
[Mon Jun 15 09:00:24 2026] [notice] mod_wsgi: 200 GET /api/leaderboard/global?limit=100
[Mon Jun 15 09:00:24 2026] [notice] mod_wsgi: 200 GET /api/categories
[Mon Jun 15 09:00:24 2026] [notice] mod_wsgi: 200 GET /api/leaderboard/global?limit=100
[Mon Jun 15 09:00:25 2026] [notice] mod_wsgi: 200 GET /api/health
[Mon Jun 15 09:00:25 2026] [notice] mod_wsgi: 200 GET /api/categories
[Mon Jun 15 09:00:25 2026] [notice] mod_wsgi: 200 GET /api/leaderboard/global?limit=100
[Mon Jun 15 09:00:25 2026] [notice] mod_wsgi: 200 GET /api/leaderboard/global?limit=100
[Mon Jun 15 09:00:25 2026] [notice] mod_wsgi: 200 GET /api/leaderboard/global?limit=100
[Mon Jun 15 09:00:25 2026] [notice] mod_wsgi: 200 GET /api/leaderboard/global?limit=100
[Mon Jun 15 09:00:25 2026] [notice] mod_wsgi: 200 GET /api/leaderboard/global?limit=100
[Mon Jun 15 09:00:25 2026] [notice] mod_wsgi: 404 GET /api/unknown
[Mon Jun 15 09:00:25 2026] [notice] mod_wsgi: 200 GET /api/categories
[Mon Jun 15 09:00:25 2026] [notice] mod_wsgi: 200 GET /api/leaderboard/global?limit=100
[Mon Jun 15 09:00:25 2026] [notice] mod_wsgi: 200 GET /api/leaderboard/global?limit=100
[Mon Jun 15 09:00:25 2026] [notice] mod_wsgi: 200 GET /api/health
[Mon Jun 15 09:00:25 2026] [notice] mod_wsgi: 200 GET /api/leaderboard/global?limit=100
[Mon Jun 15 09:00:25 2026] [notice] mod_wsgi: 200 GET /api/leaderboard/global?limit=100
[Mon Jun 15 09:00:25 2026] [notice] mod_wsgi: 200 GET /api/leaderboard/global?limit=100
[Mon Jun 15 09:00:25 2026] [notice] mod_wsgi: 200 GET /api/leaderboard/global?limit=100
[Mon Jun 15 09:00:25 2026] [notice] mod_wsgi: 200 GET /api/leaderboard/global?limit=100
[Mon Jun 15 09:00:25 2026] [notice] mod_wsgi: 200 GET /api/leaderboard/global?limit=100
[Mon Jun 15 09:00:25 2026] [notice] mod_wsgi: 200 GET /api/health
[Mon Jun 15 09:00:25 2026] [notice] mod_wsgi: 200 GET /api/categories
[Mon Jun 15 09:00:25 2026] [notice] mod_wsgi: 404 GET /api/unknown
[Mon Jun 15 09:00:26 2026] [notice] mod_wsgi: 200 GET /api/leaderboard/global?limit=100
[Mon Jun 15 09:00:26 2026] [notice] mod_wsgi: 200 GET /api/leaderboard/global?limit=100
[Mon Jun 15 09:00:26 2026] [notice] mod_wsgi: 200 GET /api/categories
[Mon Jun 15 09:00:26 2026] [notice] mod_wsgi: 200 GET /api/leaderboard/global?limit=100
[Mon Jun 15 09:00:27 2026] [notice] mod_wsgi: 200 GET /api/categories
[Mon Jun 15 09:00:27 2026] [notice] mod_wsgi: 200 GET /api/leaderboard/global?limit=100
[Mon Jun 15 09:00:27 2026] [notice] mod_wsgi: 404 GET /api/unknown
[Mon Jun 15 09:00:27 2026] [notice] mod_wsgi: 200 GET /api/leaderboard/global?limit=100
[Mon Jun 15 09:00:27 2026] [notice] mod_wsgi: 200 GET /api/leaderboard/global?limit=100
[Mon Jun 15 09:00:28 2026] [notice] mod_wsgi: 200 GET /api/leaderboard/global?limit=100
[Mon Jun 15 09:00:28 2026] [notice] mod_wsgi: 200 GET /api/leaderboard/global?limit=100
[Mon Jun 15 09:00:28 2026] [notice] mod_wsgi: 200 GET /api/leaderboard/global?limit=100
[Mon Jun 15 09:00:28 2026] [notice] mod_wsgi: 200 GET /api/categories
[Mon Jun 15 09:00:28 2026] [notice] mod_wsgi: 200 GET /api/leaderboard/global?limit=100
[Mon Jun 15 09:00:28 2026] [notice] mod_wsgi: 200 GET /api/health
[Mon Jun 15 09:00:28 2026] [notice] mod_wsgi: 200 GET /api/leaderboard/global?limit=100
[Mon Jun 15 09:00:28 2026] [notice] mod_wsgi: 200 GET /api/leaderboard/global?limit=100
[Mon Jun 15 09:00:28 2026] [notice] mod_wsgi: 200 GET /api/leaderboard/global?limit=100
[Mon Jun 15 09:00:28 2026] [notice] mod_wsgi: 200 GET /api/leaderboard/global?limit=100
[Mon Jun 15 09:00:29 2026] [notice] mod_wsgi: 200 GET /api/categories
[Mon Jun 15 09:00:29 2026] [notice] mod_wsgi: 200 GET /api/leaderboard/global?limit=100
[Mon Jun 15 09:00:29 2026] [notice] mod_wsgi: 200 GET /api/leaderboard/global?limit=100
[Mon Jun 15 09:00:29 2026] [notice] mod_wsgi: 200 GET /api/leaderboard/global?limit=100
[Mon Jun 15 09:00:29 2026] [notice] mod_wsgi: 200 GET /api/leaderboard/global?limit=100
[Mon Jun 15 09:00:29 2026] [notice] mod_wsgi: 200 GET /api/categories
[Mon Jun 15 09:00:29 2026] [notice] mod_wsgi: 200 GET /api/health
[Mon Jun 15 09:00:29 2026] [notice] mod_wsgi: 200 GET /api/health
[Mon Jun 15 09:00:29 2026] [notice] mod_wsgi: 200 GET /api/leaderboard/global?limit=100
[Mon Jun 15 09:00:30 2026] [notice] mod_wsgi: 200 GET /api/leaderboard/global?limit=100
[Mon Jun 15 09:00:30 2026] [notice] mod_wsgi: 200 GET /api/categories
[Mon Jun 15 09:00:30 2026] [notice] mod_wsgi: 200 GET /api/health
[Mon Jun 15 09:00:30 2026] [notice] mod_wsgi: 200 GET /api/leaderboard/global?limit=100
[Mon Jun 15 09:00:30 2026] [notice] mod_wsgi: 200 GET /api/leaderboard/global?limit=100
[Mon Jun 15 09:00:30 2026] [notice] mod_wsgi: 200 GET /api/leaderboard/global?limit=100
[Mon Jun 15 09:00:30 2026] [notice] mod_wsgi: 200 GET /api/categories
[Mon Jun 15 09:00:30 2026] [notice] mod_wsgi: 200 GET /api/leaderboard/global?limit=100
[Mon Jun 15 09:00:30 2026] [notice] mod_wsgi: 404 GET /api/unknown
[Mon Jun 15 09:00:30 2026] [notice] mod_wsgi: 200 GET /api/leaderboard/global?limit=100
[Mon Jun 15 09:00:30 2026] [notice] mod_wsgi: 200 GET /api/leaderboard/global?limit=100
[Mon Jun 15 09:00:31 2026] [notice] mod_wsgi: 200 GET /api/leaderboard/global?limit=100
[Mon Jun 15 09:00:31 2026] [notice] mod_wsgi: 200 GET /api/leaderboard/global?limit=100
[Mon Jun 15 09:00:31 2026] [notice] mod_wsgi: 200 GET /api/health
[Mon Jun 15 09:00:31 2026] [notice] mod_wsgi: 200 GET /api/leaderboard/global?limit=100
[Mon Jun 15 09:00:31 2026] [notice] mod_wsgi: 200 GET /api/leaderboard/global?limit=100
[Mon Jun 15 09:00:31 2026] [notice] mod_wsgi: 404 GET /api/unknown
[Mon Jun 15 09:00:32 2026] [notice] mod_wsgi: 200 GET /api/leaderboard/global?limit=100
[Mon Jun 15 09:00:32 2026] [notice] mod_wsgi: 200 GET /api/leaderboard/global?limit=100
[Mon Jun 15 09:00:32 2026] [notice] mod_wsgi: 200 GET /api/leaderboard/global?limit=100
[Mon Jun 15 09:00:32 2026] [notice] mod_wsgi: 200 GET /api/leaderboard/global?limit=100
[Mon Jun 15 09:00:32 2026] [notice] mod_wsgi: 404 GET /api/unknown
[Mon Jun 15 09:00:32 2026] [notice] mod_wsgi: 200 GET /api/leaderboard/global?limit=100
[Mon Jun 15 09:00:32 2026] [notice] mod_wsgi: 200 GET /api/leaderboard/global?limit=100
[Mon Jun 15 09:00:32 2026] [notice] mod_wsgi: 200 GET /api/leaderboard/global?limit=100
[Mon Jun 15 09:00:33 2026] [notice] mod_wsgi: 200 GET /api/leaderboard/global?limit=100
[Mon Jun 15 09:00:33 2026] [notice] mod_wsgi: 200 GET /api/leaderboard/global?limit=100
[Mon Jun 15 09:00:33 2026] [notice] mod_wsgi: 200 GET /api/leaderboard/global?limit=100
[Mon Jun 15 09:00:33 2026] [notice] mod_wsgi: 200 GET /api/categories
[Mon Jun 15 09:00:33 2026] [notice] mod_wsgi: 200 GET /api/health
[Mon Jun 15 09:00:34 2026] [notice] mod_wsgi: 200 GET /api/leaderboard/global?limit=100
[Mon Jun 15 09:00:34 2026] [notice] mod_wsgi: 200 GET /api/leaderboard/global?limit=100
[Mon Jun 15 09:00:34 2026] [notice] mod_wsgi: 200 GET /api/leaderboard/global?limit=100
[Mon Jun 15 09:00:34 2026] [notice] mod_wsgi: 200 GET /api/leaderboard/global?limit=100
[Mon Jun 15 09:00:35 2026] [notice] mod_wsgi: 404 GET /api/unknown
[Mon Jun 15 09:00:35 2026] [notice] mod_wsgi: 200 GET /api/leaderboard/global?limit=100
[Mon Jun 15 09:00:35 2026] [notice] mod_wsgi: 200 GET /api/leaderboard/global?limit=100
[Mon Jun 15 09:00:35 2026] [notice] mod_wsgi: 200 GET /api/leaderboard/global?limit=100
[Mon Jun 15 09:00:35 2026] [notice] mod_wsgi: 200 GET /api/health
[Mon Jun 15 09:00:35 2026] [notice] mod_wsgi: 200 GET /api/leaderboard/global?limit=100
[Mon Jun 15 09:00:35 2026] [notice] mod_wsgi: 404 GET /api/unknown
[Mon Jun 15 09:00:36 2026] [notice] mod_wsgi: 404 GET /api/unknown
[Mon Jun 15 09:00:36 2026] [notice] mod_wsgi: 200 GET /api/leaderboard/global?limit=100
[Mon Jun 15 09:00:36 2026] [notice] mod_wsgi: 404 GET /api/unknown
[Mon Jun 15 09:00:36 2026] [notice] mod_wsgi: 200 GET /api/leaderboard/global?limit=100
[Mon Jun 15 09:00:36 2026] [notice] mod_wsgi: 404 GET /api/unknown
[Mon Jun 15 09:00:36 2026] [notice] mod_wsgi: 200 GET /api/leaderboard/global?limit=100
[Mon Jun 15 09:00:36 2026] [notice] mod_wsgi: 200 GET /api/leaderboard/global?limit=100
[Mon Jun 15 09:00:36 2026] [notice] mod_wsgi: 200 GET /api/leaderboard/global?limit=100
[Mon Jun 15 09:00:36 2026] [notice] mod_wsgi: 200 GET /api/leaderboard/global?limit=100
[Mon Jun 15 09:00:36 2026] [notice] mod_wsgi: 200 GET /api/leaderboard/global?limit=100
[Mon Jun 15 09:00:36 2026] [notice] mod_wsgi: 200 GET /api/health
[Mon Jun 15 09:00:36 2026] [notice] mod_wsgi: 200 GET /api/leaderboard/global?limit=100
[Mon Jun 15 09:00:36 2026] [notice] mod_wsgi: 200 GET /api/leaderboard/global?limit=100
[Mon Jun 15 09:00:36 2026] [notice] mod_wsgi: 200 GET /api/leaderboard/global?limit=100
[Mon Jun 15 09:00:36 2026] [notice] mod_wsgi: 200 GET /api/leaderboard/global?limit=100
[Mon Jun 15 09:00:36 2026] [notice] mod_wsgi: 200 GET /api/leaderboard/global?limit=100
[Mon Jun 15 09:00:37 2026] [notice] mod_wsgi: 200 GET /api/health
[Mon Jun 15 09:00:37 2026] [notice] mod_wsgi: 200 GET /api/leaderboard/global?limit=100
[Mon Jun 15 09:00:37 2026] [notice] mod_wsgi: 200 GET /api/leaderboard/global?limit=100
[Mon Jun 15 09:00:37 2026] [notice] mod_wsgi: 200 GET /api/leaderboard/global?limit=100
[Mon Jun 15 09:00:37 2026] [notice] mod_wsgi: 200 GET /api/leaderboard/global?limit=100
[Mon Jun 15 09:00:38 2026] [notice] mod_wsgi: 200 GET /api/leaderboard/global?limit=100
[Mon Jun 15 09:00:38 2026] [notice] mod_wsgi: 200 GET /api/leaderboard/global?limit=100
[Mon Jun 15 09:00:38 2026] [notice] mod_wsgi: 200 GET /api/leaderboard/global?limit=100
[Mon Jun 15 09:00:39 2026] [notice] mod_wsgi: 200 GET /api/leaderboard/global?limit=100
[Mon Jun 15 09:00:39 2026] [notice] mod_wsgi: 200 GET /api/leaderboard/global?limit=100
[Mon Jun 15 09:00:39 2026] [notice] mod_wsgi: 200 GET /api/categories
[Mon Jun 15 09:00:40 2026] [notice] mod_wsgi: 200 GET /api/categories
[Mon Jun 15 09:00:40 2026] [notice] mod_wsgi: 200 GET /api/categories
[Mon Jun 15 09:00:40 2026] [notice] mod_wsgi: 200 GET /api/leaderboard/global?limit=100
[Mon Jun 15 09:00:40 2026] [notice] mod_wsgi: 200 GET /api/leaderboard/global?limit=100
[Mon Jun 15 09:00:40 2026] [notice] mod_wsgi: 200 GET /api/categories
[Mon Jun 15 09:00:41 2026] [notice] mod_wsgi: 200 GET /api/leaderboard/global?limit=100
[Mon Jun 15 09:00:41 2026] [notice] mod_wsgi: 200 GET /api/leaderboard/global?limit=100
[Mon Jun 15 09:00:42 2026] [notice] mod_wsgi: 200 GET /api/leaderboard/global?limit=100
[Mon Jun 15 09:00:42 2026] [notice] mod_wsgi: 200 GET /api/leaderboard/global?limit=100
[Mon Jun 15 09:00:42 2026] [notice] mod_wsgi: 200 GET /api/leaderboard/global?limit=100
[Mon Jun 15 09:00:43 2026] [notice] mod_wsgi: 200 GET /api/leaderboard/global?limit=100
[Mon Jun 15 09:00:43 2026] [notice] mod_wsgi: 404 GET /api/unknown
[Mon Jun 15 09:00:43 2026] [notice] mod_wsgi: 200 GET /api/leaderboard/global?limit=100
[Mon Jun 15 09:00:44 2026] [notice] mod_wsgi: 200 GET /api/leaderboard/global?limit=100
[Mon Jun 15 09:00:44 2026] [notice] mod_wsgi: 200 GET /api/leaderboard/global?limit=100
[Mon Jun 15 09:00:44 2026] [notice] mod_wsgi: 200 GET /api/leaderboard/global?limit=100
[Mon Jun 15 09:00:45 2026] [notice] mod_wsgi: 200 GET /api/leaderboard/global?limit=100
[Mon Jun 15 09:00:45 2026] [notice] mod_wsgi: 200 GET /api/leaderboard/global?limit=100
[Mon Jun 15 09:00:45 2026] [notice] mod_wsgi: 200 GET /api/leaderboard/global?limit=100
[Mon Jun 15 09:00:45 2026] [notice] mod_wsgi: 200 GET /api/leaderboard/global?limit=100
[Mon Jun 15 09:00:47 2026] [notice] mod_wsgi: 200 GET /api/leaderboard/global?limit=100
[Mon Jun 15 09:00:47 2026] [notice] mod_wsgi: 200 GET /api/leaderboard/global?limit=100
[Mon Jun 15 09:00:47 2026] [notice] mod_wsgi: 200 GET /api/leaderboard/global?limit=100
[Mon Jun 15 09:00:47 2026] [notice] mod_wsgi: 200 GET /api/leaderboard/global?limit=100
[Mon Jun 15 09:00:47 2026] [notice] mod_wsgi: 200 GET /api/categories
[Mon Jun 15 09:00:48 2026] [notice] mod_wsgi: 200 GET /api/categories
[Mon Jun 15 09:00:48 2026] [notice] mod_wsgi: 200 GET /api/leaderboard/global?limit=100
[Mon Jun 15 09:00:49 2026] [notice] mod_wsgi: 200 GET /api/leaderboard/global?limit=100
[Mon Jun 15 09:00:49 2026] [notice] mod_wsgi: 200 GET /api/categories
[Mon Jun 15 09:00:49 2026] [notice] mod_wsgi: 200 GET /api/leaderboard/global?limit=100
[Mon Jun 15 09:00:49 2026] [notice] mod_wsgi: 200 GET /api/leaderboard/global?limit=100
[Mon Jun 15 09:00:49 2026] [notice] mod_wsgi: 200 GET /api/health
[Mon Jun 15 09:00:50 2026] [notice] mod_wsgi: 200 GET /api/leaderboard/global?limit=100
[Mon Jun 15 09:00:50 2026] [notice] mod_wsgi: 200 GET /api/leaderboard/global?limit=100
[Mon Jun 15 09:00:51 2026] [notice] mod_wsgi: 200 GET /api/categories
[Mon Jun 15 09:00:51 2026] [notice] mod_wsgi: 200 GET /api/leaderboard/global?limit=100
[Mon Jun 15 09:00:51 2026] [notice] mod_wsgi: 200 GET /api/leaderboard/global?limit=100
[Mon Jun 15 09:00:51 2026] [notice] mod_wsgi: 200 GET /api/leaderboard/global?limit=100
[Mon Jun 15 09:00:51 2026] [notice] mod_wsgi: 200 GET /api/leaderboard/global?limit=100
[Mon Jun 15 09:00:52 2026] [notice] mod_wsgi: 200 GET /api/leaderboard/global?limit=100
[Mon Jun 15 09:00:52 2026] [notice] mod_wsgi: 404 GET /api/unknown
[Mon Jun 15 09:00:52 2026] [notice] mod_wsgi: 200 GET /api/leaderboard/global?limit=100
[Mon Jun 15 09:00:53 2026] [notice] mod_wsgi: 404 GET /api/unknown
[Mon Jun 15 09:00:53 2026] [notice] mod_wsgi: 200 GET /api/categories
[Mon Jun 15 09:00:53 2026] [notice] mod_wsgi: 404 GET /api/unknown
[Mon Jun 15 09:00:53 2026] [notice] mod_wsgi: 200 GET /api/leaderboard/global?limit=100
[Mon Jun 15 09:00:54 2026] [notice] mod_wsgi: 200 GET /api/leaderboard/global?limit=100
[Mon Jun 15 09:00:54 2026] [notice] mod_wsgi: 200 GET /api/leaderboard/global?limit=100
[Mon Jun 15 09:00:55 2026] [notice] mod_wsgi: 200 GET /api/leaderboard/global?limit=100
[Mon Jun 15 09:00:55 2026] [notice] mod_wsgi: 200 GET /api/leaderboard/global?limit=100
[Mon Jun 15 09:00:55 2026] [notice] mod_wsgi: 200 GET /api/leaderboard/global?limit=100
[Mon Jun 15 09:00:56 2026] [notice] mod_wsgi: 200 GET /api/leaderboard/global?limit=100
[Mon Jun 15 09:00:56 2026] [notice] mod_wsgi: 404 GET /api/unknown
[Mon Jun 15 09:00:56 2026] [notice] mod_wsgi: 200 GET /api/leaderboard/global?limit=100
[Mon Jun 15 09:00:56 2026] [notice] mod_wsgi: 200 GET /api/leaderboard/global?limit=100
[Mon Jun 15 09:00:56 2026] [notice] mod_wsgi: 200 GET /api/leaderboard/global?limit=100
[Mon Jun 15 09:00:56 2026] [notice] mod_wsgi: 200 GET /api/leaderboard/global?limit=100
[Mon Jun 15 09:00:57 2026] [notice] mod_wsgi: 200 GET /api/health
[Mon Jun 15 09:00:57 2026] [notice] mod_wsgi: 200 GET /api/leaderboard/global?limit=100
[Mon Jun 15 09:00:57 2026] [notice] mod_wsgi: 200 GET /api/leaderboard/global?limit=100
[Mon Jun 15 09:00:57 2026] [notice] mod_wsgi: 404 GET /api/unknown
[Mon Jun 15 09:00:57 2026] [notice] mod_wsgi: 200 GET /api/categories
[Mon Jun 15 09:00:57 2026] [notice] mod_wsgi: 200 GET /api/leaderboard/global?limit=100
[Mon Jun 15 09:00:57 2026] [notice] mod_wsgi: 404 GET /api/unknown
[Mon Jun 15 09:00:58 2026] [notice] mod_wsgi: 404 GET /api/unknown
[Mon Jun 15 09:00:58 2026] [notice] mod_wsgi: 200 GET /api/leaderboard/global?limit=100
[Mon Jun 15 09:00:58 2026] [notice] mod_wsgi: 200 GET /api/health
[Mon Jun 15 09:00:58 2026] [notice] mod_wsgi: 200 GET /api/categories
[Mon Jun 15 09:00:59 2026] [notice] mod_wsgi: 200 GET /api/leaderboard/global?limit=100
[Mon Jun 15 09:00:59 2026] [notice] mod_wsgi: 200 GET /api/leaderboard/global?limit=100
[Mon Jun 15 09:00:59 2026] [notice] mod_wsgi: 200 GET /api/leaderboard/global?limit=100
[Mon Jun 15 09:00:59 2026] [notice] mod_wsgi: 404 GET /api/unknown
[Mon Jun 15 09:00:59 2026] [notice] mod_wsgi: 200 GET /api/leaderboard/global?limit=100
[Mon Jun 15 09:00:59 2026] [notice] mod_wsgi: 200 GET /api/leaderboard/global?limit=100
[Mon Jun 15 09:01:00 2026] [notice] mod_wsgi: 404 GET /api/unknown
[Mon Jun 15 09:01:00 2026] [notice] mod_wsgi: 200 GET /api/categories
[Mon Jun 15 09:01:00 2026] [notice] mod_wsgi: 200 GET /api/health
[Mon Jun 15 09:01:00 2026] [notice] mod_wsgi: 200 GET /api/health
[Mon Jun 15 09:01:00 2026] [notice] mod_wsgi: 404 GET /api/unknown
[Mon Jun 15 09:01:00 2026] [notice] mod_wsgi: 200 GET /api/categories
[Mon Jun 15 09:01:01 2026] [notice] mod_wsgi: 200 GET /api/leaderboard/global?limit=100
[Mon Jun 15 09:01:01 2026] [notice] mod_wsgi: 200 GET /api/health
[Mon Jun 15 09:01:02 2026] [notice] mod_wsgi: 200 GET /api/categories
[Mon Jun 15 09:01:02 2026] [notice] mod_wsgi: 200 GET /api/leaderboard/global?limit=100
[Mon Jun 15 09:01:02 2026] [notice] mod_wsgi: 200 GET /api/leaderboard/global?limit=100
[Mon Jun 15 09:01:02 2026] [notice] mod_wsgi: 200 GET /api/leaderboard/global?limit=100
[Mon Jun 15 09:01:02 2026] [notice] mod_wsgi: 200 GET /api/leaderboard/global?limit=100
[Mon Jun 15 09:01:02 2026] [notice] mod_wsgi: 200 GET /api/leaderboard/global?limit=100
[Mon Jun 15 09:01:02 2026] [notice] mod_wsgi: 200 GET /api/leaderboard/global?limit=100
[Mon Jun 15 09:01:02 2026] [notice] mod_wsgi: 200 GET /api/leaderboard/global?limit=100
[Mon Jun 15 09:01:02 2026] [notice] mod_wsgi: 200 GET /api/categories
[Mon Jun 15 09:01:03 2026] [notice] mod_wsgi: 200 GET /api/leaderboard/global?limit=100
[Mon Jun 15 09:01:03 2026] [notice] mod_wsgi: 200 GET /api/leaderboard/global?limit=100
[Mon Jun 15 09:01:03 2026] [notice] mod_wsgi: 200 GET /api/leaderboard/global?limit=100
[Mon Jun 15 09:01:03 2026] [notice] mod_wsgi: 200 GET /api/leaderboard/global?limit=100
[Mon Jun 15 09:01:03 2026] [notice] mod_wsgi: 200 GET /api/leaderboard/global?limit=100
[Mon Jun 15 09:01:03 2026] [notice] mod_wsgi: 200 GET /api/categories
[Mon Jun 15 09:01:03 2026] [notice] mod_wsgi: 200 GET /api/leaderboard/global?limit=100
[Mon Jun 15 09:01:03 2026] [notice] mod_wsgi: 404 GET /api/unknown
[Mon Jun 15 09:01:04 2026] [notice] mod_wsgi: 404 GET /api/unknown
[Mon Jun 15 09:01:04 2026] [notice] mod_wsgi: 200 GET /api/categories
[Mon Jun 15 09:01:04 2026] [notice] mod_wsgi: 200 GET /api/leaderboard/global?limit=100
[Mon Jun 15 09:01:04 2026] [notice] mod_wsgi: 200 GET /api/leaderboard/global?limit=100
[Mon Jun 15 09:01:04 2026] [notice] mod_wsgi: 200 GET /api/leaderboard/global?limit=100
[Mon Jun 15 09:01:04 2026] [notice] mod_wsgi: 200 GET /api/leaderboard/global?limit=100
[Mon Jun 15 09:01:04 2026] [notice] mod_wsgi: 404 GET /api/unknown
[Mon Jun 15 09:01:04 2026] [notice] mod_wsgi: 200 GET /api/leaderboard/global?limit=100
[Mon Jun 15 09:01:04 2026] [notice] mod_wsgi: 404 GET /api/unknown
[Mon Jun 15 09:01:04 2026] [notice] mod_wsgi: 200 GET /api/categories
[Mon Jun 15 09:01:04 2026] [notice] mod_wsgi: 200 GET /api/leaderboard/global?limit=100
[Mon Jun 15 09:01:04 2026] [notice] mod_wsgi: 200 GET /api/leaderboard/global?limit=100
[Mon Jun 15 09:01:04 2026] [notice] mod_wsgi: 200 GET /api/leaderboard/global?limit=100
[Mon Jun 15 09:01:05 2026] [notice] mod_wsgi: 200 GET /api/leaderboard/global?limit=100
[Mon Jun 15 09:01:05 2026] [notice] mod_wsgi: 200 GET /api/leaderboard/global?limit=100
[Mon Jun 15 09:01:05 2026] [notice] mod_wsgi: 200 GET /api/leaderboard/global?limit=100
[Mon Jun 15 09:01:05 2026] [notice] mod_wsgi: 200 GET /api/leaderboard/global?limit=100
[Mon Jun 15 09:01:05 2026] [notice] mod_wsgi: 200 GET /api/leaderboard/global?limit=100
[Mon Jun 15 09:01:06 2026] [notice] mod_wsgi: 200 GET /api/leaderboard/global?limit=100
[Mon Jun 15 09:01:06 2026] [notice] mod_wsgi: 200 GET /api/leaderboard/global?limit=100
[Mon Jun 15 09:01:06 2026] [notice] mod_wsgi: 404 GET /api/unknown
[Mon Jun 15 09:01:06 2026] [notice] mod_wsgi: 200 GET /api/leaderboard/global?limit=100
[Mon Jun 15 09:01:06 2026] [notice] mod_wsgi: 200 GET /api/leaderboard/global?limit=100
[Mon Jun 15 09:01:06 2026] [notice] mod_wsgi: 200 GET /api/health
[Mon Jun 15 09:01:06 2026] [notice] mod_wsgi: 404 GET /api/unknown
[Mon Jun 15 09:01:07 2026] [notice] mod_wsgi: 200 GET /api/health
[Mon Jun 15 09:01:07 2026] [notice] mod_wsgi: 200 GET /api/categories
[Mon Jun 15 09:01:07 2026] [notice] mod_wsgi: 200 GET /api/leaderboard/global?limit=100
[Mon Jun 15 09:01:07 2026] [notice] mod_wsgi: 200 GET /api/leaderboard/global?limit=100
[Mon Jun 15 09:01:07 2026] [notice] mod_wsgi: 200 GET /api/health
[Mon Jun 15 09:01:07 2026] [notice] mod_wsgi: 200 GET /api/leaderboard/global?limit=100
[Mon Jun 15 09:01:07 2026] [notice] mod_wsgi: 200 GET /api/leaderboard/global?limit=100
[Mon Jun 15 09:01:07 2026] [notice] mod_wsgi: 200 GET /api/leaderboard/global?limit=100
[Mon Jun 15 09:01:08 2026] [notice] mod_wsgi: 200 GET /api/leaderboard/global?limit=100
[Mon Jun 15 09:01:08 2026] [notice] mod_wsgi: 200 GET /api/leaderboard/global?limit=100
[Mon Jun 15 09:01:08 2026] [notice] mod_wsgi: 200 GET /api/categories
[Mon Jun 15 09:01:08 2026] [notice] mod_wsgi: 200 GET /api/leaderboard/global?limit=100
[Mon Jun 15 09:01:08 2026] [notice] mod_wsgi: 200 GET /api/leaderboard/global?limit=100
[Mon Jun 15 09:01:08 2026] [notice] mod_wsgi: 404 GET /api/unknown
[Mon Jun 15 09:01:08 2026] [notice] mod_wsgi: 200 GET /api/leaderboard/global?limit=100
[Mon Jun 15 09:01:08 2026] [notice] mod_wsgi: 404 GET /api/unknown
[Mon Jun 15 09:01:08 2026] [notice] mod_wsgi: 200 GET /api/leaderboard/global?limit=100
[Mon Jun 15 09:01:08 2026] [notice] mod_wsgi: 200 GET /api/leaderboard/global?limit=100
[Mon Jun 15 09:01:09 2026] [notice] mod_wsgi: 200 GET /api/categories
[Mon Jun 15 09:01:09 2026] [notice] mod_wsgi: 200 GET /api/leaderboard/global?limit=100
[Mon Jun 15 09:01:09 2026] [notice] mod_wsgi: 200 GET /api/leaderboard/global?limit=100
[Mon Jun 15 09:01:09 2026] [notice] mod_wsgi: 200 GET /api/leaderboard/global?limit=100
[Mon Jun 15 09:01:09 2026] [notice] mod_wsgi: 200 GET /api/leaderboard/global?limit=100
[Mon Jun 15 09:01:09 2026] [notice] mod_wsgi: 200 GET /api/leaderboard/global?limit=100
[Mon Jun 15 09:01:09 2026] [notice] mod_wsgi: 200 GET /api/leaderboard/global?limit=100
[Mon Jun 15 09:01:09 2026] [notice] mod_wsgi: 200 GET /api/leaderboard/global?limit=100
[Mon Jun 15 09:01:09 2026] [notice] mod_wsgi: 200 GET /api/leaderboard/global?limit=100
[Mon Jun 15 09:01:09 2026] [notice] mod_wsgi: 200 GET /api/health
[Mon Jun 15 09:01:09 2026] [notice] mod_wsgi: 200 GET /api/leaderboard/global?limit=100
[Mon Jun 15 09:01:09 2026] [notice] mod_wsgi: 200 GET /api/leaderboard/global?limit=100
[Mon Jun 15 09:01:09 2026] [notice] mod_wsgi: 404 GET /api/unknown
[Mon Jun 15 09:01:10 2026] [notice] mod_wsgi: 200 GET /api/leaderboard/global?limit=100
[Mon Jun 15 09:01:10 2026] [notice] mod_wsgi: 200 GET /api/leaderboard/global?limit=100
[Mon Jun 15 09:01:10 2026] [notice] mod_wsgi: 200 GET /api/leaderboard/global?limit=100
[Mon Jun 15 09:01:10 2026] [notice] mod_wsgi: 200 GET /api/leaderboard/global?limit=100
[Mon Jun 15 09:01:10 2026] [notice] mod_wsgi: 200 GET /api/leaderboard/global?limit=100
[Mon Jun 15 09:01:10 2026] [notice] mod_wsgi: 404 GET /api/unknown
[Mon Jun 15 09:01:10 2026] [notice] mod_wsgi: 200 GET /api/leaderboard/global?limit=100
[Mon Jun 15 09:01:10 2026] [notice] mod_wsgi: 200 GET /api/leaderboard/global?limit=100
[Mon Jun 15 09:01:10 2026] [notice] mod_wsgi: 404 GET /api/unknown
[Mon Jun 15 09:01:10 2026] [notice] mod_wsgi: 200 GET /api/leaderboard/global?limit=100
[Mon Jun 15 09:01:11 2026] [notice] mod_wsgi: 200 GET /api/categories
[Mon Jun 15 09:01:11 2026] [notice] mod_wsgi: 200 GET /api/health
[Mon Jun 15 09:01:11 2026] [notice] mod_wsgi: 200 GET /api/leaderboard/global?limit=100
[Mon Jun 15 09:01:11 2026] [notice] mod_wsgi: 200 GET /api/leaderboard/global?limit=100
[Mon Jun 15 09:01:11 2026] [notice] mod_wsgi: 200 GET /api/health
[Mon Jun 15 09:01:11 2026] [notice] mod_wsgi: 200 GET /api/categories
[Mon Jun 15 09:01:11 2026] [notice] mod_wsgi: 200 GET /api/leaderboard/global?limit=100
[Mon Jun 15 09:01:11 2026] [notice] mod_wsgi: 200 GET /api/leaderboard/global?limit=100
[Mon Jun 15 09:01:11 2026] [notice] mod_wsgi: 200 GET /api/health
[Mon Jun 15 09:01:11 2026] [notice] mod_wsgi: 200 GET /api/leaderboard/global?limit=100
[Mon Jun 15 09:01:11 2026] [notice] mod_wsgi: 200 GET /api/leaderboard/global?limit=100
[Mon Jun 15 09:01:11 2026] [notice] mod_wsgi: 404 GET /api/unknown
[Mon Jun 15 09:01:12 2026] [notice] mod_wsgi: 404 GET /api/unknown
[Mon Jun 15 09:01:12 2026] [notice] mod_wsgi: 200 GET /api/categories
[Mon Jun 15 09:01:12 2026] [notice] mod_wsgi: 200 GET /api/leaderboard/global?limit=100
[Mon Jun 15 09:01:12 2026] [notice] mod_wsgi: 200 GET /api/leaderboard/global?limit=100
[Mon Jun 15 09:01:12 2026] [notice] mod_wsgi: 200 GET /api/leaderboard/global?limit=100
[Mon Jun 15 09:01:12 2026] [notice] mod_wsgi: 200 GET /api/categories
[Mon Jun 15 09:01:12 2026] [notice] mod_wsgi: 200 GET /api/health
[Mon Jun 15 09:01:12 2026] [notice] mod_wsgi: 200 GET /api/health
[Mon Jun 15 09:01:12 2026] [notice] mod_wsgi: 200 GET /api/leaderboard/global?limit=100
[Mon Jun 15 09:01:12 2026] [notice] mod_wsgi: 200 GET /api/leaderboard/global?limit=100
[Mon Jun 15 09:01:12 2026] [notice] mod_wsgi: 200 GET /api/leaderboard/global?limit=100
[Mon Jun 15 09:01:12 2026] [notice] mod_wsgi: 200 GET /api/categories
[Mon Jun 15 09:01:12 2026] [notice] mod_wsgi: 200 GET /api/leaderboard/global?limit=100
[Mon Jun 15 09:01:12 2026] [notice] mod_wsgi: 404 GET /api/unknown
[Mon Jun 15 09:01:13 2026] [notice] mod_wsgi: 200 GET /api/leaderboard/global?limit=100
[Mon Jun 15 09:01:13 2026] [notice] mod_wsgi: 200 GET /api/leaderboard/global?limit=100
[Mon Jun 15 09:01:13 2026] [notice] mod_wsgi: 200 GET /api/categories
[Mon Jun 15 09:01:13 2026] [notice] mod_wsgi: 200 GET /api/leaderboard/global?limit=100
[Mon Jun 15 09:01:13 2026] [notice] mod_wsgi: 404 GET /api/unknown
[Mon Jun 15 09:01:13 2026] [notice] mod_wsgi: 200 GET /api/leaderboard/global?limit=100
[Mon Jun 15 09:01:13 2026] [notice] mod_wsgi: 200 GET /api/leaderboard/global?limit=100
[Mon Jun 15 09:01:13 2026] [notice] mod_wsgi: 200 GET /api/leaderboard/global?limit=100
[Mon Jun 15 09:01:13 2026] [notice] mod_wsgi: 200 GET /api/leaderboard/global?limit=100
[Mon Jun 15 09:01:13 2026] [notice] mod_wsgi: 200 GET /api/leaderboard/global?limit=100
[Mon Jun 15 09:01:13 2026] [notice] mod_wsgi: 200 GET /api/categories
[Mon Jun 15 09:01:14 2026] [notice] mod_wsgi: 200 GET /api/leaderboard/global?limit=100
[Mon Jun 15 09:01:14 2026] [notice] mod_wsgi: 200 GET /api/leaderboard/global?limit=100
[Mon Jun 15 09:01:14 2026] [notice] mod_wsgi: 200 GET /api/leaderboard/global?limit=100
[Mon Jun 15 09:01:14 2026] [notice] mod_wsgi: 200 GET /api/leaderboard/global?limit=100
[Mon Jun 15 09:01:14 2026] [notice] mod_wsgi: 404 GET /api/unknown
[Mon Jun 15 09:01:14 2026] [notice] mod_wsgi: 200 GET /api/leaderboard/global?limit=100
[Mon Jun 15 09:01:14 2026] [notice] mod_wsgi: 200 GET /api/leaderboard/global?limit=100
[Mon Jun 15 09:01:14 2026] [notice] mod_wsgi: 200 GET /api/leaderboard/global?limit=100
[Mon Jun 15 09:01:14 2026] [notice] mod_wsgi: 200 GET /api/leaderboard/global?limit=100
[Mon Jun 15 09:01:14 2026] [notice] mod_wsgi: 200 GET /api/categories
[Mon Jun 15 09:01:14 2026] [notice] mod_wsgi: 200 GET /api/categories
[Mon Jun 15 09:01:14 2026] [notice] mod_wsgi: 200 GET /api/leaderboard/global?limit=100
[Mon Jun 15 09:01:14 2026] [notice] mod_wsgi: 200 GET /api/leaderboard/global?limit=100
[Mon Jun 15 09:01:14 2026] [notice] mod_wsgi: 200 GET /api/leaderboard/global?limit=100
[Mon Jun 15 09:01:14 2026] [notice] mod_wsgi: 200 GET /api/categories
[Mon Jun 15 09:01:14 2026] [notice] mod_wsgi: 200 GET /api/leaderboard/global?limit=100
[Mon Jun 15 09:01:14 2026] [notice] mod_wsgi: 200 GET /api/leaderboard/global?limit=100
[Mon Jun 15 09:01:14 2026] [notice] mod_wsgi: 200 GET /api/leaderboard/global?limit=100
[Mon Jun 15 09:01:14 2026] [notice] mod_wsgi: 200 GET /api/health
[Mon Jun 15 09:01:14 2026] [notice] mod_wsgi: 200 GET /api/leaderboard/global?limit=100
[Mon Jun 15 09:01:14 2026] [notice] mod_wsgi: 200 GET /api/health
[Mon Jun 15 09:01:14 2026] [notice] mod_wsgi: 200 GET /api/leaderboard/global?limit=100
[Mon Jun 15 09:01:14 2026] [notice] mod_wsgi: 200 GET /api/leaderboard/global?limit=100
[Mon Jun 15 09:01:14 2026] [notice] mod_wsgi: 200 GET /api/health
[Mon Jun 15 09:01:14 2026] [notice] mod_wsgi: 200 GET /api/leaderboard/global?limit=100
[Mon Jun 15 09:01:14 2026] [notice] mod_wsgi: 200 GET /api/leaderboard/global?limit=100
[Mon Jun 15 09:01:14 2026] [notice] mod_wsgi: 200 GET /api/leaderboard/global?limit=100
[Mon Jun 15 09:01:14 2026] [notice] mod_wsgi: 200 GET /api/categories
[Mon Jun 15 09:01:14 2026] [notice] mod_wsgi: 200 GET /api/leaderboard/global?limit=100
[Mon Jun 15 09:01:14 2026] [notice] mod_wsgi: 200 GET /api/leaderboard/global?limit=100
[Mon Jun 15 09:01:14 2026] [notice] mod_wsgi: 200 GET /api/leaderboard/global?limit=100
[Mon Jun 15 09:01:14 2026] [notice] mod_wsgi: 200 GET /api/categories
[Mon Jun 15 09:01:14 2026] [notice] mod_wsgi: 200 GET /api/health
[Mon Jun 15 09:01:14 2026] [notice] mod_wsgi: 200 GET /api/leaderboard/global?limit=100
[Mon Jun 15 09:01:14 2026] [notice] mod_wsgi: 200 GET /api/leaderboard/global?limit=100
[Mon Jun 15 09:01:14 2026] [notice] mod_wsgi: 200 GET /api/leaderboard/global?limit=100
[Mon Jun 15 09:01:14 2026] [notice] mod_wsgi: 200 GET /api/leaderboard/global?limit=100
[Mon Jun 15 09:01:14 2026] [notice] mod_wsgi: 200 GET /api/health
[Mon Jun 15 09:01:14 2026] [notice] mod_wsgi: 404 GET /api/unknown
[Mon Jun 15 09:01:14 2026] [notice] mod_wsgi: 200 GET /api/leaderboard/global?limit=100
[Mon Jun 15 09:01:14 2026] [notice] mod_wsgi: 200 GET /api/categories
[Mon Jun 15 09:01:15 2026] [notice] mod_wsgi: 200 GET /api/leaderboard/global?limit=100
[Mon Jun 15 09:01:15 2026] [notice] mod_wsgi: 200 GET /api/leaderboard/global?limit=100
[Mon Jun 15 09:01:15 2026] [notice] mod_wsgi: 200 GET /api/leaderboard/global?limit=100
[Mon Jun 15 09:01:15 2026] [notice] mod_wsgi: 404 GET /api/unknown
[Mon Jun 15 09:01:15 2026] [notice] mod_wsgi: 200 GET /api/leaderboard/global?limit=100
[Mon Jun 15 09:01:15 2026] [notice] mod_wsgi: 200 GET /api/leaderboard/global?limit=100
[Mon Jun 15 09:01:15 2026] [notice] mod_wsgi: 200 GET /api/leaderboard/global?limit=100
[Mon Jun 15 09:01:15 2026] [notice] mod_wsgi: 200 GET /api/categories
[Mon Jun 15 09:01:15 2026] [notice] mod_wsgi: 200 GET /api/leaderboard/global?limit=100
[Mon Jun 15 09:01:15 2026] [notice] mod_wsgi: 200 GET /api/leaderboard/global?limit=100
[Mon Jun 15 09:01:15 2026] [notice] mod_wsgi: 404 GET /api/unknown
[Mon Jun 15 09:01:15 2026] [notice] mod_wsgi: 200 GET /api/leaderboard/global?limit=100
[Mon Jun 15 09:01:15 2026] [notice] mod_wsgi: 200 GET /api/leaderboard/global?limit=100
[Mon Jun 15 09:01:15 2026] [notice] mod_wsgi: 200 GET /api/categories
[Mon Jun 15 09:01:16 2026] [notice] mod_wsgi: 200 GET /api/leaderboard/global?limit=100
[Mon Jun 15 09:01:16 2026] [notice] mod_wsgi: 200 GET /api/leaderboard/global?limit=100
[Mon Jun 15 09:01:16 2026] [notice] mod_wsgi: 200 GET /api/leaderboard/global?limit=100
[Mon Jun 15 09:01:17 2026] [notice] mod_wsgi: 200 GET /api/leaderboard/global?limit=100
[Mon Jun 15 09:01:17 2026] [notice] mod_wsgi: 200 GET /api/leaderboard/global?limit=100
[Mon Jun 15 09:01:17 2026] [notice] mod_wsgi: 200 GET /api/leaderboard/global?limit=100
[Mon Jun 15 09:01:17 2026] [notice] mod_wsgi: 200 GET /api/leaderboard/global?limit=100
[Mon Jun 15 09:01:17 2026] [notice] mod_wsgi: 200 GET /api/leaderboard/global?limit=100
[Mon Jun 15 09:01:17 2026] [notice] mod_wsgi: 200 GET /api/leaderboard/global?limit=100
[Mon Jun 15 09:01:17 2026] [notice] mod_wsgi: 404 GET /api/unknown
[Mon Jun 15 09:01:17 2026] [notice] mod_wsgi: 200 GET /api/leaderboard/global?limit=100
[Mon Jun 15 09:01:17 2026] [notice] mod_wsgi: 200 GET /api/categories
[Mon Jun 15 09:01:17 2026] [notice] mod_wsgi: 200 GET /api/leaderboard/global?limit=100
[Mon Jun 15 09:01:17 2026] [notice] mod_wsgi: 200 GET /api/health
[Mon Jun 15 09:01:17 2026] [notice] mod_wsgi: 200 GET /api/leaderboard/global?limit=100
[Mon Jun 15 09:01:17 2026] [notice] mod_wsgi: 200 GET /api/leaderboard/global?limit=100
[Mon Jun 15 09:01:17 2026] [notice] mod_wsgi: 200 GET /api/leaderboard/global?limit=100
[Mon Jun 15 09:01:17 2026] [notice] mod_wsgi: 404 GET /api/unknown
[Mon Jun 15 09:01:17 2026] [notice] mod_wsgi: 200 GET /api/health
[Mon Jun 15 09:01:18 2026] [notice] mod_wsgi: 200 GET /api/leaderboard/global?limit=100
[Mon Jun 15 09:01:18 2026] [notice] mod_wsgi: 404 GET /api/unknown
[Mon Jun 15 09:01:18 2026] [notice] mod_wsgi: 200 GET /api/leaderboard/global?limit=100
[Mon Jun 15 09:01:18 2026] [notice] mod_wsgi: 200 GET /api/leaderboard/global?limit=100
[Mon Jun 15 09:01:18 2026] [notice] mod_wsgi: 404 GET /api/unknown
[Mon Jun 15 09:01:18 2026] [notice] mod_wsgi: 200 GET /api/leaderboard/global?limit=100
[Mon Jun 15 09:01:18 2026] [notice] mod_wsgi: 200 GET /api/leaderboard/global?limit=100
[Mon Jun 15 09:01:18 2026] [notice] mod_wsgi: 200 GET /api/leaderboard/global?limit=100
[Mon Jun 15 09:01:18 2026] [notice] mod_wsgi: 200 GET /api/leaderboard/global?limit=100
[Mon Jun 15 09:01:19 2026] [notice] mod_wsgi: 200 GET /api/leaderboard/global?limit=100
[Mon Jun 15 09:01:19 2026] [notice] mod_wsgi: 200 GET /api/leaderboard/global?limit=100
[Mon Jun 15 09:01:19 2026] [notice] mod_wsgi: 200 GET /api/categories
[Mon Jun 15 09:01:19 2026] [notice] mod_wsgi: 404 GET /api/unknown
[Mon Jun 15 09:01:19 2026] [notice] mod_wsgi: 200 GET /api/leaderboard/global?limit=100
[Mon Jun 15 09:01:19 2026] [notice] mod_wsgi: 200 GET /api/leaderboard/global?limit=100
[Mon Jun 15 09:01:19 2026] [notice] mod_wsgi: 200 GET /api/leaderboard/global?limit=100
[Mon Jun 15 09:01:20 2026] [notice] mod_wsgi: 200 GET /api/leaderboard/global?limit=100
[Mon Jun 15 09:01:20 2026] [notice] mod_wsgi: 404 GET /api/unknown
[Mon Jun 15 09:01:20 2026] [notice] mod_wsgi: 404 GET /api/unknown
[Mon Jun 15 09:01:20 2026] [notice] mod_wsgi: 200 GET /api/leaderboard/global?limit=100
[Mon Jun 15 09:01:20 2026] [notice] mod_wsgi: 200 GET /api/leaderboard/global?limit=100
[Mon Jun 15 09:01:20 2026] [notice] mod_wsgi: 200 GET /api/leaderboard/global?limit=100
[Mon Jun 15 09:01:20 2026] [notice] mod_wsgi: 200 GET /api/leaderboard/global?limit=100
[Mon Jun 15 09:01:20 2026] [notice] mod_wsgi: 200 GET /api/leaderboard/global?limit=100
[Mon Jun 15 09:01:20 2026] [notice] mod_wsgi: 200 GET /api/leaderboard/global?limit=100
[Mon Jun 15 09:01:20 2026] [notice] mod_wsgi: 200 GET /api/leaderboard/global?limit=100
[Mon Jun 15 09:01:21 2026] [notice] mod_wsgi: 200 GET /api/leaderboard/global?limit=100
[Mon Jun 15 09:01:21 2026] [notice] mod_wsgi: 200 GET /api/leaderboard/global?limit=100
[Mon Jun 15 09:01:21 2026] [notice] mod_wsgi: 200 GET /api/leaderboard/global?limit=100
[Mon Jun 15 09:01:21 2026] [notice] mod_wsgi: 200 GET /api/categories
[Mon Jun 15 09:01:21 2026] [notice] mod_wsgi: 200 GET /api/leaderboard/global?limit=100
[Mon Jun 15 09:01:21 2026] [notice] mod_wsgi: 200 GET /api/leaderboard/global?limit=100
[Mon Jun 15 09:01:22 2026] [notice] mod_wsgi: 200 GET /api/leaderboard/global?limit=100
[Mon Jun 15 09:01:22 2026] [notice] mod_wsgi: 200 GET /api/health
[Mon Jun 15 09:01:22 2026] [notice] mod_wsgi: 404 GET /api/unknown
[Mon Jun 15 09:01:22 2026] [notice] mod_wsgi: 200 GET /api/leaderboard/global?limit=100
[Mon Jun 15 09:01:22 2026] [notice] mod_wsgi: 200 GET /api/leaderboard/global?limit=100
[Mon Jun 15 09:01:23 2026] [notice] mod_wsgi: 200 GET /api/leaderboard/global?limit=100
[Mon Jun 15 09:01:23 2026] [notice] mod_wsgi: 200 GET /api/leaderboard/global?limit=100
[Mon Jun 15 09:01:23 2026] [notice] mod_wsgi: 200 GET /api/categories
[Mon Jun 15 09:01:23 2026] [notice] mod_wsgi: 404 GET /api/unknown
[Mon Jun 15 09:01:23 2026] [notice] mod_wsgi: 200 GET /api/leaderboard/global?limit=100
[Mon Jun 15 09:01:23 2026] [notice] mod_wsgi: 200 GET /api/leaderboard/global?limit=100
[Mon Jun 15 09:01:23 2026] [notice] mod_wsgi: 200 GET /api/leaderboard/global?limit=100
[Mon Jun 15 09:01:23 2026] [notice] mod_wsgi: 200 GET /api/leaderboard/global?limit=100
[Mon Jun 15 09:01:23 2026] [notice] mod_wsgi: 200 GET /api/leaderboard/global?limit=100
[Mon Jun 15 09:01:23 2026] [notice] mod_wsgi: 200 GET /api/leaderboard/global?limit=100
[Mon Jun 15 09:01:23 2026] [notice] mod_wsgi: 200 GET /api/leaderboard/global?limit=100
[Mon Jun 15 09:01:24 2026] [notice] mod_wsgi: 200 GET /api/leaderboard/global?limit=100
[Mon Jun 15 09:01:24 2026] [notice] mod_wsgi: 200 GET /api/leaderboard/global?limit=100
[Mon Jun 15 09:01:24 2026] [notice] mod_wsgi: 200 GET /api/leaderboard/global?limit=100
[Mon Jun 15 09:01:24 2026] [notice] mod_wsgi: 200 GET /api/health
[Mon Jun 15 09:01:25 2026] [notice] mod_wsgi: 200 GET /api/leaderboard/global?limit=100
[Mon Jun 15 09:01:25 2026] [notice] mod_wsgi: 200 GET /api/health
[Mon Jun 15 09:01:25 2026] [notice] mod_wsgi: 200 GET /api/leaderboard/global?limit=100
[Mon Jun 15 09:01:25 2026] [notice] mod_wsgi: 200 GET /api/leaderboard/global?limit=100
[Mon Jun 15 09:01:25 2026] [notice] mod_wsgi: 200 GET /api/leaderboard/global?limit=100
[Mon Jun 15 09:01:25 2026] [notice] mod_wsgi: 200 GET /api/leaderboard/global?limit=100
[Mon Jun 15 09:01:25 2026] [notice] mod_wsgi: 200 GET /api/leaderboard/global?limit=100
[Mon Jun 15 09:01:25 2026] [notice] mod_wsgi: 200 GET /api/leaderboard/global?limit=100
[Mon Jun 15 09:01:25 2026] [notice] mod_wsgi: 200 GET /api/leaderboard/global?limit=100
[Mon Jun 15 09:01:26 2026] [notice] mod_wsgi: 200 GET /api/leaderboard/global?limit=100
[Mon Jun 15 09:01:26 2026] [notice] mod_wsgi: 404 GET /api/unknown
[Mon Jun 15 09:01:26 2026] [notice] mod_wsgi: 200 GET /api/leaderboard/global?limit=100
[Mon Jun 15 09:01:26 2026] [notice] mod_wsgi: 200 GET /api/leaderboard/global?limit=100
[Mon Jun 15 09:01:26 2026] [notice] mod_wsgi: 200 GET /api/leaderboard/global?limit=100
[Mon Jun 15 09:01:26 2026] [notice] mod_wsgi: 200 GET /api/leaderboard/global?limit=100
[Mon Jun 15 09:01:27 2026] [notice] mod_wsgi: 200 GET /api/leaderboard/global?limit=100
[Mon Jun 15 09:01:28 2026] [notice] mod_wsgi: 200 GET /api/leaderboard/global?limit=100
[Mon Jun 15 09:01:28 2026] [notice] mod_wsgi: 200 GET /api/leaderboard/global?limit=100
[Mon Jun 15 09:01:28 2026] [notice] mod_wsgi: 200 GET /api/leaderboard/global?limit=100
[Mon Jun 15 09:01:29 2026] [notice] mod_wsgi: 404 GET /api/unknown
[Mon Jun 15 09:01:29 2026] [notice] mod_wsgi: 200 GET /api/leaderboard/global?limit=100
[Mon Jun 15 09:01:29 2026] [notice] mod_wsgi: 404 GET /api/unknown
[Mon Jun 15 09:01:29 2026] [notice] mod_wsgi: 200 GET /api/leaderboard/global?limit=100
[Mon Jun 15 09:01:29 2026] [notice] mod_wsgi: 404 GET /api/unknown
[Mon Jun 15 09:01:29 2026] [notice] mod_wsgi: 200 GET /api/health
[Mon Jun 15 09:01:29 2026] [notice] mod_wsgi: 200 GET /api/leaderboard/global?limit=100
[Mon Jun 15 09:01:29 2026] [notice] mod_wsgi: 200 GET /api/health
[Mon Jun 15 09:01:29 2026] [notice] mod_wsgi: 200 GET /api/leaderboard/global?limit=100
[Mon Jun 15 09:01:29 2026] [notice] mod_wsgi: 200 GET /api/leaderboard/global?limit=100
[Mon Jun 15 09:01:29 2026] [notice] mod_wsgi: 200 GET /api/categories
[Mon Jun 15 09:01:29 2026] [notice] mod_wsgi: 200 GET /api/leaderboard/global?limit=100
[Mon Jun 15 09:01:29 2026] [notice] mod_wsgi: 200 GET /api/leaderboard/global?limit=100
[Mon Jun 15 09:01:29 2026] [notice] mod_wsgi: 200 GET /api/health
[Mon Jun 15 09:01:29 2026] [notice] mod_wsgi: 200 GET /api/leaderboard/global?limit=100
[Mon Jun 15 09:01:30 2026] [notice] mod_wsgi: 200 GET /api/health
[Mon Jun 15 09:01:30 2026] [notice] mod_wsgi: 200 GET /api/health
[Mon Jun 15 09:01:30 2026] [notice] mod_wsgi: 200 GET /api/health
[Mon Jun 15 09:01:30 2026] [notice] mod_wsgi: 200 GET /api/leaderboard/global?limit=100
[Mon Jun 15 09:01:30 2026] [notice] mod_wsgi: 404 GET /api/unknown
[Mon Jun 15 09:01:31 2026] [notice] mod_wsgi: 200 GET /api/leaderboard/global?limit=100
[Mon Jun 15 09:01:31 2026] [notice] mod_wsgi: 200 GET /api/leaderboard/global?limit=100
[Mon Jun 15 09:01:31 2026] [notice] mod_wsgi: 200 GET /api/categories
[Mon Jun 15 09:01:31 2026] [notice] mod_wsgi: 200 GET /api/leaderboard/global?limit=100
[Mon Jun 15 09:01:31 2026] [notice] mod_wsgi: 200 GET /api/leaderboard/global?limit=100
[Mon Jun 15 09:01:31 2026] [notice] mod_wsgi: 404 GET /api/unknown
[Mon Jun 15 09:01:32 2026] [notice] mod_wsgi: 200 GET /api/leaderboard/global?limit=100
[Mon Jun 15 09:01:32 2026] [notice] mod_wsgi: 200 GET /api/categories
[Mon Jun 15 09:01:32 2026] [notice] mod_wsgi: 404 GET /api/unknown
[Mon Jun 15 09:01:32 2026] [notice] mod_wsgi: 200 GET /api/leaderboard/global?limit=100
[Mon Jun 15 09:01:32 2026] [notice] mod_wsgi: 200 GET /api/leaderboard/global?limit=100
[Mon Jun 15 09:01:33 2026] [notice] mod_wsgi: 200 GET /api/leaderboard/global?limit=100
[Mon Jun 15 09:01:33 2026] [notice] mod_wsgi: 200 GET /api/categories
[Mon Jun 15 09:01:33 2026] [notice] mod_wsgi: 200 GET /api/categories
[Mon Jun 15 09:01:33 2026] [notice] mod_wsgi: 200 GET /api/leaderboard/global?limit=100
[Mon Jun 15 09:01:33 2026] [notice] mod_wsgi: 200 GET /api/leaderboard/global?limit=100
[Mon Jun 15 09:01:33 2026] [notice] mod_wsgi: 404 GET /api/unknown
[Mon Jun 15 09:01:33 2026] [notice] mod_wsgi: 200 GET /api/health
[Mon Jun 15 09:01:33 2026] [notice] mod_wsgi: 200 GET /api/leaderboard/global?limit=100
[Mon Jun 15 09:01:33 2026] [notice] mod_wsgi: 200 GET /api/leaderboard/global?limit=100
[Mon Jun 15 09:01:34 2026] [notice] mod_wsgi: 200 GET /api/health
[Mon Jun 15 09:01:35 2026] [notice] mod_wsgi: 200 GET /api/leaderboard/global?limit=100
[Mon Jun 15 09:01:35 2026] [notice] mod_wsgi: 200 GET /api/health
[Mon Jun 15 09:01:35 2026] [notice] mod_wsgi: 200 GET /api/leaderboard/global?limit=100
[Mon Jun 15 09:01:35 2026] [notice] mod_wsgi: 200 GET /api/leaderboard/global?limit=100
[Mon Jun 15 09:01:35 2026] [notice] mod_wsgi: 200 GET /api/leaderboard/global?limit=100
[Mon Jun 15 09:01:36 2026] [notice] mod_wsgi: 200 GET /api/leaderboard/global?limit=100
[Mon Jun 15 09:01:36 2026] [notice] mod_wsgi: 200 GET /api/leaderboard/global?limit=100
[Mon Jun 15 09:01:36 2026] [notice] mod_wsgi: 200 GET /api/leaderboard/global?limit=100
[Mon Jun 15 09:01:36 2026] [notice] mod_wsgi: 200 GET /api/leaderboard/global?limit=100
[Mon Jun 15 09:01:36 2026] [notice] mod_wsgi: 200 GET /api/leaderboard/global?limit=100
[Mon Jun 15 09:01:36 2026] [notice] mod_wsgi: 200 GET /api/leaderboard/global?limit=100
[Mon Jun 15 09:01:37 2026] [notice] mod_wsgi: 200 GET /api/health
[Mon Jun 15 09:01:37 2026] [notice] mod_wsgi: 404 GET /api/unknown
[Mon Jun 15 09:01:37 2026] [notice] mod_wsgi: 200 GET /api/leaderboard/global?limit=100
[Mon Jun 15 09:01:37 2026] [notice] mod_wsgi: 200 GET /api/health
[Mon Jun 15 09:01:38 2026] [notice] mod_wsgi: 200 GET /api/categories
[Mon Jun 15 09:01:38 2026] [notice] mod_wsgi: 200 GET /api/categories
[Mon Jun 15 09:01:39 2026] [notice] mod_wsgi: 200 GET /api/leaderboard/global?limit=100
[Mon Jun 15 09:01:39 2026] [notice] mod_wsgi: 200 GET /api/leaderboard/global?limit=100
[Mon Jun 15 09:01:39 2026] [notice] mod_wsgi: 200 GET /api/leaderboard/global?limit=100
[Mon Jun 15 09:01:39 2026] [notice] mod_wsgi: 200 GET /api/leaderboard/global?limit=100
[Mon Jun 15 09:01:40 2026] [notice] mod_wsgi: 200 GET /api/health
[Mon Jun 15 09:01:40 2026] [notice] mod_wsgi: 200 GET /api/leaderboard/global?limit=100
[Mon Jun 15 09:01:40 2026] [notice] mod_wsgi: 200 GET /api/leaderboard/global?limit=100
[Mon Jun 15 09:01:40 2026] [notice] mod_wsgi: 200 GET /api/categories
[Mon Jun 15 09:01:40 2026] [notice] mod_wsgi: 200 GET /api/leaderboard/global?limit=100
[Mon Jun 15 09:01:41 2026] [notice] mod_wsgi: 200 GET /api/health
[Mon Jun 15 09:01:41 2026] [notice] mod_wsgi: 200 GET /api/leaderboard/global?limit=100
[Mon Jun 15 09:01:41 2026] [notice] mod_wsgi: 200 GET /api/leaderboard/global?limit=100
[Mon Jun 15 09:01:41 2026] [notice] mod_wsgi: 200 GET /api/leaderboard/global?limit=100
[Mon Jun 15 09:01:42 2026] [notice] mod_wsgi: 200 GET /api/leaderboard/global?limit=100
[Mon Jun 15 09:01:42 2026] [notice] mod_wsgi: 200 GET /api/leaderboard/global?limit=100
[Mon Jun 15 09:01:42 2026] [notice] mod_wsgi: 200 GET /api/leaderboard/global?limit=100
[Mon Jun 15 09:01:42 2026] [notice] mod_wsgi: 200 GET /api/leaderboard/global?limit=100
[Mon Jun 15 09:01:42 2026] [notice] mod_wsgi: 200 GET /api/leaderboard/global?limit=100
[Mon Jun 15 09:01:43 2026] [notice] mod_wsgi: 200 GET /api/leaderboard/global?limit=100
[Mon Jun 15 09:01:43 2026] [notice] mod_wsgi: 200 GET /api/leaderboard/global?limit=100
[Mon Jun 15 09:01:43 2026] [notice] mod_wsgi: 404 GET /api/unknown
[Mon Jun 15 09:01:44 2026] [notice] mod_wsgi: 404 GET /api/unknown
[Mon Jun 15 09:01:44 2026] [notice] mod_wsgi: 200 GET /api/categories
[Mon Jun 15 09:01:44 2026] [notice] mod_wsgi: 404 GET /api/unknown
[Mon Jun 15 09:01:45 2026] [notice] mod_wsgi: 200 GET /api/categories
[Mon Jun 15 09:01:45 2026] [notice] mod_wsgi: 200 GET /api/leaderboard/global?limit=100
[Mon Jun 15 09:01:45 2026] [notice] mod_wsgi: 404 GET /api/unknown
[Mon Jun 15 09:01:45 2026] [notice] mod_wsgi: 200 GET /api/leaderboard/global?limit=100
[Mon Jun 15 09:01:45 2026] [notice] mod_wsgi: 200 GET /api/leaderboard/global?limit=100
[Mon Jun 15 09:01:46 2026] [notice] mod_wsgi: 200 GET /api/leaderboard/global?limit=100
[Mon Jun 15 09:01:46 2026] [notice] mod_wsgi: 200 GET /api/categories
[Mon Jun 15 09:01:47 2026] [notice] mod_wsgi: 200 GET /api/leaderboard/global?limit=100
[Mon Jun 15 09:01:47 2026] [notice] mod_wsgi: 200 GET /api/leaderboard/global?limit=100
[Mon Jun 15 09:01:47 2026] [notice] mod_wsgi: 404 GET /api/unknown
[Mon Jun 15 09:01:47 2026] [notice] mod_wsgi: 200 GET /api/leaderboard/global?limit=100
[Mon Jun 15 09:01:48 2026] [notice] mod_wsgi: 200 GET /api/leaderboard/global?limit=100
[Mon Jun 15 09:01:48 2026] [notice] mod_wsgi: 200 GET /api/leaderboard/global?limit=100
[Mon Jun 15 09:01:48 2026] [notice] mod_wsgi: 200 GET /api/leaderboard/global?limit=100
[Mon Jun 15 09:01:49 2026] [notice] mod_wsgi: 200 GET /api/leaderboard/global?limit=100
[Mon Jun 15 09:01:49 2026] [notice] mod_wsgi: 200 GET /api/health
[Mon Jun 15 09:01:49 2026] [notice] mod_wsgi: 200 GET /api/categories
[Mon Jun 15 09:01:49 2026] [notice] mod_wsgi: 200 GET /api/leaderboard/global?limit=100
[Mon Jun 15 09:01:50 2026] [notice] mod_wsgi: 200 GET /api/leaderboard/global?limit=100
[Mon Jun 15 09:01:50 2026] [notice] mod_wsgi: 404 GET /api/unknown
[Mon Jun 15 09:01:51 2026] [notice] mod_wsgi: 200 GET /api/leaderboard/global?limit=100
[Mon Jun 15 09:01:51 2026] [notice] mod_wsgi: 200 GET /api/leaderboard/global?limit=100
[Mon Jun 15 09:01:52 2026] [notice] mod_wsgi: 200 GET /api/categories
[Mon Jun 15 09:01:52 2026] [notice] mod_wsgi: 200 GET /api/leaderboard/global?limit=100
[Mon Jun 15 09:01:52 2026] [notice] mod_wsgi: 200 GET /api/categories
[Mon Jun 15 09:01:52 2026] [notice] mod_wsgi: 200 GET /api/health
[Mon Jun 15 09:01:52 2026] [notice] mod_wsgi: 404 GET /api/unknown
[Mon Jun 15 09:01:52 2026] [notice] mod_wsgi: 200 GET /api/leaderboard/global?limit=100
[Mon Jun 15 09:01:52 2026] [notice] mod_wsgi: 200 GET /api/health
[Mon Jun 15 09:01:52 2026] [notice] mod_wsgi: 200 GET /api/leaderboard/global?limit=100
[Mon Jun 15 09:01:52 2026] [notice] mod_wsgi: 200 GET /api/leaderboard/global?limit=100
[Mon Jun 15 09:01:52 2026] [notice] mod_wsgi: 200 GET /api/health
[Mon Jun 15 09:01:52 2026] [notice] mod_wsgi: 200 GET /api/categories
[Mon Jun 15 09:01:52 2026] [notice] mod_wsgi: 200 GET /api/leaderboard/global?limit=100
[Mon Jun 15 09:01:52 2026] [notice] mod_wsgi: 200 GET /api/categories
[Mon Jun 15 09:01:52 2026] [notice] mod_wsgi: 200 GET /api/leaderboard/global?limit=100
[Mon Jun 15 09:01:52 2026] [notice] mod_wsgi: 200 GET /api/leaderboard/global?limit=100
[Mon Jun 15 09:01:52 2026] [notice] mod_wsgi: 200 GET /api/leaderboard/global?limit=100
[Mon Jun 15 09:01:52 2026] [notice] mod_wsgi: 200 GET /api/leaderboard/global?limit=100
[Mon Jun 15 09:01:53 2026] [notice] mod_wsgi: 200 GET /api/health
[Mon Jun 15 09:01:53 2026] [notice] mod_wsgi: 200 GET /api/leaderboard/global?limit=100
[Mon Jun 15 09:01:53 2026] [notice] mod_wsgi: 200 GET /api/leaderboard/global?limit=100
[Mon Jun 15 09:01:53 2026] [notice] mod_wsgi: 200 GET /api/leaderboard/global?limit=100
[Mon Jun 15 09:01:54 2026] [notice] mod_wsgi: 200 GET /api/leaderboard/global?limit=100
[Mon Jun 15 09:01:54 2026] [notice] mod_wsgi: 200 GET /api/health
[Mon Jun 15 09:01:54 2026] [notice] mod_wsgi: 200 GET /api/leaderboard/global?limit=100
[Mon Jun 15 09:01:54 2026] [notice] mod_wsgi: 404 GET /api/unknown
[Mon Jun 15 09:01:54 2026] [notice] mod_wsgi: 200 GET /api/leaderboard/global?limit=100
[Mon Jun 15 09:01:54 2026] [notice] mod_wsgi: 200 GET /api/leaderboard/global?limit=100
[Mon Jun 15 09:01:55 2026] [notice] mod_wsgi: 404 GET /api/unknown
[Mon Jun 15 09:01:55 2026] [notice] mod_wsgi: 404 GET /api/unknown
[Mon Jun 15 09:01:55 2026] [notice] mod_wsgi: 200 GET /api/categories
[Mon Jun 15 09:01:55 2026] [notice] mod_wsgi: 200 GET /api/leaderboard/global?limit=100
[Mon Jun 15 09:01:55 2026] [notice] mod_wsgi: 200 GET /api/leaderboard/global?limit=100
[Mon Jun 15 09:01:56 2026] [notice] mod_wsgi: 200 GET /api/leaderboard/global?limit=100
[Mon Jun 15 09:01:56 2026] [notice] mod_wsgi: 200 GET /api/leaderboard/global?limit=100
[Mon Jun 15 09:01:56 2026] [notice] mod_wsgi: 200 GET /api/health
[Mon Jun 15 09:01:56 2026] [notice] mod_wsgi: 200 GET /api/leaderboard/global?limit=100
[Mon Jun 15 09:01:57 2026] [notice] mod_wsgi: 200 GET /api/leaderboard/global?limit=100
[Mon Jun 15 09:01:57 2026] [notice] mod_wsgi: 200 GET /api/leaderboard/global?limit=100
[Mon Jun 15 09:01:58 2026] [notice] mod_wsgi: 200 GET /api/leaderboard/global?limit=100
[Mon Jun 15 09:01:58 2026] [notice] mod_wsgi: 200 GET /api/leaderboard/global?limit=100
[Mon Jun 15 09:01:58 2026] [notice] mod_wsgi: 200 GET /api/leaderboard/global?limit=100
[Mon Jun 15 09:01:58 2026] [notice] mod_wsgi: 200 GET /api/leaderboard/global?limit=100
[Mon Jun 15 09:01:58 2026] [notice] mod_wsgi: 404 GET /api/unknown
[Mon Jun 15 09:01:59 2026] [notice] mod_wsgi: 200 GET /api/leaderboard/global?limit=100
[Mon Jun 15 09:01:59 2026] [notice] mod_wsgi: 200 GET /api/leaderboard/global?limit=100
[Mon Jun 15 09:01:59 2026] [notice] mod_wsgi: 200 GET /api/leaderboard/global?limit=100
[Mon Jun 15 09:01:59 2026] [notice] mod_wsgi: 200 GET /api/leaderboard/global?limit=100
[Mon Jun 15 09:01:59 2026] [notice] mod_wsgi: 200 GET /api/leaderboard/global?limit=100
