260615 090000 INFO dfs.DataNode: 200 GET /api/leaderboard/global?limit=100
260615 090000 INFO dfs.DataNode: 200 GET /api/leaderboard/global?limit=100
260615 090000 INFO dfs.DataNode: 404 GET /api/unknown
260615 090000 INFO dfs.DataNode: 200 GET /api/leaderboard/global?limit=100
260615 090000 INFO dfs.DataNode: 200 GET /api/categories
260615 090000 INFO dfs.DataNode: 200 GET /api/leaderboard/global?limit=100
260615 090001 INFO dfs.DataNode: 200 GET /api/leaderboard/global?limit=100
260615 090001 INFO dfs.DataNode: 200 GET /api/leaderboard/global?limit=100
260615 090001 INFO dfs.DataNode: 200 GET /api/categories
260615 090001 INFO dfs.DataNode: 200 GET /api/leaderboard/global?limit=100
260615 090002 INFO dfs.DataNode: 200 GET /api/leaderboard/global?limit=100
260615 090002 INFO dfs.DataNode: 200 GET /api/leaderboard/global?limit=100
260615 090002 INFO dfs.DataNode: 200 GET /api/leaderboard/global?limit=100
260615 090002 INFO dfs.DataNode: 200 GET /api/categories
260615 090002 INFO dfs.DataNode: 200 GET /api/leaderboard/global?limit=100
260615 090002 INFO dfs.DataNode: 200 GET /api/leaderboard/global?limit=100
260615 090002 INFO dfs.DataNode: 404 GET /api/unknown
260615 090002 INFO dfs.DataNode: 404 GET /api/unknown
260615 090002 INFO dfs.DataNode: 200 GET /api/leaderboard/global?limit=100
260615 090002 INFO dfs.DataNode: 200 GET /api/leaderboard/global?limit=100
260615 090003 INFO dfs.DataNode: 200 GET /api/categories
260615 090003 INFO dfs.DataNode: 200 GET /api/categories
260615 090003 INFO dfs.DataNode: 200 GET /api/leaderboard/global?limit=100
260615 090003 INFO dfs.DataNode: 404 GET /api/unknown
260615 090003 INFO dfs.DataNode: 200 GET /api/categories
260615 090003 INFO dfs.DataNode: 200 GET /api/health
260615 090003 INFO dfs.DataNode: 200 GET /api/leaderboard/global?limit=100
260615 090004 INFO dfs.DataNode: 200 GET /api/leaderboard/global?limit=100
260615 090004 INFO dfs.DataNode: 200 GET /api/leaderboard/global?limit=100
260615 090004 INFO dfs.DataNode: 200 GET /api/leaderboard/global?limit=100
260615 090004 INFO dfs.DataNode: 200 GET /api/leaderboard/global?limit=100
260615 090004 INFO dfs.DataNode: 200 GET /api/leaderboard/global?limit=100
260615 090004 INFO dfs.DataNode: 200 GET /api/leaderboard/global?limit=100
260615 090004 INFO dfs.DataNode: 200 GET /api/leaderboard/global?limit=100
260615 090005 INFO dfs.DataNode: 200 GET /api/leaderboard/global?limit=100
260615 090005 INFO dfs.DataNode: 200 GET /api/health
260615 090005 INFO dfs.DataNode: 200 GET /api/categories
260615 090005 INFO dfs.DataNode: 200 GET /api/leaderboard/global?limit=100
260615 090005 INFO dfs.DataNode: 200 GET /api/categories
260615 090005 INFO dfs.DataNode: 200 GET /api/leaderboard/global?limit=100
260615 090005 INFO dfs.DataNode: 404 GET /api/unknown
260615 090005 INFO dfs.DataNode: 200 GET /api/leaderboard/global?limit=100
260615 090005 INFO dfs.DataNode: 200 GET /api/leaderboard/global?limit=100
260615 090006 INFO dfs.DataNode: 200 GET /api/leaderboard/global?limit=100
260615 090006 INFO dfs.DataNode: 200 GET /api/health
260615 090006 INFO dfs.DataNode: 200 GET /api/leaderboard/global?limit=100
260615 090006 INFO dfs.DataNode: 404 GET /api/unknown
260615 090006 INFO dfs.DataNode: 200 GET /api/categories
260615 090006 INFO dfs.DataNode: 200 GET /api/leaderboard/global?limit=100
260615 090007 INFO dfs.DataNode: 200 GET /api/leaderboard/global?limit=100
260615 090007 INFO dfs.DataNode: 404 GET /api/unknown
260615 090007 INFO dfs.DataNode: 200 GET /api/leaderboard/global?limit=100
260615 090007 INFO dfs.DataNode: 200 GET /api/leaderboard/global?limit=100
260615 090007 INFO dfs.DataNode: 200 GET /api/categories
260615 090007 INFO dfs.DataNode: 200 GET /api/health
260615 090007 INFO dfs.DataNode: 200 GET /api/leaderboard/global?limit=100
260615 090008 INFO dfs.DataNode: 200 GET /api/leaderboard/global?limit=100
260615 090008 INFO dfs.DataNode: 200 GET /api/leaderboard/global?limit=100
260615 090008 INFO dfs.DataNode: 200 GET /api/leaderboard/global?limit=100
260615 090008 INFO dfs.DataNode: 404 GET /api/unknown
260615 090008 INFO dfs.DataNode: 404 GET /api/unknown
260615 090008 INFO dfs.DataNode: 200 GET /api/categories
260615 090008 INFO dfs.DataNode: 200 GET /api/leaderboard/global?limit=100
260615 090008 INFO dfs.DataNode: 200 GET /api/leaderboard/global?limit=100
260615 090008 INFO dfs.DataNode: 200 GET /api/leaderboard/global?limit=100
260615 090008 INFO dfs.DataNode: 200 GET /api/leaderboard/global?limit=100
260615 090008 INFO dfs.DataNode: 200 GET /api/leaderboard/global?limit=100
260615 090008 INFO dfs.DataNode: 200 GET /api/leaderboard/global?limit=100
260615 090008 INFO dfs.DataNode: 200 GET /api/leaderboard/global?limit=100
260615 090009 INFO dfs.DataNode: 200 GET /api/leaderboard/global?limit=100
260615 090009 INFO dfs.DataNode: 200 GET /api/leaderboard/global?limit=100
260615 090009 INFO dfs.DataNode: 200 GET /api/leaderboard/global?limit=100
260615 090009 INFO dfs.DataNode: 200 GET /api/leaderboard/global?limit=100
260615 090009 INFO dfs.DataNode: 200 GET /api/leaderboard/global?limit=100
260615 090009 INFO dfs.DataNode: 200 GET /api/categories
260615 090009 INFO dfs.DataNode: 200 GET /api/leaderboard/global?limit=100
260615 090009 INFO dfs.DataNode: 200 GET /api/categories
260615 090009 INFO dfs.DataNode: 200 GET /api/leaderboard/global?limit=100
260615 090010 INFO dfs.DataNode: 200 GET /api/categories
260615 090010 INFO dfs.DataNode: 404 GET /api/unknown
260615 090010 INFO dfs.DataNode: 200 GET /api/leaderboard/global?limit=100
260615 090010 INFO dfs.DataNode: 200 GET /api/leaderboard/global?limit=100
260615 090010 INFO dfs.DataNode: 200 GET /api/leaderboard/global?limit=100
260615 090010 INFO dfs.DataNode: 200 GET /api/leaderboard/global?limit=100
260615 090010 INFO dfs.DataNode: 200 GET /api/leaderboard/global?limit=100
260615 090010 INFO dfs.DataNode: 200 GET /api/leaderboard/global?limit=100
260615 090010 INFO dfs.DataNode: 200 GET /api/leaderboard/global?limit=100
260615 090010 INFO dfs.DataNode: 200 GET /api/leaderboard/global?limit=100
260615 090011 INFO dfs.DataNode: 200 GET /api/leaderboard/global?limit=100
260615 090011 INFO dfs.DataNode: 200 GET /api/leaderboard/global?limit=100
260615 090011 INFO dfs.DataNode: 200 GET /api/leaderboard/global?limit=100
260615 090011 INFO dfs.DataNode: 200 GET /api/leaderboard/global?limit=100
260615 090011 INFO dfs.DataNode: 200 GET /api/categories
260615 090011 INFO dfs.DataNode: 200 GET /api/leaderboard/global?limit=100
260615 090011 INFO dfs.DataNode: 200 GET /api/health
260615 090011 INFO dfs.DataNode: 200 GET /api/leaderboard/global?limit=100
260615 090012 INFO dfs.DataNode: 200 GET /api/leaderboard/global?limit=100
260615 090012 INFO dfs.DataNode: 200 GET /api/health
260615 090012 INFO dfs.DataNode: 200 GET /api/leaderboard/global?limit=100
260615 090012 INFO dfs.DataNode: 404 GET /api/unknown
260615 090012 INFO dfs.DataNode: 200 GET /api/leaderboard/global?limit=100
260615 090012 INFO dfs.DataNode: 200 GET /api/leaderboard/global?limit=100
260615 090012 INFO dfs.DataNode: 200 GET /api/leaderboard/global?limit=100
260615 090012 INFO dfs.DataNode: 200 GET /api/leaderboard/global?limit=100
260615 090012 INFO dfs.DataNode: 200 GET /api/leaderboard/global?limit=100
260615 090012 INFO dfs.DataNode: 200 GET /api/health
260615 090012 INFO dfs.DataNode: 404 GET /api/unknown
260615 090012 INFO dfs.DataNode: 200 GET /api/categories
260615 090012 INFO dfs.DataNode: 200 GET /api/leaderboard/global?limit=100
260615 090013 INFO dfs.DataNode: 200 GET /api/leaderboard/global?limit=100
260615 090013 INFO dfs.DataNode: 404 GET /api/unknown
260615 090013 INFO dfs.DataNode: 200 GET /api/leaderboard/global?limit=100
260615 090013 INFO dfs.DataNode: 200 GET /api/leaderboard/global?limit=100
260615 090013 INFO dfs.DataNode: 200 GET /api/leaderboard/global?limit=100
260615 090013 INFO dfs.DataNode: 200 GET /api/leaderboard/global?limit=100
260615 090013 INFO dfs.DataNode: 200 GET /api/leaderboard/global?limit=100
260615 090013 INFO dfs.DataNode: 404 GET /api/unknown
260615 090013 INFO dfs.DataNode: 200 GET /api/leaderboard/global?limit=100
260615 090013 INFO dfs.DataNode: 200 GET /api/leaderboard/global?limit=100
260615 090013 INFO dfs.DataNode: 200 GET /api/health
260615 090013 INFO dfs.DataNode: 404 GET /api/unknown
260615 090014 INFO dfs.DataNode: 200 GET /api/leaderboard/global?limit=100
260615 090014 INFO dfs.DataNode: 200 GET /api/leaderboard/global?limit=100
260615 090014 INFO dfs.DataNode: 200 GET /api/leaderboard/global?limit=100
260615 090014 INFO dfs.DataNode: 200 GET /api/leaderboard/global?limit=100
260615 090014 INFO dfs.DataNode: 200 GET /api/leaderboard/global?limit=100
260615 090014 INFO dfs.DataNode: 200 GET /api/leaderboard/global?limit=100
260615 090014 INFO dfs.DataNode: 200 GET /api/leaderboard/global?limit=100
260615 090014 INFO dfs.DataNode: 200 GET /api/leaderboard/global?limit=100
260615 090014 INFO dfs.DataNode: 200 GET /api/leaderboard/global?limit=100
260615 090014 INFO dfs.DataNode: 200 GET /api/leaderboard/global?limit=100
260615 090014 INFO dfs.DataNode: 200 GET /api/categories
260615 090014 INFO dfs.DataNode: 404 GET /api/unknown
260615 090014 INFO dfs.DataNode: 200 GET /api/categories
260615 090014 INFO dfs.DataNode: 404 GET /api/unknown
260615 090014 INFO dfs.DataNode: 200 GET /api/categories
260615 090015 INFO dfs.DataNode: 200 GET /api/leaderboard/global?limit=100
260615 090015 INFO dfs.DataNode: 200 GET /api/leaderboard/global?limit=100
260615 090015 INFO dfs.DataNode: 200 GET /api/leaderboard/global?limit=100
260615 090015 INFO dfs.DataNode: 200 GET /api/leaderboard/global?limit=100
260615 090015 INFO dfs.DataNode: 200 GET /api/leaderboard/global?limit=100
260615 090015 INFO dfs.DataNode: 200 GET /api/leaderboard/global?limit=100
260615 090016 INFO dfs.DataNode: 200 GET /api/leaderboard/global?limit=100
260615 090016 INFO dfs.DataNode: 200 GET /api/health
260615 090016 INFO dfs.DataNode: 200 GET /api/leaderboard/global?limit=100
260615 090016 INFO dfs.DataNode: 200 GET /api/leaderboard/global?limit=100
260615 090016 INFO dfs.DataNode: 200 GET /api/categories
260615 090016 INFO dfs.DataNode: 200 GET /api/leaderboard/global?limit=100
260615 090016 INFO dfs.DataNode: 200 GET /api/categories
260615 090016 INFO dfs.DataNode: 200 GET /api/leaderboard/global?limit=100
260615 090016 INFO dfs.DataNode: 200 GET /api/leaderboard/global?limit=100
260615 090016 INFO dfs.DataNode: 200 GET /api/categories
260615 090016 INFO dfs.DataNode: 200 GET /api/leaderboard/global?limit=100
260615 090017 INFO dfs.DataNode: 200 GET /api/leaderboard/global?limit=100
260615 090017 INFO dfs.DataNode: 200 GET /api/leaderboard/global?limit=100
260615 090017 INFO dfs.DataNode: 200 GET /api/leaderboard/global?limit=100
260615 090017 INFO dfs.DataNode: 200 GET /api/leaderboard/global?limit=100
260615 090017 INFO dfs.DataNode: 200 GET /api/health
260615 090017 INFO dfs.DataNode: 200 GET /api/leaderboard/global?limit=100
260615 090017 INFO dfs.DataNode: 200 GET /api/leaderboard/global?limit=100
260615 090017 INFO dfs.DataNode: 200 GET /api/leaderboard/global?limit=100
260615 090017 INFO dfs.DataNode: 200 GET /api/leaderboard/global?limit=100
260615 090017 INFO dfs.DataNode: 200 GET /api/leaderboard/global?limit=100
260615 090017 INFO dfs.DataNode: 200 GET /api/leaderboard/global?limit=100
260615 090017 INFO dfs.DataNode: 200 GET /api/health
260615 090018 INFO dfs.DataNode: 200 GET /api/leaderboard/global?limit=100
260615 090018 INFO dfs.DataNode: 200 GET /api/leaderboard/global?limit=100
260615 090018 INFO dfs.DataNode: 200 GET /api/leaderboard/global?limit=100
260615 090018 INFO dfs.DataNode: 200 GET /api/leaderboard/global?limit=100
260615 090018 INFO dfs.DataNode: 404 GET /api/unknown
260615 090019 INFO dfs.DataNode: 200 GET /api/leaderboard/global?limit=100
260615 090019 INFO dfs.DataNode: 200 GET /api/leaderboard/global?limit=100
260615 090020 INFO dfs.DataNode: 200 GET /api/leaderboard/global?limit=100
260615 090020 INFO dfs.DataNode: 200 GET /api/leaderboard/global?limit=100
260615 090020 INFO dfs.DataNode: 200 GET /api/leaderboard/global?limit=100
260615 090021 INFO dfs.DataNode: 200 GET /api/health
260615 090021 INFO dfs.DataNode: 200 GET /api/leaderboard/global?limit=100
260615 090021 INFO dfs.DataNode: 200 GET /api/leaderboard/global?limit=100
260615 090021 INFO dfs.DataNode: 404 GET /api/unknown
260615 090021 INFO dfs.DataNode: 200 GET /api/leaderboard/global?limit=100
260615 090021 INFO dfs.DataNode: 200 GET /api/categories
260615 090021 INFO dfs.DataNode: 200 GET /api/leaderboard/global?limit=100
260615 090022 INFO dfs.DataNode: 200 GET /api/leaderboard/global?limit=100
260615 090022 INFO dfs.DataNode: 200 GET /api/leaderboard/global?limit=100
260615 090022 INFO dfs.DataNode: 200 GET /api/leaderboard/global?limit=100
260615 090022 INFO dfs.DataNode: 200 GET /api/leaderboard/global?limit=100
260615 090022 INFO dfs.DataNode: 200 GET /api/leaderboard/global?limit=100
260615 090023 INFO dfs.DataNode: 200 GET /api/leaderboard/global?limit=100
260615 090023 INFO dfs.DataNode: 200 GET /api/leaderboard/global?limit=100
260615 090023 INFO dfs.DataNode: 200 GET /api/leaderboard/global?limit=100
260615 090023 INFO dfs.DataNode: 200 GET /api/leaderboard/global?limit=100
260615 090023 INFO dfs.DataNode: 200 GET /api/leaderboard/global?limit=100
260615 090023 INFO dfs.DataNode: 200 GET /api/leaderboard/global?limit=100
260615 090023 INFO dfs.DataNode: 200 GET /api/health
260615 090023 INFO dfs.DataNode: 200 GET /api/leaderboard/global?limit=100
260615 090024 INFO dfs.DataNode: 200 GET /api/leaderboard/global?limit=100
260615 090024 INFO dfs.DataNode: 404 GET /api/unknown
260615 090024 INFO dfs.DataNode: 200 GET /api/leaderboard/global?limit=100
260615 090024 INFO dfs.DataNode: 200 GET /api/leaderboard/global?limit=100
260615 090024 INFO dfs.DataNode: 200 GET /api/leaderboard/global?limit=100
260615 090024 INFO dfs.DataNode: 200 GET /api/categories
260615 090024 INFO dfs.DataNode: 200 GET /api/leaderboard/global?limit=100
260615 090025 INFO dfs.DataNode: 200 GET /api/health
260615 090025 INFO dfs.DataNode: 200 GET /api/categories
260615 090025 INFO dfs.DataNode: 200 GET /api/leaderboard/global?limit=100
260615 090025 INFO dfs.DataNode: 200 GET /api/leaderboard/global?limit=100
260615 090025 INFO dfs.DataNode: 200 GET /api/leaderboard/global?limit=100
260615 090025 INFO dfs.DataNode: 200 GET /api/leaderboard/global?limit=100
260615 090025 INFO dfs.DataNode: 200 GET /api/leaderboard/global?limit=100
260615 090025 INFO dfs.DataNode: 404 GET /api/unknown
260615 090025 INFO dfs.DataNode: 200 GET /api/categories
260615 090025 INFO dfs.DataNode: 200 GET /api/leaderboard/global?limit=100
260615 090025 INFO dfs.DataNode: 200 GET /api/leaderboard/global?limit=100
260615 090025 INFO dfs.DataNode: 200 GET /api/health
260615 090025 INFO dfs.DataNode: 200 GET /api/leaderboard/global?limit=100
260615 090025 INFO dfs.DataNode: 200 GET /api/leaderboard/global?limit=100
260615 090025 INFO dfs.DataNode: 200 GET /api/leaderboard/global?limit=100
260615 090025 INFO dfs.DataNode: 200 GET /api/leaderboard/global?limit=100
260615 090025 INFO dfs.DataNode: 200 GET /api/leaderboard/global?limit=100
260615 090025 INFO dfs.DataNode: 200 GET /api/leaderboard/global?limit=100
260615 090025 INFO dfs.DataNode: 200 GET /api/health
260615 090025 INFO dfs.DataNode: 200 GET /api/categories
260615 090025 INFO dfs.DataNode: 404 GET /api/unknown
260615 090026 INFO dfs.DataNode: 200 GET /api/leaderboard/global?limit=100
260615 090026 INFO dfs.DataNode: 200 GET /api/leaderboard/global?limit=100
260615 090026 INFO dfs.DataNode: 200 GET /api/categories
260615 090026 INFO dfs.DataNode: 200 GET /api/leaderboard/global?limit=100
260615 090027 INFO dfs.DataNode: 200 GET /api/categories
260615 090027 INFO dfs.DataNode: 200 GET /api/leaderboard/global?limit=100
260615 090027 INFO dfs.DataNode: 404 GET /api/unknown
260615 090027 INFO dfs.DataNode: 200 GET /api/leaderboard/global?limit=100
260615 090027 INFO dfs.DataNode: 200 GET /api/leaderboard/global?limit=100
260615 090028 INFO dfs.DataNode: 200 GET /api/leaderboard/global?limit=100
260615 090028 INFO dfs.DataNode: 200 GET /api/leaderboard/global?limit=100
260615 090028 INFO dfs.DataNode: 200 GET /api/leaderboard/global?limit=100
260615 090028 INFO dfs.DataNode: 200 GET /api/categories
260615 090028 INFO dfs.DataNode: 200 GET /api/leaderboard/global?limit=100
260615 090028 INFO dfs.DataNode: 200 GET /api/health
260615 090028 INFO dfs.DataNode: 200 GET /api/leaderboard/global?limit=100
260615 090028 INFO dfs.DataNode: 200 GET /api/leaderboard/global?limit=100
260615 090028 INFO dfs.DataNode: 200 GET /api/leaderboard/global?limit=100
260615 090028 INFO dfs.DataNode: 200 GET /api/leaderboard/global?limit=100
260615 090029 INFO dfs.DataNode: 200 GET /api/categories
260615 090029 INFO dfs.DataNode: 200 GET /api/leaderboard/global?limit=100
260615 090029 INFO dfs.DataNode: 200 GET /api/leaderboard/global?limit=100
260615 090029 INFO dfs.DataNode: 200 GET /api/leaderboard/global?limit=100
260615 090029 INFO dfs.DataNode: 200 GET /api/leaderboard/global?limit=100
260615 090029 INFO dfs.DataNode: 200 GET /api/categories
260615 090029 INFO dfs.DataNode: 200 GET /api/health
260615 090029 INFO dfs.DataNode: 200 GET /api/health
260615 090029 INFO dfs.DataNode: 200 GET /api/leaderboard/global?limit=100
260615 090030 INFO dfs.DataNode: 200 GET /api/leaderboard/global?limit=100
260615 090030 INFO dfs.DataNode: 200 GET /api/categories
260615 090030 INFO dfs.DataNode: 200 GET /api/health
260615 090030 INFO dfs.DataNode: 200 GET /api/leaderboard/global?limit=100
260615 090030 INFO dfs.DataNode: 200 GET /api/leaderboard/global?limit=100
260615 090030 INFO dfs.DataNode: 200 GET /api/leaderboard/global?limit=100
260615 090030 INFO dfs.DataNode: 200 GET /api/categories
260615 090030 INFO dfs.DataNode: 200 GET /api/leaderboard/global?limit=100
260615 090030 INFO dfs.DataNode: 404 GET /api/unknown
260615 090030 INFO dfs.DataNode: 200 GET /api/leaderboard/global?limit=100
260615 090030 INFO dfs.DataNode: 200 GET /api/leaderboard/global?limit=100
260615 090031 INFO dfs.DataNode: 200 GET /api/leaderboard/global?limit=100
260615 090031 INFO dfs.DataNode: 200 GET /api/leaderboard/global?limit=100
260615 090031 INFO dfs.DataNode: 200 GET /api/health
260615 090031 INFO dfs.DataNode: 200 GET /api/leaderboard/global?limit=100
260615 090031 INFO dfs.DataNode: 200 GET /api/leaderboard/global?limit=100
260615 090031 INFO dfs.DataNode: 404 GET /api/unknown
260615 090032 INFO dfs.DataNode: 200 GET /api/leaderboard/global?limit=100
260615 090032 INFO dfs.DataNode: 200 GET /api/leaderboard/global?limit=100
260615 090032 INFO dfs.DataNode: 200 GET /api/leaderboard/global?limit=100
260615 090032 INFO dfs.DataNode: 200 GET /api/leaderboard/global?limit=100
260615 090032 INFO dfs.DataNode: 404 GET /api/unknown
260615 090032 INFO dfs.DataNode: 200 GET /api/leaderboard/global?limit=100
260615 090032 INFO dfs.DataNode: 200 GET /api/leaderboard/global?limit=100
260615 090032 INFO dfs.DataNode: 200 GET /api/leaderboard/global?limit=100
260615 090033 INFO dfs.DataNode: 200 GET /api/leaderboard/global?limit=100
260615 090033 INFO dfs.DataNode: 200 GET /api/leaderboard/global?limit=100
260615 090033 INFO dfs.DataNode: 200 GET /api/leaderboard/global?limit=100
260615 090033 INFO dfs.DataNode: 200 GET /api/categories
260615 090033 INFO dfs.DataNode: 200 GET /api/health
260615 090034 INFO dfs.DataNode: 200 GET /api/leaderboard/global?limit=100
260615 090034 INFO dfs.DataNode: 200 GET /api/leaderboard/global?limit=100
260615 090034 INFO dfs.DataNode: 200 GET /api/leaderboard/global?limit=100
260615 090034 INFO dfs.DataNode: 200 GET /api/leaderboard/global?limit=100
260615 090035 INFO dfs.DataNode: 404 GET /api/unknown
260615 090035 INFO dfs.DataNode: 200 GET /api/leaderboard/global?limit=100
260615 090035 INFO dfs.DataNode: 200 GET /api/leaderboard/global?limit=100
260615 090035 INFO dfs.DataNode: 200 GET /api/leaderboard/global?limit=100
260615 090035 INFO dfs.DataNode: 200 GET /api/health
260615 090035 INFO dfs.DataNode: 200 GET /api/leaderboard/global?limit=100
260615 090035 INFO dfs.DataNode: 404 GET /api/unknown
260615 090036 INFO dfs.DataNode: 404 GET /api/unknown
260615 090036 INFO dfs.DataNode: 200 GET /api/leaderboard/global?limit=100
260615 090036 INFO dfs.DataNode: 404 GET /api/unknown
260615 090036 INFO dfs.DataNode: 200 GET /api/leaderboard/global?limit=100
260615 090036 INFO dfs.DataNode: 404 GET /api/unknown
260615 090036 INFO dfs.DataNode: 200 GET /api/leaderboard/global?limit=100
260615 090036 INFO dfs.DataNode: 200 GET /api/leaderboard/global?limit=100
260615 090036 INFO dfs.DataNode: 200 GET /api/leaderboard/global?limit=100
260615 090036 INFO dfs.DataNode: 200 GET /api/leaderboard/global?limit=100
260615 090036 INFO dfs.DataNode: 200 GET /api/leaderboard/global?limit=100
260615 090036 INFO dfs.DataNode: 200 GET /api/health
260615 090036 INFO dfs.DataNode: 200 GET /api/leaderboard/global?limit=100
260615 090036 INFO dfs.DataNode: 200 GET /api/leaderboard/global?limit=100
260615 090036 INFO dfs.DataNode: 200 GET /api/leaderboard/global?limit=100
260615 090036 INFO dfs.DataNode: 200 GET /api/leaderboard/global?limit=100
260615 090036 INFO dfs.DataNode: 200 GET /api/leaderboard/global?limit=100
260615 090037 INFO dfs.DataNode: 200 GET /api/health
260615 090037 INFO dfs.DataNode: 200 GET /api/leaderboard/global?limit=100
260615 090037 INFO dfs.DataNode: 200 GET /api/leaderboard/global?limit=100
260615 090037 INFO dfs.DataNode: 200 GET /api/leaderboard/global?limit=100
260615 090037 INFO dfs.DataNode: 200 GET /api/leaderboard/global?limit=100
260615 090038 INFO dfs.DataNode: 200 GET /api/leaderboard/global?limit=100
260615 090038 INFO dfs.DataNode: 200 GET /api/leaderboard/global?limit=100
260615 090038 INFO dfs.DataNode: 200 GET /api/leaderboard/global?limit=100
260615 090039 INFO dfs.DataNode: 200 GET /api/leaderboard/global?limit=100
260615 090039 INFO dfs.DataNode: 200 GET /api/leaderboard/global?limit=100
260615 090039 INFO dfs.DataNode: 200 GET /api/categories
260615 090040 INFO dfs.DataNode: 200 GET /api/categories
260615 090040 INFO dfs.DataNode: 200 GET /api/categories
260615 090040 INFO dfs.DataNode: 200 GET /api/leaderboard/global?limit=100
260615 090040 INFO dfs.DataNode: 200 GET /api/leaderboard/global?limit=100
260615 090040 INFO dfs.DataNode: 200 GET /api/categories
260615 090041 INFO dfs.DataNode: 200 GET /api/leaderboard/global?limit=100
260615 090041 INFO dfs.DataNode: 200 GET /api/leaderboard/global?limit=100
260615 090042 INFO dfs.DataNode: 200 GET /api/leaderboard/global?limit=100
260615 090042 INFO dfs.DataNode: 200 GET /api/leaderboard/global?limit=100
260615 090042 INFO dfs.DataNode: 200 GET /api/leaderboard/global?limit=100
260615 090043 INFO dfs.DataNode: 200 GET /api/leaderboard/global?limit=100
260615 090043 INFO dfs.DataNode: 404 GET /api/unknown
260615 090043 INFO dfs.DataNode: 200 GET /api/leaderboard/global?limit=100
260615 090044 INFO dfs.DataNode: 200 GET /api/leaderboard/global?limit=100
260615 090044 INFO dfs.DataNode: 200 GET /api/leaderboard/global?limit=100
260615 090044 INFO dfs.DataNode: 200 GET /api/leaderboard/global?limit=100
260615 090045 INFO dfs.DataNode: 200 GET /api/leaderboard/global?limit=100
260615 090045 INFO dfs.DataNode: 200 GET /api/leaderboard/global?limit=100
260615 090045 INFO dfs.DataNode: 200 GET /api/leaderboard/global?limit=100
260615 090045 INFO dfs.DataNode: 200 GET /api/leaderboard/global?limit=100
260615 090047 INFO dfs.DataNode: 200 GET /api/leaderboard/global?limit=100
260615 090047 INFO dfs.DataNode: 200 GET /api/leaderboard/global?limit=100
260615 090047 INFO dfs.DataNode: 200 GET /api/leaderboard/global?limit=100
260615 090047 INFO dfs.DataNode: 200 GET /api/leaderboard/global?limit=100
260615 090047 INFO dfs.DataNode: 200 GET /api/categories
260615 090048 INFO dfs.DataNode: 200 GET /api/categories
260615 090048 INFO dfs.DataNode: 200 GET /api/leaderboard/global?limit=100
260615 090049 INFO dfs.DataNode: 200 GET /api/leaderboard/global?limit=100
260615 090049 INFO dfs.DataNode: 200 GET /api/categories
260615 090049 INFO dfs.DataNode: 200 GET /api/leaderboard/global?limit=100
260615 090049 INFO dfs.DataNode: 200 GET /api/leaderboard/global?limit=100
260615 090049 INFO dfs.DataNode: 200 GET /api/health
260615 090050 INFO dfs.DataNode: 200 GET /api/leaderboard/global?limit=100
260615 090050 INFO dfs.DataNode: 200 GET /api/leaderboard/global?limit=100
260615 090051 INFO dfs.DataNode: 200 GET /api/categories
260615 090051 INFO dfs.DataNode: 200 GET /api/leaderboard/global?limit=100
260615 090051 INFO dfs.DataNode: 200 GET /api/leaderboard/global?limit=100
260615 090051 INFO dfs.DataNode: 200 GET /api/leaderboard/global?limit=100
260615 090051 INFO dfs.DataNode: 200 GET /api/leaderboard/global?limit=100
260615 090052 INFO dfs.DataNode: 200 GET /api/leaderboard/global?limit=100
260615 090052 INFO dfs.DataNode: 404 GET /api/unknown
260615 090052 INFO dfs.DataNode: 200 GET /api/leaderboard/global?limit=100
260615 090053 INFO dfs.DataNode: 404 GET /api/unknown
260615 090053 INFO dfs.DataNode: 200 GET /api/categories
260615 090053 INFO dfs.DataNode: 404 GET /api/unknown
260615 090053 INFO dfs.DataNode: 200 GET /api/leaderboard/global?limit=100
260615 090054 INFO dfs.DataNode: 200 GET /api/leaderboard/global?limit=100
260615 090054 INFO dfs.DataNode: 200 GET /api/leaderboard/global?limit=100
260615 090055 INFO dfs.DataNode: 200 GET /api/leaderboard/global?limit=100
260615 090055 INFO dfs.DataNode: 200 GET /api/leaderboard/global?limit=100
260615 090055 INFO dfs.DataNode: 200 GET /api/leaderboard/global?limit=100
260615 090056 INFO dfs.DataNode: 200 GET /api/leaderboard/global?limit=100
260615 090056 INFO dfs.DataNode: 404 GET /api/unknown
260615 090056 INFO dfs.DataNode: 200 GET /api/leaderboard/global?limit=100
260615 090056 INFO dfs.DataNode: 200 GET /api/leaderboard/global?limit=100
260615 090056 INFO dfs.DataNode: 200 GET /api/leaderboard/global?limit=100
260615 090056 INFO dfs.DataNode: 200 GET /api/leaderboard/global?limit=100
260615 090057 INFO dfs.DataNode: 200 GET /api/health
260615 090057 INFO dfs.DataNode: 200 GET /api/leaderboard/global?limit=100
260615 090057 INFO dfs.DataNode: 200 GET /api/leaderboard/global?limit=100
260615 090057 INFO dfs.DataNode: 404 GET /api/unknown
260615 090057 INFO dfs.DataNode: 200 GET /api/categories
260615 090057 INFO dfs.DataNode: 200 GET /api/leaderboard/global?limit=100
260615 090057 INFO dfs.DataNode: 404 GET /api/unknown
260615 090058 INFO dfs.DataNode: 404 GET /api/unknown
260615 090058 INFO dfs.DataNode: 200 GET /api/leaderboard/global?limit=100
260615 090058 INFO dfs.DataNode: 200 GET /api/health
260615 090058 INFO dfs.DataNode: 200 GET /api/categories
260615 090059 INFO dfs.DataNode: 200 GET /api/leaderboard/global?limit=100
260615 090059 INFO dfs.DataNode: 200 GET /api/leaderboard/global?limit=100
260615 090059 INFO dfs.DataNode: 200 GET /api/leaderboard/global?limit=100
260615 090059 INFO dfs.DataNode: 404 GET /api/unknown
260615 090059 INFO dfs.DataNode: 200 GET /api/leaderboard/global?limit=100
260615 090059 INFO dfs.DataNode: 200 GET /api/leaderboard/global?limit=100
260615 090100 INFO dfs.DataNode: 404 GET /api/unknown
260615 090100 INFO dfs.DataNode: 200 GET /api/categories
260615 090100 INFO dfs.DataNode: 200 GET /api/health
260615 090100 INFO dfs.DataNode: 200 GET /api/health
260615 090100 INFO dfs.DataNode: 404 GET /api/unknown
260615 090100 INFO dfs.DataNode: 200 GET /api/categories
260615 090101 INFO dfs.DataNode: 200 GET /api/leaderboard/global?limit=100
260615 090101 INFO dfs.DataNode: 200 GET /api/health
260615 090102 INFO dfs.DataNode: 200 GET /api/categories
260615 090102 INFO dfs.DataNode: 200 GET /api/leaderboard/global?limit=100
260615 090102 INFO dfs.DataNode: 200 GET /api/leaderboard/global?limit=100
260615 090102 INFO dfs.DataNode: 200 GET /api/leaderboard/global?limit=100
260615 090102 INFO dfs.DataNode: 200 GET /api/leaderboard/global?limit=100
260615 090102 INFO dfs.DataNode: 200 GET /api/leaderboard/global?limit=100
260615 090102 INFO dfs.DataNode: 200 GET /api/leaderboard/global?limit=100
260615 090102 INFO dfs.DataNode: 200 GET /api/leaderboard/global?limit=100
260615 090102 INFO dfs.DataNode: 200 GET /api/categories
260615 090103 INFO dfs.DataNode: 200 GET /api/leaderboard/global?limit=100
260615 090103 INFO dfs.DataNode: 200 GET /api/leaderboard/global?limit=100
260615 090103 INFO dfs.DataNode: 200 GET /api/leaderboard/global?limit=100
260615 090103 INFO dfs.DataNode: 200 GET /api/leaderboard/global?limit=100
260615 090103 INFO dfs.DataNode: 200 GET /api/leaderboard/global?limit=100
260615 090103 INFO dfs.DataNode: 200 GET /api/categories
260615 090103 INFO dfs.DataNode: 200 GET /api/leaderboard/global?limit=100
260615 090103 INFO dfs.DataNode: 404 GET /api/unknown
260615 090104 INFO dfs.DataNode: 404 GET /api/unknown
260615 090104 INFO dfs.DataNode: 200 GET /api/categories
260615 090104 INFO dfs.DataNode: 200 GET /api/leaderboard/global?limit=100
260615 090104 INFO dfs.DataNode: 200 GET /api/leaderboard/global?limit=100
260615 090104 INFO dfs.DataNode: 200 GET /api/leaderboard/global?limit=100
260615 090104 INFO dfs.DataNode: 200 GET /api/leaderboard/global?limit=100
260615 090104 INFO dfs.DataNode: 404 GET /api/unknown
260615 090104 INFO dfs.DataNode: 200 GET /api/leaderboard/global?limit=100
260615 090104 INFO dfs.DataNode: 404 GET /api/unknown
260615 090104 INFO dfs.DataNode: 200 GET /api/categories
260615 090104 INFO dfs.DataNode: 200 GET /api/leaderboard/global?limit=100
260615 090104 INFO dfs.DataNode: 200 GET /api/leaderboard/global?limit=100
260615 090104 INFO dfs.DataNode: 200 GET /api/leaderboard/global?limit=100
260615 090105 INFO dfs.DataNode: 200 GET /api/leaderboard/global?limit=100
260615 090105 INFO dfs.DataNode: 200 GET /api/leaderboard/global?limit=100
260615 090105 INFO dfs.DataNode: 200 GET /api/leaderboard/global?limit=100
260615 090105 INFO dfs.DataNode: 200 GET /api/leaderboard/global?limit=100
260615 090105 INFO dfs.DataNode: 200 GET /api/leaderboard/global?limit=100
260615 090106 INFO dfs.DataNode: 200 GET /api/leaderboard/global?limit=100
260615 090106 INFO dfs.DataNode: 200 GET /api/leaderboard/global?limit=100
260615 090106 INFO dfs.DataNode: 404 GET /api/unknown
260615 090106 INFO dfs.DataNode: 200 GET /api/leaderboard/global?limit=100
260615 090106 INFO dfs.DataNode: 200 GET /api/leaderboard/global?limit=100
260615 090106 INFO dfs.DataNode: 200 GET /api/health
260615 090106 INFO dfs.DataNode: 404 GET /api/unknown
260615 090107 INFO dfs.DataNode: 200 GET /api/health
260615 090107 INFO dfs.DataNode: 200 GET /api/categories
260615 090107 INFO dfs.DataNode: 200 GET /api/leaderboard/global?limit=100
260615 090107 INFO dfs.DataNode: 200 GET /api/leaderboard/global?limit=100
260615 090107 INFO dfs.DataNode: 200 GET /api/health
260615 090107 INFO dfs.DataNode: 200 GET /api/leaderboard/global?limit=100
260615 090107 INFO dfs.DataNode: 200 GET /api/leaderboard/global?limit=100
260615 090107 INFO dfs.DataNode: 200 GET /api/leaderboard/global?limit=100
260615 090108 INFO dfs.DataNode: 200 GET /api/leaderboard/global?limit=100
260615 090108 INFO dfs.DataNode: 200 GET /api/leaderboard/global?limit=100
260615 090108 INFO dfs.DataNode: 200 GET /api/categories
260615 090108 INFO dfs.DataNode: 200 GET /api/leaderboard/global?limit=100
260615 090108 INFO dfs.DataNode: 200 GET /api/leaderboard/global?limit=100
260615 090108 INFO dfs.DataNode: 404 GET /api/unknown
260615 090108 INFO dfs.DataNode: 200 GET /api/leaderboard/global?limit=100
260615 090108 INFO dfs.DataNode: 404 GET /api/unknown
260615 090108 INFO dfs.DataNode: 200 GET /api/leaderboard/global?limit=100
260615 090108 INFO dfs.DataNode: 200 GET /api/leaderboard/global?limit=100
260615 090109 INFO dfs.DataNode: 200 GET /api/categories
260615 090109 INFO dfs.DataNode: 200 GET /api/leaderboard/global?limit=100
260615 090109 INFO dfs.DataNode: 200 GET /api/leaderboard/global?limit=100
260615 090109 INFO dfs.DataNode: 200 GET /api/leaderboard/global?limit=100
260615 090109 INFO dfs.DataNode: 200 GET /api/leaderboard/global?limit=100
260615 090109 INFO dfs.DataNode: 200 GET /api/leaderboard/global?limit=100
260615 090109 INFO dfs.DataNode: 200 GET /api/leaderboard/global?limit=100
260615 090109 INFO dfs.DataNode: 200 GET /api/leaderboard/global?limit=100
260615 090109 INFO dfs.DataNode: 200 GET /api/leaderboard/global?limit=100
260615 090109 INFO dfs.DataNode: 200 GET /api/health
260615 090109 INFO dfs.DataNode: 200 GET /api/leaderboard/global?limit=100
260615 090109 INFO dfs.DataNode: 200 GET /api/leaderboard/global?limit=100
260615 090109 INFO dfs.DataNode: 404 GET /api/unknown
260615 090110 INFO dfs.DataNode: 200 GET /api/leaderboard/global?limit=100
260615 090110 INFO dfs.DataNode: 200 GET /api/leaderboard/global?limit=100
260615 090110 INFO dfs.DataNode: 200 GET /api/leaderboard/global?limit=100
260615 090110 INFO dfs.DataNode: 200 GET /api/leaderboard/global?limit=100
260615 090110 INFO dfs.DataNode: 200 GET /api/leaderboard/global?limit=100
260615 090110 INFO dfs.DataNode: 404 GET /api/unknown
260615 090110 INFO dfs.DataNode: 200 GET /api/leaderboard/global?limit=100
260615 090110 INFO dfs.DataNode: 200 GET /api/leaderboard/global?limit=100
260615 090110 INFO dfs.DataNode: 404 GET /api/unknown
260615 090110 INFO dfs.DataNode: 200 GET /api/leaderboard/global?limit=100
260615 090111 INFO dfs.DataNode: 200 GET /api/categories
260615 090111 INFO dfs.DataNode: 200 GET /api/health
260615 090111 INFO dfs.DataNode: 200 GET /api/leaderboard/global?limit=100
260615 090111 INFO dfs.DataNode: 200 GET /api/leaderboard/global?limit=100
260615 090111 INFO dfs.DataNode: 200 GET /api/health
260615 090111 INFO dfs.DataNode: 200 GET /api/categories
260615 090111 INFO dfs.DataNode: 200 GET /api/leaderboard/global?limit=100
260615 090111 INFO dfs.DataNode: 200 GET /api/leaderboard/global?limit=100
260615 090111 INFO dfs.DataNode: 200 GET /api/health
260615 090111 INFO dfs.DataNode: 200 GET /api/leaderboard/global?limit=100
260615 090111 INFO dfs.DataNode: 200 GET /api/leaderboard/global?limit=100
260615 090111 INFO dfs.DataNode: 404 GET /api/unknown
260615 090112 INFO dfs.DataNode: 404 GET /api/unknown
260615 090112 INFO dfs.DataNode: 200 GET /api/categories
260615 090112 INFO dfs.DataNode: 200 GET /api/leaderboard/global?limit=100
260615 090112 INFO dfs.DataNode: 200 GET /api/leaderboard/global?limit=100
260615 090112 INFO dfs.DataNode: 200 GET /api/leaderboard/global?limit=100
260615 090112 INFO dfs.DataNode: 200 GET /api/categories
260615 090112 INFO dfs.DataNode: 200 GET /api/health
260615 090112 INFO dfs.DataNode: 200 GET /api/health
260615 090112 INFO dfs.DataNode: 200 GET /api/leaderboard/global?limit=100
260615 090112 INFO dfs.DataNode: 200 GET /api/leaderboard/global?limit=100
260615 090112 INFO dfs.DataNode: 200 GET /api/leaderboard/global?limit=100
260615 090112 INFO dfs.DataNode: 200 GET /api/categories
260615 090112 INFO dfs.DataNode: 200 GET /api/leaderboard/global?limit=100
260615 090112 INFO dfs.DataNode: 404 GET /api/unknown
260615 090113 INFO dfs.DataNode: 200 GET /api/leaderboard/global?limit=100
260615 090113 INFO dfs.DataNode: 200 GET /api/leaderboard/global?limit=100
260615 090113 INFO dfs.DataNode: 200 GET /api/categories
260615 090113 INFO dfs.DataNode: 200 GET /api/leaderboard/global?limit=100
260615 090113 INFO dfs.DataNode: 404 GET /api/unknown
260615 090113 INFO dfs.DataNode: 200 GET /api/leaderboard/global?limit=100
260615 090113 INFO dfs.DataNode: 200 GET /api/leaderboard/global?limit=100
260615 090113 INFO dfs.DataNode: 200 GET /api/leaderboard/global?limit=100
260615 090113 INFO dfs.DataNode: 200 GET /api/leaderboard/global?limit=100
260615 090113 INFO dfs.DataNode: 200 GET /api/leaderboard/global?limit=100
260615 090113 INFO dfs.DataNode: 200 GET /api/categories
260615 090114 INFO dfs.DataNode: 200 GET /api/leaderboard/global?limit=100
260615 090114 INFO dfs.DataNode: 200 GET /api/leaderboard/global?limit=100
260615 090114 INFO dfs.DataNode: 200 GET /api/leaderboard/global?limit=100
260615 090114 INFO dfs.DataNode: 200 GET /api/leaderboard/global?limit=100
260615 090114 INFO dfs.DataNode: 404 GET /api/unknown
260615 090114 INFO dfs.DataNode: 200 GET /api/leaderboard/global?limit=100
260615 090114 INFO dfs.DataNode: 200 GET /api/leaderboard/global?limit=100
260615 090114 INFO dfs.DataNode: 200 GET /api/leaderboard/global?limit=100
260615 090114 INFO dfs.DataNode: 200 GET /api/leaderboard/global?limit=100
260615 090114 INFO dfs.DataNode: 200 GET /api/categories
260615 090114 INFO dfs.DataNode: 200 GET /api/categories
260615 090114 INFO dfs.DataNode: 200 GET /api/leaderboard/global?limit=100
260615 090114 INFO dfs.DataNode: 200 GET /api/leaderboard/global?limit=100
260615 090114 INFO dfs.DataNode: 200 GET /api/leaderboard/global?limit=100
260615 090114 INFO dfs.DataNode: 200 GET /api/categories
260615 090114 INFO dfs.DataNode: 200 GET /api/leaderboard/global?limit=100
260615 090114 INFO dfs.DataNode: 200 GET /api/leaderboard/global?limit=100
260615 090114 INFO dfs.DataNode: 200 GET /api/leaderboard/global?limit=100
260615 090114 INFO dfs.DataNode: 200 GET /api/health
260615 090114 INFO dfs.DataNode: 200 GET /api/leaderboard/global?limit=100
260615 090114 INFO dfs.DataNode: 200 GET /api/health
260615 090114 INFO dfs.DataNode: 200 GET /api/leaderboard/global?limit=100
260615 090114 INFO dfs.DataNode: 200 GET /api/leaderboard/global?limit=100
260615 090114 INFO dfs.DataNode: 200 GET /api/health
260615 090114 INFO dfs.DataNode: 200 GET /api/leaderboard/global?limit=100
260615 090114 INFO dfs.DataNode: 200 GET /api/leaderboard/global?limit=100
260615 090114 INFO dfs.DataNode: 200 GET /api/leaderboard/global?limit=100
260615 090114 INFO dfs.DataNode: 200 GET /api/categories
260615 090114 INFO dfs.DataNode: 200 GET /api/leaderboard/global?limit=100
260615 090114 INFO dfs.DataNode: 200 GET /api/leaderboard/global?limit=100
260615 090114 INFO dfs.DataNode: 200 GET /api/leaderboard/global?limit=100
260615 090114 INFO dfs.DataNode: 200 GET /api/categories
260615 090114 INFO dfs.DataNode: 200 GET /api/health
260615 090114 INFO dfs.DataNode: 200 GET /api/leaderboard/global?limit=100
260615 090114 INFO dfs.DataNode: 200 GET /api/leaderboard/global?limit=100
260615 090114 INFO dfs.DataNode: 200 GET /api/leaderboard/global?limit=100
260615 090114 INFO dfs.DataNode: 200 GET /api/leaderboard/global?limit=100
260615 090114 INFO dfs.DataNode: 200 GET /api/health
260615 090114 INFO dfs.DataNode: 404 GET /api/unknown
260615 090114 INFO dfs.DataNode: 200 GET /api/leaderboard/global?limit=100
260615 090114 INFO dfs.DataNode: 200 GET /api/categories
260615 090115 INFO dfs.DataNode: 200 GET /api/leaderboard/global?limit=100
260615 090115 INFO dfs.DataNode: 200 GET /api/leaderboard/global?limit=100
260615 090115 INFO dfs.DataNode: 200 GET /api/leaderboard/global?limit=100
260615 090115 INFO dfs.DataNode: 404 GET /api/unknown
260615 090115 INFO dfs.DataNode: 200 GET /api/leaderboard/global?limit=100
260615 090115 INFO dfs.DataNode: 200 GET /api/leaderboard/global?limit=100
260615 090115 INFO dfs.DataNode: 200 GET /api/leaderboard/global?limit=100
260615 090115 INFO dfs.DataNode: 200 GET /api/categories
260615 090115 INFO dfs.DataNode: 200 GET /api/leaderboard/global?limit=100
260615 090115 INFO dfs.DataNode: 200 GET /api/leaderboard/global?limit=100
260615 090115 INFO dfs.DataNode: 404 GET /api/unknown
260615 090115 INFO dfs.DataNode: 200 GET /api/leaderboard/global?limit=100
260615 090115 INFO dfs.DataNode: 200 GET /api/leaderboard/global?limit=100
260615 090115 INFO dfs.DataNode: 200 GET /api/categories
260615 090116 INFO dfs.DataNode: 200 GET /api/leaderboard/global?limit=100
260615 090116 INFO dfs.DataNode: 200 GET /api/leaderboard/global?limit=100
260615 090116 INFO dfs.DataNode: 200 GET /api/leaderboard/global?limit=100
260615 090117 INFO dfs.DataNode: 200 GET /api/leaderboard/global?limit=100
260615 090117 INFO dfs.DataNode: 200 GET /api/leaderboard/global?limit=100
260615 090117 INFO dfs.DataNode: 200 GET /api/leaderboard/global?limit=100
260615 090117 INFO dfs.DataNode: 200 GET /api/leaderboard/global?limit=100
260615 090117 INFO dfs.DataNode: 200 GET /api/leaderboard/global?limit=100
260615 090117 INFO dfs.DataNode: 200 GET /api/leaderboard/global?limit=100
260615 090117 INFO dfs.DataNode: 404 GET /api/unknown
260615 090117 INFO dfs.DataNode: 200 GET /api/leaderboard/global?limit=100
260615 090117 INFO dfs.DataNode: 200 GET /api/categories
260615 090117 INFO dfs.DataNode: 200 GET /api/leaderboard/global?limit=100
260615 090117 INFO dfs.DataNode: 200 GET /api/health
260615 090117 INFO dfs.DataNode: 200 GET /api/leaderboard/global?limit=100
260615 090117 INFO dfs.DataNode: 200 GET /api/leaderboard/global?limit=100
260615 090117 INFO dfs.DataNode: 200 GET /api/leaderboard/global?limit=100
260615 090117 INFO dfs.DataNode: 404 GET /api/unknown
260615 090117 INFO dfs.DataNode: 200 GET /api/health
260615 090118 INFO dfs.DataNode: 200 GET /api/leaderboard/global?limit=100
260615 090118 INFO dfs.DataNode: 404 GET /api/unknown
260615 090118 INFO dfs.DataNode: 200 GET /api/leaderboard/global?limit=100
260615 090118 INFO dfs.DataNode: 200 GET /api/leaderboard/global?limit=100
260615 090118 INFO dfs.DataNode: 404 GET /api/unknown
260615 090118 INFO dfs.DataNode: 200 GET /api/leaderboard/global?limit=100
260615 090118 INFO dfs.DataNode: 200 GET /api/leaderboard/global?limit=100
260615 090118 INFO dfs.DataNode: 200 GET /api/leaderboard/global?limit=100
260615 090118 INFO dfs.DataNode: 200 GET /api/leaderboard/global?limit=100
260615 090119 INFO dfs.DataNode: 200 GET /api/leaderboard/global?limit=100
260615 090119 INFO dfs.DataNode: 200 GET /api/leaderboard/global?limit=100
260615 090119 INFO dfs.DataNode: 200 GET /api/categories
260615 090119 INFO dfs.DataNode: 404 GET /api/unknown
260615 090119 INFO dfs.DataNode: 200 GET /api/leaderboard/global?limit=100
260615 090119 INFO dfs.DataNode: 200 GET /api/leaderboard/global?limit=100
260615 090119 INFO dfs.DataNode: 200 GET /api/leaderboard/global?limit=100
260615 090120 INFO dfs.DataNode: 200 GET /api/leaderboard/global?limit=100
260615 090120 INFO dfs.DataNode: 404 GET /api/unknown
260615 090120 INFO dfs.DataNode: 404 GET /api/unknown
260615 090120 INFO dfs.DataNode: 200 GET /api/leaderboard/global?limit=100
260615 090120 INFO dfs.DataNode: 200 GET /api/leaderboard/global?limit=100
260615 090120 INFO dfs.DataNode: 200 GET /api/leaderboard/global?limit=100
260615 090120 INFO dfs.DataNode: 200 GET /api/leaderboard/global?limit=100
260615 090120 INFO dfs.DataNode: 200 GET /api/leaderboard/global?limit=100
260615 090120 INFO dfs.DataNode: 200 GET /api/leaderboard/global?limit=100
260615 090120 INFO dfs.DataNode: 200 GET /api/leaderboard/global?limit=100
260615 090121 INFO dfs.DataNode: 200 GET /api/leaderboard/global?limit=100
260615 090121 INFO dfs.DataNode: 200 GET /api/leaderboard/global?limit=100
260615 090121 INFO dfs.DataNode: 200 GET /api/leaderboard/global?limit=100
260615 090121 INFO dfs.DataNode: 200 GET /api/categories
260615 090121 INFO dfs.DataNode: 200 GET /api/leaderboard/global?limit=100
260615 090121 INFO dfs.DataNode: 200 GET /api/leaderboard/global?limit=100
260615 090122 INFO dfs.DataNode: 200 GET /api/leaderboard/global?limit=100
260615 090122 INFO dfs.DataNode: 200 GET /api/health
260615 090122 INFO dfs.DataNode: 404 GET /api/unknown
260615 090122 INFO dfs.DataNode: 200 GET /api/leaderboard/global?limit=100
260615 090122 INFO dfs.DataNode: 200 GET /api/leaderboard/global?limit=100
260615 090123 INFO dfs.DataNode: 200 GET /api/leaderboard/global?limit=100
260615 090123 INFO dfs.DataNode: 200 GET /api/leaderboard/global?limit=100
260615 090123 INFO dfs.DataNode: 200 GET /api/categories
260615 090123 INFO dfs.DataNode: 404 GET /api/unknown
260615 090123 INFO dfs.DataNode: 200 GET /api/leaderboard/global?limit=100
260615 090123 INFO dfs.DataNode: 200 GET /api/leaderboard/global?limit=100
260615 090123 INFO dfs.DataNode: 200 GET /api/leaderboard/global?limit=100
260615 090123 INFO dfs.DataNode: 200 GET /api/leaderboard/global?limit=100
260615 090123 INFO dfs.DataNode: 200 GET /api/leaderboard/global?limit=100
260615 090123 INFO dfs.DataNode: 200 GET /api/leaderboard/global?limit=100
260615 090123 INFO dfs.DataNode: 200 GET /api/leaderboard/global?limit=100
260615 090124 INFO dfs.DataNode: 200 GET /api/leaderboard/global?limit=100
260615 090124 INFO dfs.DataNode: 200 GET /api/leaderboard/global?limit=100
260615 090124 INFO dfs.DataNode: 200 GET /api/leaderboard/global?limit=100
260615 090124 INFO dfs.DataNode: 200 GET /api/health
260615 090125 INFO dfs.DataNode: 200 GET /api/leaderboard/global?limit=100
260615 090125 INFO dfs.DataNode: 200 GET /api/health
260615 090125 INFO dfs.DataNode: 200 GET /api/leaderboard/global?limit=100
260615 090125 INFO dfs.DataNode: 200 GET /api/leaderboard/global?limit=100
260615 090125 INFO dfs.DataNode: 200 GET /api/leaderboard/global?limit=100
260615 090125 INFO dfs.DataNode: 200 GET /api/leaderboard/global?limit=100
260615 090125 INFO dfs.DataNode: 200 GET /api/leaderboard/global?limit=100
260615 090125 INFO dfs.DataNode: 200 GET /api/leaderboard/global?limit=100
260615 090125 INFO dfs.DataNode: 200 GET /api/leaderboard/global?limit=100
260615 090126 INFO dfs.DataNode: 200 GET /api/leaderboard/global?limit=100
260615 090126 INFO dfs.DataNode: 404 GET /api/unknown
260615 090126 INFO dfs.DataNode: 200 GET /api/leaderboard/global?limit=100
260615 090126 INFO dfs.DataNode: 200 GET /api/leaderboard/global?limit=100
260615 090126 INFO dfs.DataNode: 200 GET /api/leaderboard/global?limit=100
260615 090126 INFO dfs.DataNode: 200 GET /api/leaderboard/global?limit=100
260615 090127 INFO dfs.DataNode: 200 GET /api/leaderboard/global?limit=100
260615 090128 INFO dfs.DataNode: 200 GET /api/leaderboard/global?limit=100
260615 090128 INFO dfs.DataNode: 200 GET /api/leaderboard/global?limit=100
260615 090128 INFO dfs.DataNode: 200 GET /api/leaderboard/global?limit=100
260615 090129 INFO dfs.DataNode: 404 GET /api/unknown
260615 090129 INFO dfs.DataNode: 200 GET /api/leaderboard/global?limit=100
260615 090129 INFO dfs.DataNode: 404 GET /api/unknown
260615 090129 INFO dfs.DataNode: 200 GET /api/leaderboard/global?limit=100
260615 090129 INFO dfs.DataNode: 404 GET /api/unknown
260615 090129 INFO dfs.DataNode: 200 GET /api/health
260615 090129 INFO dfs.DataNode: 200 GET /api/leaderboard/global?limit=100
260615 090129 INFO dfs.DataNode: 200 GET /api/health
260615 090129 INFO dfs.DataNode: 200 GET /api/leaderboard/global?limit=100
260615 090129 INFO dfs.DataNode: 200 GET /api/leaderboard/global?limit=100
260615 090129 INFO dfs.DataNode: 200 GET /api/categories
260615 090129 INFO dfs.DataNode: 200 GET /api/leaderboard/global?limit=100
260615 090129 INFO dfs.DataNode: 200 GET /api/leaderboard/global?limit=100
260615 090129 INFO dfs.DataNode: 200 GET /api/health
260615 090129 INFO dfs.DataNode: 200 GET /api/leaderboard/global?limit=100
260615 090130 INFO dfs.DataNode: 200 GET /api/health
260615 090130 INFO dfs.DataNode: 200 GET /api/health
260615 090130 INFO dfs.DataNode: 200 GET /api/health
260615 090130 INFO dfs.DataNode: 200 GET /api/leaderboard/global?limit=100
260615 090130 INFO dfs.DataNode: 404 GET /api/unknown
260615 090131 INFO dfs.DataNode: 200 GET /api/leaderboard/global?limit=100
260615 090131 INFO dfs.DataNode: 200 GET /api/leaderboard/global?limit=100
260615 090131 INFO dfs.DataNode: 200 GET /api/categories
260615 090131 INFO dfs.DataNode: 200 GET /api/leaderboard/global?limit=100
260615 090131 INFO dfs.DataNode: 200 GET /api/leaderboard/global?limit=100
260615 090131 INFO dfs.DataNode: 404 GET /api/unknown
260615 090132 INFO dfs.DataNode: 200 GET /api/leaderboard/global?limit=100
260615 090132 INFO dfs.DataNode: 200 GET /api/categories
260615 090132 INFO dfs.DataNode: 404 GET /api/unknown
260615 090132 INFO dfs.DataNode: 200 GET /api/leaderboard/global?limit=100
260615 090132 INFO dfs.DataNode: 200 GET /api/leaderboard/global?limit=100
260615 090133 INFO dfs.DataNode: 200 GET /api/leaderboard/global?limit=100
260615 090133 INFO dfs.DataNode: 200 GET /api/categories
260615 090133 INFO dfs.DataNode: 200 GET /api/categories
260615 090133 INFO dfs.DataNode: 200 GET /api/leaderboard/global?limit=100
260615 090133 INFO dfs.DataNode: 200 GET /api/leaderboard/global?limit=100
260615 090133 INFO dfs.DataNode: 404 GET /api/unknown
260615 090133 INFO dfs.DataNode: 200 GET /api/health
260615 090133 INFO dfs.DataNode: 200 GET /api/leaderboard/global?limit=100
260615 090133 INFO dfs.DataNode: 200 GET /api/leaderboard/global?limit=100
260615 090134 INFO dfs.DataNode: 200 GET /api/health
260615 090135 INFO dfs.DataNode: 200 GET /api/leaderboard/global?limit=100
260615 090135 INFO dfs.DataNode: 200 GET /api/health
260615 090135 INFO dfs.DataNode: 200 GET /api/leaderboard/global?limit=100
260615 090135 INFO dfs.DataNode: 200 GET /api/leaderboard/global?limit=100
260615 090135 INFO dfs.DataNode: 200 GET /api/leaderboard/global?limit=100
260615 090136 INFO dfs.DataNode: 200 GET /api/leaderboard/global?limit=100
260615 090136 INFO dfs.DataNode: 200 GET /api/leaderboard/global?limit=100
260615 090136 INFO dfs.DataNode: 200 GET /api/leaderboard/global?limit=100
260615 090136 INFO dfs.DataNode: 200 GET /api/leaderboard/global?limit=100
260615 090136 INFO dfs.DataNode: 200 GET /api/leaderboard/global?limit=100
260615 090136 INFO dfs.DataNode: 200 GET /api/leaderboard/global?limit=100
260615 090137 INFO dfs.DataNode: 200 GET /api/health
260615 090137 INFO dfs.DataNode: 404 GET /api/unknown
260615 090137 INFO dfs.DataNode: 200 GET /api/leaderboard/global?limit=100
260615 090137 INFO dfs.DataNode: 200 GET /api/health
260615 090138 INFO dfs.DataNode: 200 GET /api/categories
260615 090138 INFO dfs.DataNode: 200 GET /api/categories
260615 090139 INFO dfs.DataNode: 200 GET /api/leaderboard/global?limit=100
260615 090139 INFO dfs.DataNode: 200 GET /api/leaderboard/global?limit=100
260615 090139 INFO dfs.DataNode: 200 GET /api/leaderboard/global?limit=100
260615 090139 INFO dfs.DataNode: 200 GET /api/leaderboard/global?limit=100
260615 090140 INFO dfs.DataNode: 200 GET /api/health
260615 090140 INFO dfs.DataNode: 200 GET /api/leaderboard/global?limit=100
260615 090140 INFO dfs.DataNode: 200 GET /api/leaderboard/global?limit=100
260615 090140 INFO dfs.DataNode: 200 GET /api/categories
260615 090140 INFO dfs.DataNode: 200 GET /api/leaderboard/global?limit=100
260615 090141 INFO dfs.DataNode: 200 GET /api/health
260615 090141 INFO dfs.DataNode: 200 GET /api/leaderboard/global?limit=100
260615 090141 INFO dfs.DataNode: 200 GET /api/leaderboard/global?limit=100
260615 090141 INFO dfs.DataNode: 200 GET /api/leaderboard/global?limit=100
260615 090142 INFO dfs.DataNode: 200 GET /api/leaderboard/global?limit=100
260615 090142 INFO dfs.DataNode: 200 GET /api/leaderboard/global?limit=100
260615 090142 INFO dfs.DataNode: 200 GET /api/leaderboard/global?limit=100
260615 090142 INFO dfs.DataNode: 200 GET /api/leaderboard/global?limit=100
260615 090142 INFO dfs.DataNode: 200 GET /api/leaderboard/global?limit=100
260615 090143 INFO dfs.DataNode: 200 GET /api/leaderboard/global?limit=100
260615 090143 INFO dfs.DataNode: 200 GET /api/leaderboard/global?limit=100
260615 090143 INFO dfs.DataNode: 404 GET /api/unknown
260615 090144 INFO dfs.DataNode: 404 GET /api/unknown
260615 090144 INFO dfs.DataNode: 200 GET /api/categories
260615 090144 INFO dfs.DataNode: 404 GET /api/unknown
260615 090145 INFO dfs.DataNode: 200 GET /api/categories
260615 090145 INFO dfs.DataNode: 200 GET /api/leaderboard/global?limit=100
260615 090145 INFO dfs.DataNode: 404 GET /api/unknown
260615 090145 INFO dfs.DataNode: 200 GET /api/leaderboard/global?limit=100
260615 090145 INFO dfs.DataNode: 200 GET /api/leaderboard/global?limit=100
260615 090146 INFO dfs.DataNode: 200 GET /api/leaderboard/global?limit=100
260615 090146 INFO dfs.DataNode: 200 GET /api/categories
260615 090147 INFO dfs.DataNode: 200 GET /api/leaderboard/global?limit=100
260615 090147 INFO dfs.DataNode: 200 GET /api/leaderboard/global?limit=100
260615 090147 INFO dfs.DataNode: 404 GET /api/unknown
260615 090147 INFO dfs.DataNode: 200 GET /api/leaderboard/global?limit=100
260615 090148 INFO dfs.DataNode: 200 GET /api/leaderboard/global?limit=100
260615 090148 INFO dfs.DataNode: 200 GET /api/leaderboard/global?limit=100
260615 090148 INFO dfs.DataNode: 200 GET /api/leaderboard/global?limit=100
260615 090149 INFO dfs.DataNode: 200 GET /api/leaderboard/global?limit=100
260615 090149 INFO dfs.DataNode: 200 GET /api/health
260615 090149 INFO dfs.DataNode: 200 GET /api/categories
260615 090149 INFO dfs.DataNode: 200 GET /api/leaderboard/global?limit=100
260615 090150 INFO dfs.DataNode: 200 GET /api/leaderboard/global?limit=100
260615 090150 INFO dfs.DataNode: 404 GET /api/unknown
260615 090151 INFO dfs.DataNode: 200 GET /api/leaderboard/global?limit=100
260615 090151 INFO dfs.DataNode: 200 GET /api/leaderboard/global?limit=100
260615 090152 INFO dfs.DataNode: 200 GET /api/categories
260615 090152 INFO dfs.DataNode: 200 GET /api/leaderboard/global?limit=100
260615 090152 INFO dfs.DataNode: 200 GET /api/categories
260615 090152 INFO dfs.DataNode: 200 GET /api/health
260615 090152 INFO dfs.DataNode: 404 GET /api/unknown
260615 090152 INFO dfs.DataNode: 200 GET /api/leaderboard/global?limit=100
260615 090152 INFO dfs.DataNode: 200 GET /api/health
260615 090152 INFO dfs.DataNode: 200 GET /api/leaderboard/global?limit=100
260615 090152 INFO dfs.DataNode: 200 GET /api/leaderboard/global?limit=100
260615 090152 INFO dfs.DataNode: 200 GET /api/health
260615 090152 INFO dfs.DataNode: 200 GET /api/categories
260615 090152 INFO dfs.DataNode: 200 GET /api/leaderboard/global?limit=100
260615 090152 INFO dfs.DataNode: 200 GET /api/categories
260615 090152 INFO dfs.DataNode: 200 GET /api/leaderboard/global?limit=100
260615 090152 INFO dfs.DataNode: 200 GET /api/leaderboard/global?limit=100
260615 090152 INFO dfs.DataNode: 200 GET /api/leaderboard/global?limit=100
260615 090152 INFO dfs.DataNode: 200 GET /api/leaderboard/global?limit=100
260615 090153 INFO dfs.DataNode: 200 GET /api/health
260615 090153 INFO dfs.DataNode: 200 GET /api/leaderboard/global?limit=100
260615 090153 INFO dfs.DataNode: 200 GET /api/leaderboard/global?limit=100
260615 090153 INFO dfs.DataNode: 200 GET /api/leaderboard/global?limit=100
260615 090154 INFO dfs.DataNode: 200 GET /api/leaderboard/global?limit=100
260615 090154 INFO dfs.DataNode: 200 GET /api/health
260615 090154 INFO dfs.DataNode: 200 GET /api/leaderboard/global?limit=100
260615 090154 INFO dfs.DataNode: 404 GET /api/unknown
260615 090154 INFO dfs.DataNode: 200 GET /api/leaderboard/global?limit=100
260615 090154 INFO dfs.DataNode: 200 GET /api/leaderboard/global?limit=100
260615 090155 INFO dfs.DataNode: 404 GET /api/unknown
260615 090155 INFO dfs.DataNode: 404 GET /api/unknown
260615 090155 INFO dfs.DataNode: 200 GET /api/categories
260615 090155 INFO dfs.DataNode: 200 GET /api/leaderboard/global?limit=100
260615 090155 INFO dfs.DataNode: 200 GET /api/leaderboard/global?limit=100
260615 090156 INFO dfs.DataNode: 200 GET /api/leaderboard/global?limit=100
260615 090156 INFO dfs.DataNode: 200 GET /api/leaderboard/global?limit=100
260615 090156 INFO dfs.DataNode: 200 GET /api/health
260615 090156 INFO dfs.DataNode: 200 GET /api/leaderboard/global?limit=100
260615 090157 INFO dfs.DataNode: 200 GET /api/leaderboard/global?limit=100
260615 090157 INFO dfs.DataNode: 200 GET /api/leaderboard/global?limit=100
260615 090158 INFO dfs.DataNode: 200 GET /api/leaderboard/global?limit=100
260615 090158 INFO dfs.DataNode: 200 GET /api/leaderboard/global?limit=100
260615 090158 INFO dfs.DataNode: 200 GET /api/leaderboard/global?limit=100
260615 090158 INFO dfs.DataNode: 200 GET /api/leaderboard/global?limit=100
260615 090158 INFO dfs.DataNode: 404 GET /api/unknown
260615 090159 INFO dfs.DataNode: 200 GET /api/leaderboard/global?limit=100
260615 090159 INFO dfs.DataNode: 200 GET /api/leaderboard/global?limit=100
260615 090159 INFO dfs.DataNode: 200 GET /api/leaderboard/global?limit=100
260615 090159 INFO dfs.DataNode: 200 GET /api/leaderboard/global?limit=100
260615 090159 INFO dfs.DataNode: 200 GET /api/leaderboard/global?limit=100
